Archive member included to satisfy reference by file (symbol)

c:/users/hunte/onedrive/desktop/programs/nios2eds/bin/gnu/h-x86_64-mingw32/bin/../lib/gcc/nios2-elf/5.3.0/mno-hw-mul\libgcc.a(lib2-divmod.o)
                              obj/default/main.o (__divsi3)
c:/users/hunte/onedrive/desktop/programs/nios2eds/bin/gnu/h-x86_64-mingw32/bin/../lib/gcc/nios2-elf/5.3.0/mno-hw-mul\libgcc.a(lib2-mul.o)
                              obj/default/text_mode_vga_color.o (__mulsi3)
c:/users/hunte/onedrive/desktop/programs/nios2eds/bin/gnu/h-x86_64-mingw32/bin/../lib/gcc/nios2-elf/5.3.0/../../../../../H-x86_64-mingw32/nios2-elf/lib/mno-hw-mul\libc.a(lib_a-printf.o)
                              obj/default/main.o (printf)
c:/users/hunte/onedrive/desktop/programs/nios2eds/bin/gnu/h-x86_64-mingw32/bin/../lib/gcc/nios2-elf/5.3.0/../../../../../H-x86_64-mingw32/nios2-elf/lib/mno-hw-mul\libc.a(lib_a-putchar.o)
                              obj/default/main.o (putchar)
c:/users/hunte/onedrive/desktop/programs/nios2eds/bin/gnu/h-x86_64-mingw32/bin/../lib/gcc/nios2-elf/5.3.0/../../../../../H-x86_64-mingw32/nios2-elf/lib/mno-hw-mul\libc.a(lib_a-puts.o)
                              obj/default/main.o (puts)
c:/users/hunte/onedrive/desktop/programs/nios2eds/bin/gnu/h-x86_64-mingw32/bin/../lib/gcc/nios2-elf/5.3.0/../../../../../H-x86_64-mingw32/nios2-elf/lib/mno-hw-mul\libc.a(lib_a-rand.o)
                              obj/default/text_mode_vga_color.o (rand)
c:/users/hunte/onedrive/desktop/programs/nios2eds/bin/gnu/h-x86_64-mingw32/bin/../lib/gcc/nios2-elf/5.3.0/../../../../../H-x86_64-mingw32/nios2-elf/lib/mno-hw-mul\libc.a(lib_a-sprintf.o)
                              obj/default/text_mode_vga_color.o (sprintf)
c:/users/hunte/onedrive/desktop/programs/nios2eds/bin/gnu/h-x86_64-mingw32/bin/../lib/gcc/nios2-elf/5.3.0/../../../../../H-x86_64-mingw32/nios2-elf/lib/mno-hw-mul\libc.a(lib_a-strlen.o)
                              obj/default/text_mode_vga_color.o (strlen)
c:/users/hunte/onedrive/desktop/programs/nios2eds/bin/gnu/h-x86_64-mingw32/bin/../lib/gcc/nios2-elf/5.3.0/../../../../../H-x86_64-mingw32/nios2-elf/lib/mno-hw-mul\libc.a(lib_a-svfprintf.o)
                              c:/users/hunte/onedrive/desktop/programs/nios2eds/bin/gnu/h-x86_64-mingw32/bin/../lib/gcc/nios2-elf/5.3.0/../../../../../H-x86_64-mingw32/nios2-elf/lib/mno-hw-mul\libc.a(lib_a-sprintf.o) (___svfprintf_internal_r)
c:/users/hunte/onedrive/desktop/programs/nios2eds/bin/gnu/h-x86_64-mingw32/bin/../lib/gcc/nios2-elf/5.3.0/../../../../../H-x86_64-mingw32/nios2-elf/lib/mno-hw-mul\libc.a(lib_a-vfprintf.o)
                              c:/users/hunte/onedrive/desktop/programs/nios2eds/bin/gnu/h-x86_64-mingw32/bin/../lib/gcc/nios2-elf/5.3.0/../../../../../H-x86_64-mingw32/nios2-elf/lib/mno-hw-mul\libc.a(lib_a-printf.o) (___vfprintf_internal_r)
c:/users/hunte/onedrive/desktop/programs/nios2eds/bin/gnu/h-x86_64-mingw32/bin/../lib/gcc/nios2-elf/5.3.0/../../../../../H-x86_64-mingw32/nios2-elf/lib/mno-hw-mul\libc.a(lib_a-wsetup.o)
                              c:/users/hunte/onedrive/desktop/programs/nios2eds/bin/gnu/h-x86_64-mingw32/bin/../lib/gcc/nios2-elf/5.3.0/../../../../../H-x86_64-mingw32/nios2-elf/lib/mno-hw-mul\libc.a(lib_a-vfprintf.o) (__swsetup_r)
c:/users/hunte/onedrive/desktop/programs/nios2eds/bin/gnu/h-x86_64-mingw32/bin/../lib/gcc/nios2-elf/5.3.0/../../../../../H-x86_64-mingw32/nios2-elf/lib/mno-hw-mul\libc.a(lib_a-dtoa.o)
                              c:/users/hunte/onedrive/desktop/programs/nios2eds/bin/gnu/h-x86_64-mingw32/bin/../lib/gcc/nios2-elf/5.3.0/../../../../../H-x86_64-mingw32/nios2-elf/lib/mno-hw-mul\libc.a(lib_a-svfprintf.o) (_dtoa_r)
c:/users/hunte/onedrive/desktop/programs/nios2eds/bin/gnu/h-x86_64-mingw32/bin/../lib/gcc/nios2-elf/5.3.0/../../../../../H-x86_64-mingw32/nios2-elf/lib/mno-hw-mul\libc.a(lib_a-fflush.o)
                              c:/users/hunte/onedrive/desktop/programs/nios2eds/bin/gnu/h-x86_64-mingw32/bin/../lib/gcc/nios2-elf/5.3.0/../../../../../H-x86_64-mingw32/nios2-elf/lib/mno-hw-mul\libc.a(lib_a-vfprintf.o) (_fflush_r)
c:/users/hunte/onedrive/desktop/programs/nios2eds/bin/gnu/h-x86_64-mingw32/bin/../lib/gcc/nios2-elf/5.3.0/../../../../../H-x86_64-mingw32/nios2-elf/lib/mno-hw-mul\libc.a(lib_a-findfp.o)
                              c:/users/hunte/onedrive/desktop/programs/nios2eds/bin/gnu/h-x86_64-mingw32/bin/../lib/gcc/nios2-elf/5.3.0/../../../../../H-x86_64-mingw32/nios2-elf/lib/mno-hw-mul\libc.a(lib_a-puts.o) (__sinit)
c:/users/hunte/onedrive/desktop/programs/nios2eds/bin/gnu/h-x86_64-mingw32/bin/../lib/gcc/nios2-elf/5.3.0/../../../../../H-x86_64-mingw32/nios2-elf/lib/mno-hw-mul\libc.a(lib_a-freer.o)
                              c:/users/hunte/onedrive/desktop/programs/nios2eds/bin/gnu/h-x86_64-mingw32/bin/../lib/gcc/nios2-elf/5.3.0/../../../../../H-x86_64-mingw32/nios2-elf/lib/mno-hw-mul\libc.a(lib_a-wsetup.o) (_free_r)
[...]
Memory Configuration

Name             Origin             Length             Attributes
onchip_memory2_0 0x0000000000000000 0x0000000000000010
reset            0x0000000008000000 0x0000000000000020
sdram            0x0000000008000020 0x0000000003ffffe0
*default*        0x0000000000000000 0xffffffffffffffff

Linker script and memory map

LOAD ../lab7_bsp//obj/HAL/src/crt0.o
LOAD obj/default/main.o
LOAD obj/default/palette_test.o
LOAD obj/default/text_mode_vga_color.o
LOAD obj/default/usb_kb/HID.o
LOAD obj/default/usb_kb/MAX3421E.o
LOAD obj/default/usb_kb/transfer.o
LOAD c:/users/hunte/onedrive/desktop/programs/nios2eds/bin/gnu/h-x86_64-mingw32/bin/../lib/gcc/nios2-elf/5.3.0/../../../../../H-x86_64-mingw32/nios2-elf/lib/mno-hw-mul\libstdc++.a
LOAD c:/users/hunte/onedrive/desktop/programs/nios2eds/bin/gnu/h-x86_64-mingw32/bin/../lib/gcc/nios2-elf/5.3.0/../../../../../H-x86_64-mingw32/nios2-elf/lib/mno-hw-mul\libm.a
LOAD c:/users/hunte/onedrive/desktop/programs/nios2eds/bin/gnu/h-x86_64-mingw32/bin/../lib/gcc/nios2-elf/5.3.0/mno-hw-mul\libgcc.a
START GROUP
LOAD c:/users/hunte/onedrive/desktop/programs/nios2eds/bin/gnu/h-x86_64-mingw32/bin/../lib/gcc/nios2-elf/5.3.0/../../../../../H-x86_64-mingw32/nios2-elf/lib/mno-hw-mul\libc.a
LOAD c:/users/hunte/onedrive/desktop/programs/nios2eds/bin/gnu/h-x86_64-mingw32/bin/../lib/gcc/nios2-elf/5.3.0/mno-hw-mul\libgcc.a
LOAD ../lab7_bsp/\libhal_bsp.a
LOAD c:/users/hunte/onedrive/desktop/programs/nios2eds/bin/gnu/h-x86_64-mingw32/bin/../lib/gcc/nios2-elf/5.3.0/../../../../../H-x86_64-mingw32/nios2-elf/lib/mno-hw-mul\libm.a
END GROUP
LOAD c:/users/hunte/onedrive/desktop/programs/nios2eds/bin/gnu/h-x86_64-mingw32/bin/../lib/gcc/nios2-elf/5.3.0/mno-hw-mul\libgcc.a
                0x0000000000000000                __alt_mem_onchip_memory2_0 = 0x0
                0x0000000008000000                __alt_mem_sdram = 0x8000000

.entry          0x0000000008000000       0x20
 *(.entry)
 .entry         0x0000000008000000       0x20 ../lab7_bsp//obj/HAL/src/crt0.o
                0x0000000008000000                __reset

.exceptions     0x0000000008000020      0x210
                0x0000000008000020                PROVIDE (__ram_exceptions_start, ABSOLUTE (.))
                0x0000000008000020                . = ALIGN (0x20)
 *(.irq)
 *(.exceptions.entry.label)
 .exceptions.entry.label
                0x0000000008000020        0x0 ../lab7_bsp/\libhal_bsp.a(alt_irq_entry.o)
                0x0000000008000020                alt_irq_entry
 .exceptions.entry.label
                0x0000000008000020        0x0 ../lab7_bsp/\libhal_bsp.a(alt_exception_entry.o)
                0x0000000008000020                alt_exception
 *(.exceptions.entry.user)
 *(.exceptions.entry.ecc_fatal)
 *(.exceptions.entry)
 .exceptions.entry
                0x0000000008000020       0x54 ../lab7_bsp/\libhal_bsp.a(alt_exception_entry.o)
 *(.exceptions.irqtest.user)
 *(.exceptions.irqtest)
 .exceptions.irqtest
                0x0000000008000074       0x10 ../lab7_bsp/\libhal_bsp.a(alt_irq_entry.o)
 *(.exceptions.irqhandler.user)
 *(.exceptions.irqhandler)
 .exceptions.irqhandler
                0x0000000008000084        0x4 ../lab7_bsp/\libhal_bsp.a(alt_irq_entry.o)
 *(.exceptions.irqreturn.user)
 *(.exceptions.irqreturn)
 .exceptions.irqreturn
                0x0000000008000088        0x4 ../lab7_bsp/\libhal_bsp.a(alt_irq_entry.o)
 *(.exceptions.notirq.label)
 .exceptions.notirq.label
                0x000000000800008c        0x0 ../lab7_bsp/\libhal_bsp.a(alt_irq_entry.o)
 *(.exceptions.notirq.user)
 *(.exceptions.notirq)
 .exceptions.notirq
                0x000000000800008c        0x8 ../lab7_bsp/\libhal_bsp.a(alt_exception_entry.o)
 *(.exceptions.soft.user)
 *(.exceptions.soft)
 *(.exceptions.unknown.user)
 *(.exceptions.unknown)
 .exceptions.unknown
                0x0000000008000094       0x14 ../lab7_bsp/\libhal_bsp.a(alt_exception_entry.o)
 *(.exceptions.exit.label)
 .exceptions.exit.label
                0x00000000080000a8        0x0 ../lab7_bsp/\libhal_bsp.a(alt_irq_entry.o)
 .exceptions.exit.label
                0x00000000080000a8        0x0 ../lab7_bsp/\libhal_bsp.a(alt_exception_entry.o)
 *(.exceptions.exit.user)
 *(.exceptions.exit)
 .exceptions.exit
                0x00000000080000a8       0x54 ../lab7_bsp/\libhal_bsp.a(alt_exception_entry.o)
 *(.exceptions)
 .exceptions    0x00000000080000fc       0xd4 ../lab7_bsp/\libhal_bsp.a(alt_irq_handler.o)
                0x00000000080000fc                alt_irq_handler
 .exceptions    0x00000000080001d0       0x60 ../lab7_bsp/\libhal_bsp.a(alt_instruction_exception_entry.o)
                0x00000000080001d0                alt_instruction_exception_entry
                0x0000000008000230                PROVIDE (__ram_exceptions_end, ABSOLUTE (.))
                0x0000000008000020                PROVIDE (__flash_exceptions_start, LOADADDR (.exceptions))

.text           0x0000000008000230    0x1642c
                [!provide]                        PROVIDE (stext, ABSOLUTE (.))
 *(.interp)
 *(.hash)
 *(.dynsym)
 *(.dynstr)
 *(.gnu.version)
 *(.gnu.version_d)
 *(.gnu.version_r)
 *(.rel.init)
 *(.rela.init)
 *(.rel.text .rel.text.* .rel.gnu.linkonce.t.*)
 *(.rela.text .rela.text.* .rela.gnu.linkonce.t.*)
 *(.rel.fini)
 *(.rela.fini)
 *(.rel.rodata .rel.rodata.* .rel.gnu.linkonce.r.*)
 *(.rela.rodata .rela.rodata.* .rela.gnu.linkonce.r.*)
 *(.rel.data .rel.data.* .rel.gnu.linkonce.d.*)
 *(.rela.data .rela.data.* .rela.gnu.linkonce.d.*)
 *(.rel.tdata .rel.tdata.* .rel.gnu.linkonce.td.*)
 *(.rela.tdata .rela.tdata.* .rela.gnu.linkonce.td.*)
 *(.rel.tbss .rel.tbss.* .rel.gnu.linkonce.tb.*)
 *(.rela.tbss .rela.tbss.* .rela.gnu.linkonce.tb.*)
 *(.rel.ctors)
 *(.rela.ctors)
 *(.rel.dtors)
 *(.rela.dtors)
 *(.rel.got)
 *(.rela.got)
 *(.rel.sdata .rel.sdata.* .rel.gnu.linkonce.s.*)
 *(.rela.sdata .rela.sdata.* .rela.gnu.linkonce.s.*)
 *(.rel.sbss .rel.sbss.* .rel.gnu.linkonce.sb.*)
 *(.rela.sbss .rela.sbss.* .rela.gnu.linkonce.sb.*)
 *(.rel.sdata2 .rel.sdata2.* .rel.gnu.linkonce.s2.*)
 *(.rela.sdata2 .rela.sdata2.* .rela.gnu.linkonce.s2.*)
 *(.rel.sbss2 .rel.sbss2.* .rel.gnu.linkonce.sb2.*)
 *(.rela.sbss2 .rela.sbss2.* .rela.gnu.linkonce.sb2.*)
 *(.rel.bss .rel.bss.* .rel.gnu.linkonce.b.*)
 *(.rela.bss .rela.bss.* .rela.gnu.linkonce.b.*)
 *(.rel.plt)
 *(.rela.plt)
 *(.rel.dyn)
 *(.init)
 *(.plt)
 *(.text .stub .text.* .gnu.linkonce.t.*)
 .text          0x0000000008000230       0x3c ../lab7_bsp//obj/HAL/src/crt0.o
                0x0000000008000230                _start
 .text          0x000000000800026c      0x86c obj/default/main.o
                0x000000000800026c                GetDriverandReport
                0x000000000800045c                setLED
                0x00000000080004a0                clearLED
                0x00000000080004e8                printSignedHex0
                0x0000000008000600                printSignedHex1
                0x0000000008000738                setKeycode
                0x000000000800076c                main
 .text          0x0000000008000ad8       0x4c obj/default/palette_test.o
                0x0000000008000ad8                paletteTest
 .text          0x0000000008000b24      0x4dc obj/default/text_mode_vga_color.o
                0x0000000008000b24                textVGAColorClr
                0x0000000008000b74                textVGADrawColorText
                0x0000000008000c84                setColorPalette
                0x0000000008000d94                textVGAColorScreenSaver
 .text          0x0000000008001000      0x9d0 obj/default/usb_kb/HID.o
                0x0000000008001000                HIDMProbe
                0x0000000008001408                HIDKProbe
                0x0000000008001810                HID_init
                0x0000000008001850                mousePoll
                0x00000000080018d8                kbdPoll
                0x0000000008001960                HIDMEventHandler
                0x0000000008001998                HIDKEventHandler
 .text          0x00000000080019d0      0x78c obj/default/usb_kb/MAX3421E.o
                0x00000000080019d0                SPI_init
                0x0000000008001a04                SPI_wr
                0x0000000008001a2c                MAXreg_wr
                0x0000000008001ab4                MAXbytes_wr
                0x0000000008001c1c                MAXreg_rd
                0x0000000008001c90                MAXbytes_rd
                0x0000000008001d18                MAX3421E_reset
                0x0000000008001db8                Vbus_power
                0x0000000008001ddc                MAX_busprobe
                0x0000000008001f64                MAX3421E_init
                0x0000000008001ff8                MAX3421E_Task
                0x000000000800205c                MaxIntHandler
                0x0000000008002128                MaxGpxHandler
 .text          0x000000000800215c      0xe98 obj/default/usb_kb/transfer.o
                0x000000000800215c                XferCtrlReq
                0x00000000080022a8                XferCtrlData
                0x0000000008002390                XferCtrlND
                0x0000000008002404                XferDispatchPkt
                0x0000000008002580                XferInTransfer
                0x0000000008002710                USB_init
                0x00000000080027a8                USB_Task
                0x0000000008002dec                MSDProbe
                0x0000000008002e18                MSDEventHandler
                0x0000000008002e50                CDCProbe
                0x0000000008002e7c                CDCEventHandler
                0x0000000008002eb4                DummyProbe
                0x0000000008002ee0                DummyEventHandler
                0x0000000008002f18                GetUsbTaskState
                0x0000000008002f38                GetDevtable
                0x0000000008002f70                ConvUTF8ToStr
 .text          0x0000000008002ff4      0x1b4 c:/users/hunte/onedrive/desktop/programs/nios2eds/bin/gnu/h-x86_64-mingw32/bin/../lib/gcc/nios2-elf/5.3.0/mno-hw-mul\libgcc.a(lib2-divmod.o)
                0x0000000008002ff4                __divsi3
                0x0000000008003078                __modsi3
                0x00000000080030ec                __udivsi3
                0x0000000008003150                __umodsi3
 .text          0x00000000080031a8       0x28 c:/users/hunte/onedrive/desktop/programs/nios2eds/bin/gnu/h-x86_64-mingw32/bin/../lib/gcc/nios2-elf/5.3.0/mno-hw-mul\libgcc.a(lib2-mul.o)
                0x00000000080031a8                __mulsi3
 .text          0x00000000080031d0        0x0 c:/users/hunte/onedrive/desktop/programs/nios2eds/bin/gnu/h-x86_64-mingw32/bin/../lib/gcc/nios2-elf/5.3.0/../../../../../H-x86_64-mingw32/nios2-elf/lib/mno-hw-mul\libc.a(lib_a-printf.o)
 .text._printf_r
                0x00000000080031d0       0x30 c:/users/hunte/onedrive/desktop/programs/nios2eds/bin/gnu/h-x86_64-mingw32/bin/../lib/gcc/nios2-elf/5.3.0/../../../../../H-x86_64-mingw32/nios2-elf/lib/mno-hw-mul\libc.a(lib_a-printf.o)
                0x00000000080031d0                _printf_r
 .text.printf   0x0000000008003200       0x3c c:/users/hunte/onedrive/desktop/programs/nios2eds/bin/gnu/h-x86_64-mingw32/bin/../lib/gcc/nios2-elf/5.3.0/../../../../../H-x86_64-mingw32/nios2-elf/lib/mno-hw-mul\libc.a(lib_a-printf.o)
                0x0000000008003200                printf
 .text          0x000000000800323c        0x0 c:/users/hunte/onedrive/desktop/programs/nios2eds/bin/gnu/h-x86_64-mingw32/bin/../lib/gcc/nios2-elf/5.3.0/../../../../../H-x86_64-mingw32/nios2-elf/lib/mno-hw-mul\libc.a(lib_a-putchar.o)
 .text._putchar_r
                0x000000000800323c        0x8 c:/users/hunte/onedrive/desktop/programs/nios2eds/bin/gnu/h-x86_64-mingw32/bin/../lib/gcc/nios2-elf/5.3.0/../../../../../H-x86_64-mingw32/nios2-elf/lib/mno-hw-mul\libc.a(lib_a-putchar.o)
                0x000000000800323c                _putchar_r
 .text.putchar  0x0000000008003244       0x18 c:/users/hunte/onedrive/desktop/programs/nios2eds/bin/gnu/h-x86_64-mingw32/bin/../lib/gcc/nios2-elf/5.3.0/../../../../../H-x86_64-mingw32/nios2-elf/lib/mno-hw-mul\libc.a(lib_a-putchar.o)
                0x0000000008003244                putchar
 .text          0x000000000800325c        0x0 c:/users/hunte/onedrive/desktop/programs/nios2eds/bin/gnu/h-x86_64-mingw32/bin/../lib/gcc/nios2-elf/5.3.0/../../../../../H-x86_64-mingw32/nios2-elf/lib/mno-hw-mul\libc.a(lib_a-puts.o)
 .text._puts_r  0x000000000800325c       0xc0 c:/users/hunte/onedrive/desktop/programs/nios2eds/bin/gnu/h-x86_64-mingw32/bin/../lib/gcc/nios2-elf/5.3.0/../../../../../H-x86_64-mingw32/nios2-elf/lib/mno-hw-mul\libc.a(lib_a-puts.o)
                0x000000000800325c                _puts_r
 .text.puts     0x000000000800331c       0x14 c:/users/hunte/onedrive/desktop/programs/nios2eds/bin/gnu/h-x86_64-mingw32/bin/../lib/gcc/nios2-elf/5.3.0/../../../../../H-x86_64-mingw32/nios2-elf/lib/mno-hw-mul\libc.a(lib_a-puts.o)
                0x000000000800331c                puts
 .text          0x0000000008003330        0x0 c:/users/hunte/onedrive/desktop/programs/nios2eds/bin/gnu/h-x86_64-mingw32/bin/../lib/gcc/nios2-elf/5.3.0/../../../../../H-x86_64-mingw32/nios2-elf/lib/mno-hw-mul\libc.a(lib_a-rand.o)
 .text.srand    0x0000000008003330       0x18 c:/users/hunte/onedrive/desktop/programs/nios2eds/bin/gnu/h-x86_64-mingw32/bin/../lib/gcc/nios2-elf/5.3.0/../../../../../H-x86_64-mingw32/nios2-elf/lib/mno-hw-mul\libc.a(lib_a-rand.o)
                0x0000000008003330                srand
 .text.rand     0x0000000008003348       0x64 c:/users/hunte/onedrive/desktop/programs/nios2eds/bin/gnu/h-x86_64-mingw32/bin/../lib/gcc/nios2-elf/5.3.0/../../../../../H-x86_64-mingw32/nios2-elf/lib/mno-hw-mul\libc.a(lib_a-rand.o)
                0x0000000008003348                rand
 .text          0x00000000080033ac        0x0 c:/users/hunte/onedrive/desktop/programs/nios2eds/bin/gnu/h-x86_64-mingw32/bin/../lib/gcc/nios2-elf/5.3.0/../../../../../H-x86_64-mingw32/nios2-elf/lib/mno-hw-mul\libc.a(lib_a-sprintf.o)
 .text._sprintf_r
                0x00000000080033ac       0x58 c:/users/hunte/onedrive/desktop/programs/nios2eds/bin/gnu/h-x86_64-mingw32/bin/../lib/gcc/nios2-elf/5.3.0/../../../../../H-x86_64-mingw32/nios2-elf/lib/mno-hw-mul\libc.a(lib_a-sprintf.o)
                0x00000000080033ac                _sprintf_r
 .text.sprintf  0x0000000008003404       0x6c c:/users/hunte/onedrive/desktop/programs/nios2eds/bin/gnu/h-x86_64-mingw32/bin/../lib/gcc/nios2-elf/5.3.0/../../../../../H-x86_64-mingw32/nios2-elf/lib/mno-hw-mul\libc.a(lib_a-sprintf.o)
                0x0000000008003404                sprintf
 .text          0x0000000008003470        0x0 c:/users/hunte/onedrive/desktop/programs/nios2eds/bin/gnu/h-x86_64-mingw32/bin/../lib/gcc/nios2-elf/5.3.0/../../../../../H-x86_64-mingw32/nios2-elf/lib/mno-hw-mul\libc.a(lib_a-strlen.o)
 .text.strlen   0x0000000008003470       0x98 c:/users/hunte/onedrive/desktop/programs/nios2eds/bin/gnu/h-x86_64-mingw32/bin/../lib/gcc/nios2-elf/5.3.0/../../../../../H-x86_64-mingw32/nios2-elf/lib/mno-hw-mul\libc.a(lib_a-strlen.o)
                0x0000000008003470                strlen
 .text          0x0000000008003508        0x0 c:/users/hunte/onedrive/desktop/programs/nios2eds/bin/gnu/h-x86_64-mingw32/bin/../lib/gcc/nios2-elf/5.3.0/../../../../../H-x86_64-mingw32/nios2-elf/lib/mno-hw-mul\libc.a(lib_a-svfprintf.o)
 .text.___svfprintf_internal_r
                0x0000000008003508     0x22bc c:/users/hunte/onedrive/desktop/programs/nios2eds/bin/gnu/h-x86_64-mingw32/bin/../lib/gcc/nios2-elf/5.3.0/../../../../../H-x86_64-mingw32/nios2-elf/lib/mno-hw-mul\libc.a(lib_a-svfprintf.o)
                0x0000000008003508                ___svfprintf_internal_r
 .text          0x00000000080057c4        0x0 c:/users/hunte/onedrive/desktop/programs/nios2eds/bin/gnu/h-x86_64-mingw32/bin/../lib/gcc/nios2-elf/5.3.0/../../../../../H-x86_64-mingw32/nios2-elf/lib/mno-hw-mul\libc.a(lib_a-vfprintf.o)
 .text.___vfprintf_internal_r
                0x00000000080057c4     0x22dc c:/users/hunte/onedrive/desktop/programs/nios2eds/bin/gnu/h-x86_64-mingw32/bin/../lib/gcc/nios2-elf/5.3.0/../../../../../H-x86_64-mingw32/nios2-elf/lib/mno-hw-mul\libc.a(lib_a-vfprintf.o)
                0x00000000080057c4                ___vfprintf_internal_r
 .text.__vfprintf_internal
                0x0000000008007aa0       0x1c c:/users/hunte/onedrive/desktop/programs/nios2eds/bin/gnu/h-x86_64-mingw32/bin/../lib/gcc/nios2-elf/5.3.0/../../../../../H-x86_64-mingw32/nios2-elf/lib/mno-hw-mul\libc.a(lib_a-vfprintf.o)
                0x0000000008007aa0                __vfprintf_internal
 .text.__sbprintf
                0x0000000008007abc       0xbc c:/users/hunte/onedrive/desktop/programs/nios2eds/bin/gnu/h-x86_64-mingw32/bin/../lib/gcc/nios2-elf/5.3.0/../../../../../H-x86_64-mingw32/nios2-elf/lib/mno-hw-mul\libc.a(lib_a-vfprintf.o)
 .text          0x0000000008007b78        0x0 c:/users/hunte/onedrive/desktop/programs/nios2eds/bin/gnu/h-x86_64-mingw32/bin/../lib/gcc/nios2-elf/5.3.0/../../../../../H-x86_64-mingw32/nios2-elf/lib/mno-hw-mul\libc.a(lib_a-wsetup.o)
 .text.__swsetup_r
                0x0000000008007b78      0x154 c:/users/hunte/onedrive/desktop/programs/nios2eds/bin/gnu/h-x86_64-mingw32/bin/../lib/gcc/nios2-elf/5.3.0/../../../../../H-x86_64-mingw32/nios2-elf/lib/mno-hw-mul\libc.a(lib_a-wsetup.o)
                0x0000000008007b78                __swsetup_r
 .text          0x0000000008007ccc        0x0 c:/users/hunte/onedrive/desktop/programs/nios2eds/bin/gnu/h-x86_64-mingw32/bin/../lib/gcc/nios2-elf/5.3.0/../../../../../H-x86_64-mingw32/nios2-elf/lib/mno-hw-mul\libc.a(lib_a-dtoa.o)
 .text.quorem   0x0000000008007ccc      0x228 c:/users/hunte/onedrive/desktop/programs/nios2eds/bin/gnu/h-x86_64-mingw32/bin/../lib/gcc/nios2-elf/5.3.0/../../../../../H-x86_64-mingw32/nios2-elf/lib/mno-hw-mul\libc.a(lib_a-dtoa.o)
 .text._dtoa_r  0x0000000008007ef4     0x1688 c:/users/hunte/onedrive/desktop/programs/nios2eds/bin/gnu/h-x86_64-mingw32/bin/../lib/gcc/nios2-elf/5.3.0/../../../../../H-x86_64-mingw32/nios2-elf/lib/mno-hw-mul\libc.a(lib_a-dtoa.o)
                0x0000000008007ef4                _dtoa_r
 .text          0x000000000800957c        0x0 c:/users/hunte/onedrive/desktop/programs/nios2eds/bin/gnu/h-x86_64-mingw32/bin/../lib/gcc/nios2-elf/5.3.0/../../../../../H-x86_64-mingw32/nios2-elf/lib/mno-hw-mul\libc.a(lib_a-fflush.o)
 .text.__sflush_r
                0x000000000800957c      0x21c c:/users/hunte/onedrive/desktop/programs/nios2eds/bin/gnu/h-x86_64-mingw32/bin/../lib/gcc/nios2-elf/5.3.0/../../../../../H-x86_64-mingw32/nios2-elf/lib/mno-hw-mul\libc.a(lib_a-fflush.o)
                0x000000000800957c                __sflush_r
 .text._fflush_r
                0x0000000008009798       0x5c c:/users/hunte/onedrive/desktop/programs/nios2eds/bin/gnu/h-x86_64-mingw32/bin/../lib/gcc/nios2-elf/5.3.0/../../../../../H-x86_64-mingw32/nios2-elf/lib/mno-hw-mul\libc.a(lib_a-fflush.o)
                0x0000000008009798                _fflush_r
 .text.fflush   0x00000000080097f4       0x30 c:/users/hunte/onedrive/desktop/programs/nios2eds/bin/gnu/h-x86_64-mingw32/bin/../lib/gcc/nios2-elf/5.3.0/../../../../../H-x86_64-mingw32/nios2-elf/lib/mno-hw-mul\libc.a(lib_a-fflush.o)
                0x00000000080097f4                fflush
 .text          0x0000000008009824        0x0 c:/users/hunte/onedrive/desktop/programs/nios2eds/bin/gnu/h-x86_64-mingw32/bin/../lib/gcc/nios2-elf/5.3.0/../../../../../H-x86_64-mingw32/nios2-elf/lib/mno-hw-mul\libc.a(lib_a-findfp.o)
 .text.__fp_unlock
                0x0000000008009824        0x8 c:/users/hunte/onedrive/desktop/programs/nios2eds/bin/gnu/h-x86_64-mingw32/bin/../lib/gcc/nios2-elf/5.3.0/../../../../../H-x86_64-mingw32/nios2-elf/lib/mno-hw-mul\libc.a(lib_a-findfp.o)
 .text._cleanup_r
                0x000000000800982c        0xc c:/users/hunte/onedrive/desktop/programs/nios2eds/bin/gnu/h-x86_64-mingw32/bin/../lib/gcc/nios2-elf/5.3.0/../../../../../H-x86_64-mingw32/nios2-elf/lib/mno-hw-mul\libc.a(lib_a-findfp.o)
                0x000000000800982c                _cleanup_r
 .text.__sinit.part.1
                0x0000000008009838      0x19c c:/users/hunte/onedrive/desktop/programs/nios2eds/bin/gnu/h-x86_64-mingw32/bin/../lib/gcc/nios2-elf/5.3.0/../../../../../H-x86_64-mingw32/nios2-elf/lib/mno-hw-mul\libc.a(lib_a-findfp.o)
 .text.__fp_lock
                0x00000000080099d4        0x8 c:/users/hunte/onedrive/desktop/programs/nios2eds/bin/gnu/h-x86_64-mingw32/bin/../lib/gcc/nios2-elf/5.3.0/../../../../../H-x86_64-mingw32/nios2-elf/lib/mno-hw-mul\libc.a(lib_a-findfp.o)
 .text.__sfmoreglue
                0x00000000080099dc       0x78 c:/users/hunte/onedrive/desktop/programs/nios2eds/bin/gnu/h-x86_64-mingw32/bin/../lib/gcc/nios2-elf/5.3.0/../../../../../H-x86_64-mingw32/nios2-elf/lib/mno-hw-mul\libc.a(lib_a-findfp.o)
                0x00000000080099dc                __sfmoreglue
 .text.__sfp    0x0000000008009a54      0x118 c:/users/hunte/onedrive/desktop/programs/nios2eds/bin/gnu/h-x86_64-mingw32/bin/../lib/gcc/nios2-elf/5.3.0/../../../../../H-x86_64-mingw32/nios2-elf/lib/mno-hw-mul\libc.a(lib_a-findfp.o)
                0x0000000008009a54                __sfp
 .text._cleanup
                0x0000000008009b6c       0x18 c:/users/hunte/onedrive/desktop/programs/nios2eds/bin/gnu/h-x86_64-mingw32/bin/../lib/gcc/nios2-elf/5.3.0/../../../../../H-x86_64-mingw32/nios2-elf/lib/mno-hw-mul\libc.a(lib_a-findfp.o)
                0x0000000008009b6c                _cleanup
 .text.__sinit  0x0000000008009b84       0x10 c:/users/hunte/onedrive/desktop/programs/nios2eds/bin/gnu/h-x86_64-mingw32/bin/../lib/gcc/nios2-elf/5.3.0/../../../../../H-x86_64-mingw32/nios2-elf/lib/mno-hw-mul\libc.a(lib_a-findfp.o)
                0x0000000008009b84                __sinit
 .text.__sfp_lock_acquire
                0x0000000008009b94        0x4 c:/users/hunte/onedrive/desktop/programs/nios2eds/bin/gnu/h-x86_64-mingw32/bin/../lib/gcc/nios2-elf/5.3.0/../../../../../H-x86_64-mingw32/nios2-elf/lib/mno-hw-mul\libc.a(lib_a-findfp.o)
                0x0000000008009b94                __sfp_lock_acquire
 .text.__sfp_lock_release
                0x0000000008009b98        0x4 c:/users/hunte/onedrive/desktop/programs/nios2eds/bin/gnu/h-x86_64-mingw32/bin/../lib/gcc/nios2-elf/5.3.0/../../../../../H-x86_64-mingw32/nios2-elf/lib/mno-hw-mul\libc.a(lib_a-findfp.o)
                0x0000000008009b98                __sfp_lock_release
 .text.__sinit_lock_acquire
                0x0000000008009b9c        0x4 c:/users/hunte/onedrive/desktop/programs/nios2eds/bin/gnu/h-x86_64-mingw32/bin/../lib/gcc/nios2-elf/5.3.0/../../../../../H-x86_64-mingw32/nios2-elf/lib/mno-hw-mul\libc.a(lib_a-findfp.o)
                0x0000000008009b9c                __sinit_lock_acquire
 .text.__sinit_lock_release
                0x0000000008009ba0        0x4 c:/users/hunte/onedrive/desktop/programs/nios2eds/bin/gnu/h-x86_64-mingw32/bin/../lib/gcc/nios2-elf/5.3.0/../../../../../H-x86_64-mingw32/nios2-elf/lib/mno-hw-mul\libc.a(lib_a-findfp.o)
                0x0000000008009ba0                __sinit_lock_release
 .text.__fp_lock_all
                0x0000000008009ba4       0x18 c:/users/hunte/onedrive/desktop/programs/nios2eds/bin/gnu/h-x86_64-mingw32/bin/../lib/gcc/nios2-elf/5.3.0/../../../../../H-x86_64-mingw32/nios2-elf/lib/mno-hw-mul\libc.a(lib_a-findfp.o)
                0x0000000008009ba4                __fp_lock_all
 .text.__fp_unlock_all
                0x0000000008009bbc       0x18 c:/users/hunte/onedrive/desktop/programs/nios2eds/bin/gnu/h-x86_64-mingw32/bin/../lib/gcc/nios2-elf/5.3.0/../../../../../H-x86_64-mingw32/nios2-elf/lib/mno-hw-mul\libc.a(lib_a-findfp.o)
                0x0000000008009bbc                __fp_unlock_all
 .text          0x0000000008009bd4        0x0 c:/users/hunte/onedrive/desktop/programs/nios2eds/bin/gnu/h-x86_64-mingw32/bin/../lib/gcc/nios2-elf/5.3.0/../../../../../H-x86_64-mingw32/nios2-elf/lib/mno-hw-mul\libc.a(lib_a-freer.o)
 .text._malloc_trim_r
                0x0000000008009bd4      0x124 c:/users/hunte/onedrive/desktop/programs/nios2eds/bin/gnu/h-x86_64-mingw32/bin/../lib/gcc/nios2-elf/5.3.0/../../../../../H-x86_64-mingw32/nios2-elf/lib/mno-hw-mul\libc.a(lib_a-freer.o)
                0x0000000008009bd4                _malloc_trim_r
 .text._free_r  0x0000000008009cf8      0x310 c:/users/hunte/onedrive/desktop/programs/nios2eds/bin/gnu/h-x86_64-mingw32/bin/../lib/gcc/nios2-elf/5.3.0/../../../../../H-x86_64-mingw32/nios2-elf/lib/mno-hw-mul\libc.a(lib_a-freer.o)
                0x0000000008009cf8                _free_r
 .text          0x000000000800a008        0x0 c:/users/hunte/onedrive/desktop/programs/nios2eds/bin/gnu/h-x86_64-mingw32/bin/../lib/gcc/nios2-elf/5.3.0/../../../../../H-x86_64-mingw32/nios2-elf/lib/mno-hw-mul\libc.a(lib_a-fvwrite.o)
 .text.__sfvwrite_r
                0x000000000800a008      0x4c8 c:/users/hunte/onedrive/desktop/programs/nios2eds/bin/gnu/h-x86_64-mingw32/bin/../lib/gcc/nios2-elf/5.3.0/../../../../../H-x86_64-mingw32/nios2-elf/lib/mno-hw-mul\libc.a(lib_a-fvwrite.o)
                0x000000000800a008                __sfvwrite_r
 .text          0x000000000800a4d0        0x0 c:/users/hunte/onedrive/desktop/programs/nios2eds/bin/gnu/h-x86_64-mingw32/bin/../lib/gcc/nios2-elf/5.3.0/../../../../../H-x86_64-mingw32/nios2-elf/lib/mno-hw-mul\libc.a(lib_a-fwalk.o)
 .text._fwalk   0x000000000800a4d0       0xc4 c:/users/hunte/onedrive/desktop/programs/nios2eds/bin/gnu/h-x86_64-mingw32/bin/../lib/gcc/nios2-elf/5.3.0/../../../../../H-x86_64-mingw32/nios2-elf/lib/mno-hw-mul\libc.a(lib_a-fwalk.o)
                0x000000000800a4d0                _fwalk
 .text._fwalk_reent
                0x000000000800a594       0xc4 c:/users/hunte/onedrive/desktop/programs/nios2eds/bin/gnu/h-x86_64-mingw32/bin/../lib/gcc/nios2-elf/5.3.0/../../../../../H-x86_64-mingw32/nios2-elf/lib/mno-hw-mul\libc.a(lib_a-fwalk.o)
                0x000000000800a594                _fwalk_reent
 .text          0x000000000800a658        0x0 c:/users/hunte/onedrive/desktop/programs/nios2eds/bin/gnu/h-x86_64-mingw32/bin/../lib/gcc/nios2-elf/5.3.0/../../../../../H-x86_64-mingw32/nios2-elf/lib/mno-hw-mul\libc.a(lib_a-impure.o)
 .text          0x000000000800a658        0x0 c:/users/hunte/onedrive/desktop/programs/nios2eds/bin/gnu/h-x86_64-mingw32/bin/../lib/gcc/nios2-elf/5.3.0/../../../../../H-x86_64-mingw32/nios2-elf/lib/mno-hw-mul\libc.a(lib_a-locale.o)
 .text._setlocale_r
                0x000000000800a658       0x7c c:/users/hunte/onedrive/desktop/programs/nios2eds/bin/gnu/h-x86_64-mingw32/bin/../lib/gcc/nios2-elf/5.3.0/../../../../../H-x86_64-mingw32/nios2-elf/lib/mno-hw-mul\libc.a(lib_a-locale.o)
                0x000000000800a658                _setlocale_r
 .text.__locale_charset
                0x000000000800a6d4        0xc c:/users/hunte/onedrive/desktop/programs/nios2eds/bin/gnu/h-x86_64-mingw32/bin/../lib/gcc/nios2-elf/5.3.0/../../../../../H-x86_64-mingw32/nios2-elf/lib/mno-hw-mul\libc.a(lib_a-locale.o)
                0x000000000800a6d4                __locale_charset
 .text.__locale_mb_cur_max
                0x000000000800a6e0       0x10 c:/users/hunte/onedrive/desktop/programs/nios2eds/bin/gnu/h-x86_64-mingw32/bin/../lib/gcc/nios2-elf/5.3.0/../../../../../H-x86_64-mingw32/nios2-elf/lib/mno-hw-mul\libc.a(lib_a-locale.o)
                0x000000000800a6e0                __locale_mb_cur_max
 .text.__locale_msgcharset
                0x000000000800a6f0        0xc c:/users/hunte/onedrive/desktop/programs/nios2eds/bin/gnu/h-x86_64-mingw32/bin/../lib/gcc/nios2-elf/5.3.0/../../../../../H-x86_64-mingw32/nios2-elf/lib/mno-hw-mul\libc.a(lib_a-locale.o)
                0x000000000800a6f0                __locale_msgcharset
 .text.__locale_cjk_lang
                0x000000000800a6fc        0x8 c:/users/hunte/onedrive/desktop/programs/nios2eds/bin/gnu/h-x86_64-mingw32/bin/../lib/gcc/nios2-elf/5.3.0/../../../../../H-x86_64-mingw32/nios2-elf/lib/mno-hw-mul\libc.a(lib_a-locale.o)
                0x000000000800a6fc                __locale_cjk_lang
 .text._localeconv_r
                0x000000000800a704        0xc c:/users/hunte/onedrive/desktop/programs/nios2eds/bin/gnu/h-x86_64-mingw32/bin/../lib/gcc/nios2-elf/5.3.0/../../../../../H-x86_64-mingw32/nios2-elf/lib/mno-hw-mul\libc.a(lib_a-locale.o)
                0x000000000800a704                _localeconv_r
 .text.setlocale
                0x000000000800a710       0x18 c:/users/hunte/onedrive/desktop/programs/nios2eds/bin/gnu/h-x86_64-mingw32/bin/../lib/gcc/nios2-elf/5.3.0/../../../../../H-x86_64-mingw32/nios2-elf/lib/mno-hw-mul\libc.a(lib_a-locale.o)
                0x000000000800a710                setlocale
 .text.localeconv
                0x000000000800a728        0xc c:/users/hunte/onedrive/desktop/programs/nios2eds/bin/gnu/h-x86_64-mingw32/bin/../lib/gcc/nios2-elf/5.3.0/../../../../../H-x86_64-mingw32/nios2-elf/lib/mno-hw-mul\libc.a(lib_a-locale.o)
                0x000000000800a728                localeconv
 .text          0x000000000800a734        0x0 c:/users/hunte/onedrive/desktop/programs/nios2eds/bin/gnu/h-x86_64-mingw32/bin/../lib/gcc/nios2-elf/5.3.0/../../../../../H-x86_64-mingw32/nios2-elf/lib/mno-hw-mul\libc.a(lib_a-makebuf.o)
 .text.__smakebuf_r
                0x000000000800a734      0x1bc c:/users/hunte/onedrive/desktop/programs/nios2eds/bin/gnu/h-x86_64-mingw32/bin/../lib/gcc/nios2-elf/5.3.0/../../../../../H-x86_64-mingw32/nios2-elf/lib/mno-hw-mul\libc.a(lib_a-makebuf.o)
                0x000000000800a734                __smakebuf_r
 .text          0x000000000800a8f0        0x0 c:/users/hunte/onedrive/desktop/programs/nios2eds/bin/gnu/h-x86_64-mingw32/bin/../lib/gcc/nios2-elf/5.3.0/../../../../../H-x86_64-mingw32/nios2-elf/lib/mno-hw-mul\libc.a(lib_a-mallocr.o)
 .text._malloc_r
                0x000000000800a8f0      0x80c c:/users/hunte/onedrive/desktop/programs/nios2eds/bin/gnu/h-x86_64-mingw32/bin/../lib/gcc/nios2-elf/5.3.0/../../../../../H-x86_64-mingw32/nios2-elf/lib/mno-hw-mul\libc.a(lib_a-mallocr.o)
                0x000000000800a8f0                _malloc_r
 .text          0x000000000800b0fc        0x0 c:/users/hunte/onedrive/desktop/programs/nios2eds/bin/gnu/h-x86_64-mingw32/bin/../lib/gcc/nios2-elf/5.3.0/../../../../../H-x86_64-mingw32/nios2-elf/lib/mno-hw-mul\libc.a(lib_a-memchr.o)
 .text.memchr   0x000000000800b0fc       0xe4 c:/users/hunte/onedrive/desktop/programs/nios2eds/bin/gnu/h-x86_64-mingw32/bin/../lib/gcc/nios2-elf/5.3.0/../../../../../H-x86_64-mingw32/nios2-elf/lib/mno-hw-mul\libc.a(lib_a-memchr.o)
                0x000000000800b0fc                memchr
 .text          0x000000000800b1e0        0x0 c:/users/hunte/onedrive/desktop/programs/nios2eds/bin/gnu/h-x86_64-mingw32/bin/../lib/gcc/nios2-elf/5.3.0/../../../../../H-x86_64-mingw32/nios2-elf/lib/mno-hw-mul\libc.a(lib_a-memcpy.o)
 .text.memcpy   0x000000000800b1e0      0x148 c:/users/hunte/onedrive/desktop/programs/nios2eds/bin/gnu/h-x86_64-mingw32/bin/../lib/gcc/nios2-elf/5.3.0/../../../../../H-x86_64-mingw32/nios2-elf/lib/mno-hw-mul\libc.a(lib_a-memcpy.o)
                0x000000000800b1e0                memcpy
 .text          0x000000000800b328        0x0 c:/users/hunte/onedrive/desktop/programs/nios2eds/bin/gnu/h-x86_64-mingw32/bin/../lib/gcc/nios2-elf/5.3.0/../../../../../H-x86_64-mingw32/nios2-elf/lib/mno-hw-mul\libc.a(lib_a-memmove.o)
 .text.memmove  0x000000000800b328      0x15c c:/users/hunte/onedrive/desktop/programs/nios2eds/bin/gnu/h-x86_64-mingw32/bin/../lib/gcc/nios2-elf/5.3.0/../../../../../H-x86_64-mingw32/nios2-elf/lib/mno-hw-mul\libc.a(lib_a-memmove.o)
                0x000000000800b328                memmove
 .text          0x000000000800b484        0x0 c:/users/hunte/onedrive/desktop/programs/nios2eds/bin/gnu/h-x86_64-mingw32/bin/../lib/gcc/nios2-elf/5.3.0/../../../../../H-x86_64-mingw32/nios2-elf/lib/mno-hw-mul\libc.a(lib_a-memset.o)
 .text.memset   0x000000000800b484      0x128 c:/users/hunte/onedrive/desktop/programs/nios2eds/bin/gnu/h-x86_64-mingw32/bin/../lib/gcc/nios2-elf/5.3.0/../../../../../H-x86_64-mingw32/nios2-elf/lib/mno-hw-mul\libc.a(lib_a-memset.o)
                0x000000000800b484                memset
 .text          0x000000000800b5ac        0x0 c:/users/hunte/onedrive/desktop/programs/nios2eds/bin/gnu/h-x86_64-mingw32/bin/../lib/gcc/nios2-elf/5.3.0/../../../../../H-x86_64-mingw32/nios2-elf/lib/mno-hw-mul\libc.a(lib_a-mprec.o)
 .text._Balloc  0x000000000800b5ac       0xa8 c:/users/hunte/onedrive/desktop/programs/nios2eds/bin/gnu/h-x86_64-mingw32/bin/../lib/gcc/nios2-elf/5.3.0/../../../../../H-x86_64-mingw32/nios2-elf/lib/mno-hw-mul\libc.a(lib_a-mprec.o)
                0x000000000800b5ac                _Balloc
 .text._Bfree   0x000000000800b654       0x28 c:/users/hunte/onedrive/desktop/programs/nios2eds/bin/gnu/h-x86_64-mingw32/bin/../lib/gcc/nios2-elf/5.3.0/../../../../../H-x86_64-mingw32/nios2-elf/lib/mno-hw-mul\libc.a(lib_a-mprec.o)
                0x000000000800b654                _Bfree
 .text.__multadd
                0x000000000800b67c      0x148 c:/users/hunte/onedrive/desktop/programs/nios2eds/bin/gnu/h-x86_64-mingw32/bin/../lib/gcc/nios2-elf/5.3.0/../../../../../H-x86_64-mingw32/nios2-elf/lib/mno-hw-mul\libc.a(lib_a-mprec.o)
                0x000000000800b67c                __multadd
 .text.__s2b    0x000000000800b7c4      0x104 c:/users/hunte/onedrive/desktop/programs/nios2eds/bin/gnu/h-x86_64-mingw32/bin/../lib/gcc/nios2-elf/5.3.0/../../../../../H-x86_64-mingw32/nios2-elf/lib/mno-hw-mul\libc.a(lib_a-mprec.o)
                0x000000000800b7c4                __s2b
 .text.__hi0bits
                0x000000000800b8c8       0x68 c:/users/hunte/onedrive/desktop/programs/nios2eds/bin/gnu/h-x86_64-mingw32/bin/../lib/gcc/nios2-elf/5.3.0/../../../../../H-x86_64-mingw32/nios2-elf/lib/mno-hw-mul\libc.a(lib_a-mprec.o)
                0x000000000800b8c8                __hi0bits
 .text.__lo0bits
                0x000000000800b930       0xb0 c:/users/hunte/onedrive/desktop/programs/nios2eds/bin/gnu/h-x86_64-mingw32/bin/../lib/gcc/nios2-elf/5.3.0/../../../../../H-x86_64-mingw32/nios2-elf/lib/mno-hw-mul\libc.a(lib_a-mprec.o)
                0x000000000800b930                __lo0bits
 .text.__i2b    0x000000000800b9e0       0x3c c:/users/hunte/onedrive/desktop/programs/nios2eds/bin/gnu/h-x86_64-mingw32/bin/../lib/gcc/nios2-elf/5.3.0/../../../../../H-x86_64-mingw32/nios2-elf/lib/mno-hw-mul\libc.a(lib_a-mprec.o)
                0x000000000800b9e0                __i2b
 .text.__multiply
                0x000000000800ba1c      0x28c c:/users/hunte/onedrive/desktop/programs/nios2eds/bin/gnu/h-x86_64-mingw32/bin/../lib/gcc/nios2-elf/5.3.0/../../../../../H-x86_64-mingw32/nios2-elf/lib/mno-hw-mul\libc.a(lib_a-mprec.o)
                0x000000000800ba1c                __multiply
 .text.__pow5mult
                0x000000000800bca8      0x140 c:/users/hunte/onedrive/desktop/programs/nios2eds/bin/gnu/h-x86_64-mingw32/bin/../lib/gcc/nios2-elf/5.3.0/../../../../../H-x86_64-mingw32/nios2-elf/lib/mno-hw-mul\libc.a(lib_a-mprec.o)
                0x000000000800bca8                __pow5mult
 .text.__lshift
                0x000000000800bde8      0x148 c:/users/hunte/onedrive/desktop/programs/nios2eds/bin/gnu/h-x86_64-mingw32/bin/../lib/gcc/nios2-elf/5.3.0/../../../../../H-x86_64-mingw32/nios2-elf/lib/mno-hw-mul\libc.a(lib_a-mprec.o)
                0x000000000800bde8                __lshift
 .text.__mcmp   0x000000000800bf30       0x60 c:/users/hunte/onedrive/desktop/programs/nios2eds/bin/gnu/h-x86_64-mingw32/bin/../lib/gcc/nios2-elf/5.3.0/../../../../../H-x86_64-mingw32/nios2-elf/lib/mno-hw-mul\libc.a(lib_a-mprec.o)
                0x000000000800bf30                __mcmp
 .text.__mdiff  0x000000000800bf90      0x1fc c:/users/hunte/onedrive/desktop/programs/nios2eds/bin/gnu/h-x86_64-mingw32/bin/../lib/gcc/nios2-elf/5.3.0/../../../../../H-x86_64-mingw32/nios2-elf/lib/mno-hw-mul\libc.a(lib_a-mprec.o)
                0x000000000800bf90                __mdiff
 .text.__ulp    0x000000000800c18c       0x64 c:/users/hunte/onedrive/desktop/programs/nios2eds/bin/gnu/h-x86_64-mingw32/bin/../lib/gcc/nios2-elf/5.3.0/../../../../../H-x86_64-mingw32/nios2-elf/lib/mno-hw-mul\libc.a(lib_a-mprec.o)
                0x000000000800c18c                __ulp
 .text.__b2d    0x000000000800c1f0      0x10c c:/users/hunte/onedrive/desktop/programs/nios2eds/bin/gnu/h-x86_64-mingw32/bin/../lib/gcc/nios2-elf/5.3.0/../../../../../H-x86_64-mingw32/nios2-elf/lib/mno-hw-mul\libc.a(lib_a-mprec.o)
                0x000000000800c1f0                __b2d
 .text.__d2b    0x000000000800c2fc      0x14c c:/users/hunte/onedrive/desktop/programs/nios2eds/bin/gnu/h-x86_64-mingw32/bin/../lib/gcc/nios2-elf/5.3.0/../../../../../H-x86_64-mingw32/nios2-elf/lib/mno-hw-mul\libc.a(lib_a-mprec.o)
                0x000000000800c2fc                __d2b
 .text.__ratio  0x000000000800c448       0xa4 c:/users/hunte/onedrive/desktop/programs/nios2eds/bin/gnu/h-x86_64-mingw32/bin/../lib/gcc/nios2-elf/5.3.0/../../../../../H-x86_64-mingw32/nios2-elf/lib/mno-hw-mul\libc.a(lib_a-mprec.o)
                0x000000000800c448                __ratio
 .text._mprec_log10
                0x000000000800c4ec       0x74 c:/users/hunte/onedrive/desktop/programs/nios2eds/bin/gnu/h-x86_64-mingw32/bin/../lib/gcc/nios2-elf/5.3.0/../../../../../H-x86_64-mingw32/nios2-elf/lib/mno-hw-mul\libc.a(lib_a-mprec.o)
                0x000000000800c4ec                _mprec_log10
 .text.__copybits
                0x000000000800c560       0x78 c:/users/hunte/onedrive/desktop/programs/nios2eds/bin/gnu/h-x86_64-mingw32/bin/../lib/gcc/nios2-elf/5.3.0/../../../../../H-x86_64-mingw32/nios2-elf/lib/mno-hw-mul\libc.a(lib_a-mprec.o)
                0x000000000800c560                __copybits
 .text.__any_on
                0x000000000800c5d8       0x8c c:/users/hunte/onedrive/desktop/programs/nios2eds/bin/gnu/h-x86_64-mingw32/bin/../lib/gcc/nios2-elf/5.3.0/../../../../../H-x86_64-mingw32/nios2-elf/lib/mno-hw-mul\libc.a(lib_a-mprec.o)
                0x000000000800c5d8                __any_on
 .text          0x000000000800c664        0x0 c:/users/hunte/onedrive/desktop/programs/nios2eds/bin/gnu/h-x86_64-mingw32/bin/../lib/gcc/nios2-elf/5.3.0/../../../../../H-x86_64-mingw32/nios2-elf/lib/mno-hw-mul\libc.a(lib_a-putc.o)
 .text._putc_r  0x000000000800c664       0xa0 c:/users/hunte/onedrive/desktop/programs/nios2eds/bin/gnu/h-x86_64-mingw32/bin/../lib/gcc/nios2-elf/5.3.0/../../../../../H-x86_64-mingw32/nios2-elf/lib/mno-hw-mul\libc.a(lib_a-putc.o)
                0x000000000800c664                _putc_r
 .text.putc     0x000000000800c704       0xc8 c:/users/hunte/onedrive/desktop/programs/nios2eds/bin/gnu/h-x86_64-mingw32/bin/../lib/gcc/nios2-elf/5.3.0/../../../../../H-x86_64-mingw32/nios2-elf/lib/mno-hw-mul\libc.a(lib_a-putc.o)
                0x000000000800c704                putc
 .text          0x000000000800c7cc        0x0 c:/users/hunte/onedrive/desktop/programs/nios2eds/bin/gnu/h-x86_64-mingw32/bin/../lib/gcc/nios2-elf/5.3.0/../../../../../H-x86_64-mingw32/nios2-elf/lib/mno-hw-mul\libc.a(lib_a-reallocr.o)
 .text._realloc_r
                0x000000000800c7cc      0x564 c:/users/hunte/onedrive/desktop/programs/nios2eds/bin/gnu/h-x86_64-mingw32/bin/../lib/gcc/nios2-elf/5.3.0/../../../../../H-x86_64-mingw32/nios2-elf/lib/mno-hw-mul\libc.a(lib_a-reallocr.o)
                0x000000000800c7cc                _realloc_r
 .text          0x000000000800cd30        0x0 c:/users/hunte/onedrive/desktop/programs/nios2eds/bin/gnu/h-x86_64-mingw32/bin/../lib/gcc/nios2-elf/5.3.0/../../../../../H-x86_64-mingw32/nios2-elf/lib/mno-hw-mul\libc.a(lib_a-s_fpclassify.o)
 .text.__fpclassifyd
                0x000000000800cd30       0x74 c:/users/hunte/onedrive/desktop/programs/nios2eds/bin/gnu/h-x86_64-mingw32/bin/../lib/gcc/nios2-elf/5.3.0/../../../../../H-x86_64-mingw32/nios2-elf/lib/mno-hw-mul\libc.a(lib_a-s_fpclassify.o)
                0x000000000800cd30                __fpclassifyd
 .text          0x000000000800cda4        0x0 c:/users/hunte/onedrive/desktop/programs/nios2eds/bin/gnu/h-x86_64-mingw32/bin/../lib/gcc/nios2-elf/5.3.0/../../../../../H-x86_64-mingw32/nios2-elf/lib/mno-hw-mul\libc.a(lib_a-sbrkr.o)
 .text._sbrk_r  0x000000000800cda4       0x54 c:/users/hunte/onedrive/desktop/programs/nios2eds/bin/gnu/h-x86_64-mingw32/bin/../lib/gcc/nios2-elf/5.3.0/../../../../../H-x86_64-mingw32/nios2-elf/lib/mno-hw-mul\libc.a(lib_a-sbrkr.o)
                0x000000000800cda4                _sbrk_r
 .text          0x000000000800cdf8        0x0 c:/users/hunte/onedrive/desktop/programs/nios2eds/bin/gnu/h-x86_64-mingw32/bin/../lib/gcc/nios2-elf/5.3.0/../../../../../H-x86_64-mingw32/nios2-elf/lib/mno-hw-mul\libc.a(lib_a-stdio.o)
 .text.__sread  0x000000000800cdf8       0x54 c:/users/hunte/onedrive/desktop/programs/nios2eds/bin/gnu/h-x86_64-mingw32/bin/../lib/gcc/nios2-elf/5.3.0/../../../../../H-x86_64-mingw32/nios2-elf/lib/mno-hw-mul\libc.a(lib_a-stdio.o)
                0x000000000800cdf8                __sread
 .text.__seofread
                0x000000000800ce4c        0x8 c:/users/hunte/onedrive/desktop/programs/nios2eds/bin/gnu/h-x86_64-mingw32/bin/../lib/gcc/nios2-elf/5.3.0/../../../../../H-x86_64-mingw32/nios2-elf/lib/mno-hw-mul\libc.a(lib_a-stdio.o)
                0x000000000800ce4c                __seofread
 .text.__swrite
                0x000000000800ce54       0x7c c:/users/hunte/onedrive/desktop/programs/nios2eds/bin/gnu/h-x86_64-mingw32/bin/../lib/gcc/nios2-elf/5.3.0/../../../../../H-x86_64-mingw32/nios2-elf/lib/mno-hw-mul\libc.a(lib_a-stdio.o)
                0x000000000800ce54                __swrite
 .text.__sseek  0x000000000800ced0       0x5c c:/users/hunte/onedrive/desktop/programs/nios2eds/bin/gnu/h-x86_64-mingw32/bin/../lib/gcc/nios2-elf/5.3.0/../../../../../H-x86_64-mingw32/nios2-elf/lib/mno-hw-mul\libc.a(lib_a-stdio.o)
                0x000000000800ced0                __sseek
 .text.__sclose
                0x000000000800cf2c        0x8 c:/users/hunte/onedrive/desktop/programs/nios2eds/bin/gnu/h-x86_64-mingw32/bin/../lib/gcc/nios2-elf/5.3.0/../../../../../H-x86_64-mingw32/nios2-elf/lib/mno-hw-mul\libc.a(lib_a-stdio.o)
                0x000000000800cf2c                __sclose
 .text          0x000000000800cf34        0x0 c:/users/hunte/onedrive/desktop/programs/nios2eds/bin/gnu/h-x86_64-mingw32/bin/../lib/gcc/nios2-elf/5.3.0/../../../../../H-x86_64-mingw32/nios2-elf/lib/mno-hw-mul\libc.a(lib_a-strcmp.o)
 .text.strcmp   0x000000000800cf34       0xdc c:/users/hunte/onedrive/desktop/programs/nios2eds/bin/gnu/h-x86_64-mingw32/bin/../lib/gcc/nios2-elf/5.3.0/../../../../../H-x86_64-mingw32/nios2-elf/lib/mno-hw-mul\libc.a(lib_a-strcmp.o)
                0x000000000800cf34                strcmp
 .text          0x000000000800d010        0x0 c:/users/hunte/onedrive/desktop/programs/nios2eds/bin/gnu/h-x86_64-mingw32/bin/../lib/gcc/nios2-elf/5.3.0/../../../../../H-x86_64-mingw32/nios2-elf/lib/mno-hw-mul\libc.a(lib_a-svfiprintf.o)
 .text.__ssprint_r
                0x000000000800d010      0x1d0 c:/users/hunte/onedrive/desktop/programs/nios2eds/bin/gnu/h-x86_64-mingw32/bin/../lib/gcc/nios2-elf/5.3.0/../../../../../H-x86_64-mingw32/nios2-elf/lib/mno-hw-mul\libc.a(lib_a-svfiprintf.o)
                0x000000000800d010                __ssprint_r
 .text.___svfiprintf_internal_r
                0x000000000800d1e0     0x13a0 c:/users/hunte/onedrive/desktop/programs/nios2eds/bin/gnu/h-x86_64-mingw32/bin/../lib/gcc/nios2-elf/5.3.0/../../../../../H-x86_64-mingw32/nios2-elf/lib/mno-hw-mul\libc.a(lib_a-svfiprintf.o)
                0x000000000800d1e0                ___svfiprintf_internal_r
 .text          0x000000000800e580        0x0 c:/users/hunte/onedrive/desktop/programs/nios2eds/bin/gnu/h-x86_64-mingw32/bin/../lib/gcc/nios2-elf/5.3.0/../../../../../H-x86_64-mingw32/nios2-elf/lib/mno-hw-mul\libc.a(lib_a-vfiprintf.o)
 .text.__sprint_r.part.0
                0x000000000800e580       0xfc c:/users/hunte/onedrive/desktop/programs/nios2eds/bin/gnu/h-x86_64-mingw32/bin/../lib/gcc/nios2-elf/5.3.0/../../../../../H-x86_64-mingw32/nios2-elf/lib/mno-hw-mul\libc.a(lib_a-vfiprintf.o)
 .text.__sprint_r
                0x000000000800e67c       0x18 c:/users/hunte/onedrive/desktop/programs/nios2eds/bin/gnu/h-x86_64-mingw32/bin/../lib/gcc/nios2-elf/5.3.0/../../../../../H-x86_64-mingw32/nios2-elf/lib/mno-hw-mul\libc.a(lib_a-vfiprintf.o)
                0x000000000800e67c                __sprint_r
 .text.___vfiprintf_internal_r
                0x000000000800e694     0x150c c:/users/hunte/onedrive/desktop/programs/nios2eds/bin/gnu/h-x86_64-mingw32/bin/../lib/gcc/nios2-elf/5.3.0/../../../../../H-x86_64-mingw32/nios2-elf/lib/mno-hw-mul\libc.a(lib_a-vfiprintf.o)
                0x000000000800e694                ___vfiprintf_internal_r
 .text.__vfiprintf_internal
                0x000000000800fba0       0x1c c:/users/hunte/onedrive/desktop/programs/nios2eds/bin/gnu/h-x86_64-mingw32/bin/../lib/gcc/nios2-elf/5.3.0/../../../../../H-x86_64-mingw32/nios2-elf/lib/mno-hw-mul\libc.a(lib_a-vfiprintf.o)
                0x000000000800fba0                __vfiprintf_internal
 .text.__sbprintf
                0x000000000800fbbc       0xbc c:/users/hunte/onedrive/desktop/programs/nios2eds/bin/gnu/h-x86_64-mingw32/bin/../lib/gcc/nios2-elf/5.3.0/../../../../../H-x86_64-mingw32/nios2-elf/lib/mno-hw-mul\libc.a(lib_a-vfiprintf.o)
 .text          0x000000000800fc78        0x0 c:/users/hunte/onedrive/desktop/programs/nios2eds/bin/gnu/h-x86_64-mingw32/bin/../lib/gcc/nios2-elf/5.3.0/../../../../../H-x86_64-mingw32/nios2-elf/lib/mno-hw-mul\libc.a(lib_a-wbuf.o)
 .text.__swbuf_r
                0x000000000800fc78      0x140 c:/users/hunte/onedrive/desktop/programs/nios2eds/bin/gnu/h-x86_64-mingw32/bin/../lib/gcc/nios2-elf/5.3.0/../../../../../H-x86_64-mingw32/nios2-elf/lib/mno-hw-mul\libc.a(lib_a-wbuf.o)
                0x000000000800fc78                __swbuf_r
 .text.__swbuf  0x000000000800fdb8       0x18 c:/users/hunte/onedrive/desktop/programs/nios2eds/bin/gnu/h-x86_64-mingw32/bin/../lib/gcc/nios2-elf/5.3.0/../../../../../H-x86_64-mingw32/nios2-elf/lib/mno-hw-mul\libc.a(lib_a-wbuf.o)
                0x000000000800fdb8                __swbuf
 .text          0x000000000800fdd0        0x0 c:/users/hunte/onedrive/desktop/programs/nios2eds/bin/gnu/h-x86_64-mingw32/bin/../lib/gcc/nios2-elf/5.3.0/../../../../../H-x86_64-mingw32/nios2-elf/lib/mno-hw-mul\libc.a(lib_a-writer.o)
 .text._write_r
                0x000000000800fdd0       0x60 c:/users/hunte/onedrive/desktop/programs/nios2eds/bin/gnu/h-x86_64-mingw32/bin/../lib/gcc/nios2-elf/5.3.0/../../../../../H-x86_64-mingw32/nios2-elf/lib/mno-hw-mul\libc.a(lib_a-writer.o)
                0x000000000800fdd0                _write_r
 .text          0x000000000800fe30        0x0 c:/users/hunte/onedrive/desktop/programs/nios2eds/bin/gnu/h-x86_64-mingw32/bin/../lib/gcc/nios2-elf/5.3.0/../../../../../H-x86_64-mingw32/nios2-elf/lib/mno-hw-mul\libc.a(closer.o)
 .text._close_r
                0x000000000800fe30       0x54 c:/users/hunte/onedrive/desktop/programs/nios2eds/bin/gnu/h-x86_64-mingw32/bin/../lib/gcc/nios2-elf/5.3.0/../../../../../H-x86_64-mingw32/nios2-elf/lib/mno-hw-mul\libc.a(closer.o)
                0x000000000800fe30                _close_r
 .text          0x000000000800fe84        0x0 c:/users/hunte/onedrive/desktop/programs/nios2eds/bin/gnu/h-x86_64-mingw32/bin/../lib/gcc/nios2-elf/5.3.0/../../../../../H-x86_64-mingw32/nios2-elf/lib/mno-hw-mul\libc.a(lib_a-callocr.o)
 .text._calloc_r
                0x000000000800fe84       0xdc c:/users/hunte/onedrive/desktop/programs/nios2eds/bin/gnu/h-x86_64-mingw32/bin/../lib/gcc/nios2-elf/5.3.0/../../../../../H-x86_64-mingw32/nios2-elf/lib/mno-hw-mul\libc.a(lib_a-callocr.o)
                0x000000000800fe84                _calloc_r
 .text          0x000000000800ff60        0x0 c:/users/hunte/onedrive/desktop/programs/nios2eds/bin/gnu/h-x86_64-mingw32/bin/../lib/gcc/nios2-elf/5.3.0/../../../../../H-x86_64-mingw32/nios2-elf/lib/mno-hw-mul\libc.a(lib_a-fclose.o)
 .text._fclose_r
                0x000000000800ff60       0xf0 c:/users/hunte/onedrive/desktop/programs/nios2eds/bin/gnu/h-x86_64-mingw32/bin/../lib/gcc/nios2-elf/5.3.0/../../../../../H-x86_64-mingw32/nios2-elf/lib/mno-hw-mul\libc.a(lib_a-fclose.o)
                0x000000000800ff60                _fclose_r
 .text.fclose   0x0000000008010050       0x14 c:/users/hunte/onedrive/desktop/programs/nios2eds/bin/gnu/h-x86_64-mingw32/bin/../lib/gcc/nios2-elf/5.3.0/../../../../../H-x86_64-mingw32/nios2-elf/lib/mno-hw-mul\libc.a(lib_a-fclose.o)
                0x0000000008010050                fclose
 .text          0x0000000008010064        0x0 c:/users/hunte/onedrive/desktop/programs/nios2eds/bin/gnu/h-x86_64-mingw32/bin/../lib/gcc/nios2-elf/5.3.0/../../../../../H-x86_64-mingw32/nios2-elf/lib/mno-hw-mul\libc.a(lib_a-fputwc.o)
 .text.__fputwc
                0x0000000008010064      0x164 c:/users/hunte/onedrive/desktop/programs/nios2eds/bin/gnu/h-x86_64-mingw32/bin/../lib/gcc/nios2-elf/5.3.0/../../../../../H-x86_64-mingw32/nios2-elf/lib/mno-hw-mul\libc.a(lib_a-fputwc.o)
                0x0000000008010064                __fputwc
 .text._fputwc_r
                0x00000000080101c8       0x24 c:/users/hunte/onedrive/desktop/programs/nios2eds/bin/gnu/h-x86_64-mingw32/bin/../lib/gcc/nios2-elf/5.3.0/../../../../../H-x86_64-mingw32/nios2-elf/lib/mno-hw-mul\libc.a(lib_a-fputwc.o)
                0x00000000080101c8                _fputwc_r
 .text.fputwc   0x00000000080101ec       0x80 c:/users/hunte/onedrive/desktop/programs/nios2eds/bin/gnu/h-x86_64-mingw32/bin/../lib/gcc/nios2-elf/5.3.0/../../../../../H-x86_64-mingw32/nios2-elf/lib/mno-hw-mul\libc.a(lib_a-fputwc.o)
                0x00000000080101ec                fputwc
 .text          0x000000000801026c        0x0 c:/users/hunte/onedrive/desktop/programs/nios2eds/bin/gnu/h-x86_64-mingw32/bin/../lib/gcc/nios2-elf/5.3.0/../../../../../H-x86_64-mingw32/nios2-elf/lib/mno-hw-mul\libc.a(lib_a-fstatr.o)
 .text._fstat_r
                0x000000000801026c       0x5c c:/users/hunte/onedrive/desktop/programs/nios2eds/bin/gnu/h-x86_64-mingw32/bin/../lib/gcc/nios2-elf/5.3.0/../../../../../H-x86_64-mingw32/nios2-elf/lib/mno-hw-mul\libc.a(lib_a-fstatr.o)
                0x000000000801026c                _fstat_r
 .text          0x00000000080102c8        0x0 c:/users/hunte/onedrive/desktop/programs/nios2eds/bin/gnu/h-x86_64-mingw32/bin/../lib/gcc/nios2-elf/5.3.0/../../../../../H-x86_64-mingw32/nios2-elf/lib/mno-hw-mul\libc.a(lib_a-int_errno.o)
 .text          0x00000000080102c8        0x0 c:/users/hunte/onedrive/desktop/programs/nios2eds/bin/gnu/h-x86_64-mingw32/bin/../lib/gcc/nios2-elf/5.3.0/../../../../../H-x86_64-mingw32/nios2-elf/lib/mno-hw-mul\libc.a(lib_a-isattyr.o)
 .text._isatty_r
                0x00000000080102c8       0x54 c:/users/hunte/onedrive/desktop/programs/nios2eds/bin/gnu/h-x86_64-mingw32/bin/../lib/gcc/nios2-elf/5.3.0/../../../../../H-x86_64-mingw32/nios2-elf/lib/mno-hw-mul\libc.a(lib_a-isattyr.o)
                0x00000000080102c8                _isatty_r
 .text          0x000000000801031c        0x0 c:/users/hunte/onedrive/desktop/programs/nios2eds/bin/gnu/h-x86_64-mingw32/bin/../lib/gcc/nios2-elf/5.3.0/../../../../../H-x86_64-mingw32/nios2-elf/lib/mno-hw-mul\libc.a(lib_a-lseekr.o)
 .text._lseek_r
                0x000000000801031c       0x60 c:/users/hunte/onedrive/desktop/programs/nios2eds/bin/gnu/h-x86_64-mingw32/bin/../lib/gcc/nios2-elf/5.3.0/../../../../../H-x86_64-mingw32/nios2-elf/lib/mno-hw-mul\libc.a(lib_a-lseekr.o)
                0x000000000801031c                _lseek_r
 .text          0x000000000801037c        0x0 c:/users/hunte/onedrive/desktop/programs/nios2eds/bin/gnu/h-x86_64-mingw32/bin/../lib/gcc/nios2-elf/5.3.0/../../../../../H-x86_64-mingw32/nios2-elf/lib/mno-hw-mul\libc.a(lib_a-readr.o)
 .text._read_r  0x000000000801037c       0x60 c:/users/hunte/onedrive/desktop/programs/nios2eds/bin/gnu/h-x86_64-mingw32/bin/../lib/gcc/nios2-elf/5.3.0/../../../../../H-x86_64-mingw32/nios2-elf/lib/mno-hw-mul\libc.a(lib_a-readr.o)
                0x000000000801037c                _read_r
 .text          0x00000000080103dc        0x0 c:/users/hunte/onedrive/desktop/programs/nios2eds/bin/gnu/h-x86_64-mingw32/bin/../lib/gcc/nios2-elf/5.3.0/../../../../../H-x86_64-mingw32/nios2-elf/lib/mno-hw-mul\libc.a(lib_a-wcrtomb.o)
 .text._wcrtomb_r
                0x00000000080103dc       0x9c c:/users/hunte/onedrive/desktop/programs/nios2eds/bin/gnu/h-x86_64-mingw32/bin/../lib/gcc/nios2-elf/5.3.0/../../../../../H-x86_64-mingw32/nios2-elf/lib/mno-hw-mul\libc.a(lib_a-wcrtomb.o)
                0x00000000080103dc                _wcrtomb_r
 .text.wcrtomb  0x0000000008010478       0xc0 c:/users/hunte/onedrive/desktop/programs/nios2eds/bin/gnu/h-x86_64-mingw32/bin/../lib/gcc/nios2-elf/5.3.0/../../../../../H-x86_64-mingw32/nios2-elf/lib/mno-hw-mul\libc.a(lib_a-wcrtomb.o)
                0x0000000008010478                wcrtomb
 .text          0x0000000008010538        0x0 c:/users/hunte/onedrive/desktop/programs/nios2eds/bin/gnu/h-x86_64-mingw32/bin/../lib/gcc/nios2-elf/5.3.0/../../../../../H-x86_64-mingw32/nios2-elf/lib/mno-hw-mul\libc.a(lib_a-wctomb_r.o)
 .text.__ascii_wctomb
                0x0000000008010538       0x30 c:/users/hunte/onedrive/desktop/programs/nios2eds/bin/gnu/h-x86_64-mingw32/bin/../lib/gcc/nios2-elf/5.3.0/../../../../../H-x86_64-mingw32/nios2-elf/lib/mno-hw-mul\libc.a(lib_a-wctomb_r.o)
                0x0000000008010538                __ascii_wctomb
 .text._wctomb_r
                0x0000000008010568       0x5c c:/users/hunte/onedrive/desktop/programs/nios2eds/bin/gnu/h-x86_64-mingw32/bin/../lib/gcc/nios2-elf/5.3.0/../../../../../H-x86_64-mingw32/nios2-elf/lib/mno-hw-mul\libc.a(lib_a-wctomb_r.o)
                0x0000000008010568                _wctomb_r
 .text          0x00000000080105c4      0x10c c:/users/hunte/onedrive/desktop/programs/nios2eds/bin/gnu/h-x86_64-mingw32/bin/../lib/gcc/nios2-elf/5.3.0/mno-hw-mul\libgcc.a(_muldi3.o)
                0x00000000080105c4                __muldi3
 .text          0x00000000080106d0      0x5fc c:/users/hunte/onedrive/desktop/programs/nios2eds/bin/gnu/h-x86_64-mingw32/bin/../lib/gcc/nios2-elf/5.3.0/mno-hw-mul\libgcc.a(_udivdi3.o)
                0x00000000080106d0                __udivdi3
 .text          0x0000000008010ccc      0x5c4 c:/users/hunte/onedrive/desktop/programs/nios2eds/bin/gnu/h-x86_64-mingw32/bin/../lib/gcc/nios2-elf/5.3.0/mno-hw-mul\libgcc.a(_umoddi3.o)
                0x0000000008010ccc                __umoddi3
 .text          0x0000000008011290      0x8ac c:/users/hunte/onedrive/desktop/programs/nios2eds/bin/gnu/h-x86_64-mingw32/bin/../lib/gcc/nios2-elf/5.3.0/mno-hw-mul\libgcc.a(adddf3.o)
                0x0000000008011290                __adddf3
 .text          0x0000000008011b3c      0x9d0 c:/users/hunte/onedrive/desktop/programs/nios2eds/bin/gnu/h-x86_64-mingw32/bin/../lib/gcc/nios2-elf/5.3.0/mno-hw-mul\libgcc.a(divdf3.o)
                0x0000000008011b3c                __divdf3
 .text          0x000000000801250c       0x88 c:/users/hunte/onedrive/desktop/programs/nios2eds/bin/gnu/h-x86_64-mingw32/bin/../lib/gcc/nios2-elf/5.3.0/mno-hw-mul\libgcc.a(eqdf2.o)
                0x000000000801250c                __nedf2
                0x000000000801250c                __eqdf2
 .text          0x0000000008012594       0xdc c:/users/hunte/onedrive/desktop/programs/nios2eds/bin/gnu/h-x86_64-mingw32/bin/../lib/gcc/nios2-elf/5.3.0/mno-hw-mul\libgcc.a(gedf2.o)
                0x0000000008012594                __gedf2
                0x0000000008012594                __gtdf2
 .text          0x0000000008012670       0xf4 c:/users/hunte/onedrive/desktop/programs/nios2eds/bin/gnu/h-x86_64-mingw32/bin/../lib/gcc/nios2-elf/5.3.0/mno-hw-mul\libgcc.a(ledf2.o)
                0x0000000008012670                __ledf2
                0x0000000008012670                __ltdf2
 .text          0x0000000008012764      0x86c c:/users/hunte/onedrive/desktop/programs/nios2eds/bin/gnu/h-x86_64-mingw32/bin/../lib/gcc/nios2-elf/5.3.0/mno-hw-mul\libgcc.a(muldf3.o)
                0x0000000008012764                __muldf3
 .text          0x0000000008012fd0      0x8fc c:/users/hunte/onedrive/desktop/programs/nios2eds/bin/gnu/h-x86_64-mingw32/bin/../lib/gcc/nios2-elf/5.3.0/mno-hw-mul\libgcc.a(subdf3.o)
                0x0000000008012fd0                __subdf3
 .text          0x00000000080138cc       0x80 c:/users/hunte/onedrive/desktop/programs/nios2eds/bin/gnu/h-x86_64-mingw32/bin/../lib/gcc/nios2-elf/5.3.0/mno-hw-mul\libgcc.a(fixdfsi.o)
                0x00000000080138cc                __fixdfsi
 .text          0x000000000801394c       0xdc c:/users/hunte/onedrive/desktop/programs/nios2eds/bin/gnu/h-x86_64-mingw32/bin/../lib/gcc/nios2-elf/5.3.0/mno-hw-mul\libgcc.a(floatsidf.o)
                0x000000000801394c                __floatsidf
 .text          0x0000000008013a28       0xa8 c:/users/hunte/onedrive/desktop/programs/nios2eds/bin/gnu/h-x86_64-mingw32/bin/../lib/gcc/nios2-elf/5.3.0/mno-hw-mul\libgcc.a(floatunsidf.o)
                0x0000000008013a28                __floatunsidf
 .text          0x0000000008013ad0        0x0 c:/users/hunte/onedrive/desktop/programs/nios2eds/bin/gnu/h-x86_64-mingw32/bin/../lib/gcc/nios2-elf/5.3.0/mno-hw-mul\libgcc.a(_clz.o)
 .text          0x0000000008013ad0       0x64 c:/users/hunte/onedrive/desktop/programs/nios2eds/bin/gnu/h-x86_64-mingw32/bin/../lib/gcc/nios2-elf/5.3.0/mno-hw-mul\libgcc.a(_clzsi2.o)
                0x0000000008013ad0                __clzsi2
 .text          0x0000000008013b34      0x114 ../lab7_bsp/\libhal_bsp.a(alt_close.o)
                0x0000000008013b70                close
 .text          0x0000000008013c48       0x2c ../lab7_bsp/\libhal_bsp.a(alt_dev.o)
 .text          0x0000000008013c74        0x0 ../lab7_bsp/\libhal_bsp.a(alt_errno.o)
 .text          0x0000000008013c74       0xf4 ../lab7_bsp/\libhal_bsp.a(alt_fstat.o)
                0x0000000008013cb0                fstat
 .text          0x0000000008013d68       0xe8 ../lab7_bsp/\libhal_bsp.a(alt_isatty.o)
                0x0000000008013da4                isatty
 .text          0x0000000008013e50       0xec ../lab7_bsp/\libhal_bsp.a(alt_load.o)
                0x0000000008013eb8                alt_load
 .text          0x0000000008013f3c      0x118 ../lab7_bsp/\libhal_bsp.a(alt_lseek.o)
                0x0000000008013f78                lseek
 .text          0x0000000008014054       0x7c ../lab7_bsp/\libhal_bsp.a(alt_main.o)
                0x0000000008014054                alt_main
 .text          0x00000000080140d0       0x48 ../lab7_bsp/\libhal_bsp.a(alt_malloc_lock.o)
                0x00000000080140d0                __malloc_lock
                0x00000000080140f4                __malloc_unlock
 .text          0x0000000008014118      0x140 ../lab7_bsp/\libhal_bsp.a(alt_read.o)
                0x0000000008014154                read
 .text          0x0000000008014258       0x84 ../lab7_bsp/\libhal_bsp.a(alt_release_fd.o)
                0x0000000008014258                alt_release_fd
 .text          0x00000000080142dc       0xb0 ../lab7_bsp/\libhal_bsp.a(alt_sbrk.o)
                0x00000000080142dc                sbrk
 .text          0x000000000801438c      0x1a4 ../lab7_bsp/\libhal_bsp.a(alt_tick.o)
                0x000000000801438c                alt_alarm_stop
                0x0000000008014428                alt_tick
 .text          0x0000000008014530       0x30 ../lab7_bsp/\libhal_bsp.a(alt_usleep.o)
                0x0000000008014530                usleep
 .text          0x0000000008014560      0x13c ../lab7_bsp/\libhal_bsp.a(alt_write.o)
                0x000000000801459c                write
 .text          0x000000000801469c       0xd0 ../lab7_bsp/\libhal_bsp.a(alt_sys_init.o)
                0x00000000080146d0                alt_irq_init
                0x0000000008014708                alt_sys_init
 .text          0x000000000801476c      0x164 ../lab7_bsp/\libhal_bsp.a(altera_avalon_jtag_uart_fd.o)
                0x000000000801476c                altera_avalon_jtag_uart_read_fd
                0x00000000080147cc                altera_avalon_jtag_uart_write_fd
                0x000000000801482c                altera_avalon_jtag_uart_close_fd
                0x000000000801487c                altera_avalon_jtag_uart_ioctl_fd
 .text          0x00000000080148d0      0x3d4 ../lab7_bsp/\libhal_bsp.a(altera_avalon_jtag_uart_init.o)
                0x00000000080148d0                altera_avalon_jtag_uart_init
                0x0000000008014c3c                altera_avalon_jtag_uart_close
 .text          0x0000000008014ca4       0xf0 ../lab7_bsp/\libhal_bsp.a(altera_avalon_jtag_uart_ioctl.o)
                0x0000000008014ca4                altera_avalon_jtag_uart_ioctl
 .text          0x0000000008014d94      0x21c ../lab7_bsp/\libhal_bsp.a(altera_avalon_jtag_uart_read.o)
                0x0000000008014d94                altera_avalon_jtag_uart_read
 .text          0x0000000008014fb0      0x224 ../lab7_bsp/\libhal_bsp.a(altera_avalon_jtag_uart_write.o)
                0x0000000008014fb0                altera_avalon_jtag_uart_write
 .text          0x00000000080151d4      0x1fc ../lab7_bsp/\libhal_bsp.a(altera_avalon_spi.o)
                0x00000000080151d4                alt_avalon_spi_command
 .text          0x00000000080153d0       0xf4 ../lab7_bsp/\libhal_bsp.a(altera_avalon_timer_sc.o)
                0x0000000008015448                alt_avalon_timer_sc_init
 .text          0x00000000080154c4      0x12c ../lab7_bsp/\libhal_bsp.a(alt_alarm_start.o)
                0x00000000080154c4                alt_alarm_start
 .text          0x00000000080155f0      0x158 ../lab7_bsp/\libhal_bsp.a(alt_busy_sleep.o)
                0x00000000080155f0                alt_busy_sleep
 .text          0x0000000008015748       0x20 ../lab7_bsp/\libhal_bsp.a(alt_dcache_flush_all.o)
                0x0000000008015748                alt_dcache_flush_all
 .text          0x0000000008015768       0xe0 ../lab7_bsp/\libhal_bsp.a(alt_dev_llist_insert.o)
                0x00000000080157a4                alt_dev_llist_insert
 .text          0x0000000008015848       0x60 ../lab7_bsp/\libhal_bsp.a(alt_do_ctors.o)
                0x0000000008015848                _do_ctors
 .text          0x00000000080158a8       0x60 ../lab7_bsp/\libhal_bsp.a(alt_do_dtors.o)
                0x00000000080158a8                _do_dtors
 .text          0x0000000008015908       0x20 ../lab7_bsp/\libhal_bsp.a(alt_icache_flush_all.o)
                0x0000000008015908                alt_icache_flush_all
 .text          0x0000000008015928      0x1b0 ../lab7_bsp/\libhal_bsp.a(alt_iic.o)
                0x0000000008015928                alt_ic_isr_register
                0x0000000008015978                alt_ic_irq_enable
                0x0000000008015a00                alt_ic_irq_disable
                0x0000000008015a8c                alt_ic_irq_enabled
 .text          0x0000000008015ad8       0xf0 ../lab7_bsp/\libhal_bsp.a(alt_iic_isr_register.o)
                0x0000000008015ad8                alt_iic_isr_register
 .text          0x0000000008015bc8      0x160 ../lab7_bsp/\libhal_bsp.a(alt_io_redirect.o)
                0x0000000008015cac                alt_io_redirect
 .text          0x0000000008015d28        0x0 ../lab7_bsp/\libhal_bsp.a(alt_irq_entry.o)
 .text          0x0000000008015d28        0x0 ../lab7_bsp/\libhal_bsp.a(alt_irq_handler.o)
 .text          0x0000000008015d28        0x0 ../lab7_bsp/\libhal_bsp.a(alt_irq_vars.o)
 .text          0x0000000008015d28      0x284 ../lab7_bsp/\libhal_bsp.a(alt_open.o)
                0x0000000008015e50                open
 .text          0x0000000008015fac       0x24 ../lab7_bsp/\libhal_bsp.a(altera_nios2_gen2_irq.o)
                0x0000000008015fac                altera_nios2_gen2_irq_init
 .text          0x0000000008015fd0        0x0 ../lab7_bsp/\libhal_bsp.a(alt_exception_entry.o)
 .text          0x0000000008015fd0       0x90 ../lab7_bsp/\libhal_bsp.a(alt_find_dev.o)
                0x0000000008015fd0                alt_find_dev
 .text          0x0000000008016060      0x108 ../lab7_bsp/\libhal_bsp.a(alt_find_file.o)
                0x0000000008016060                alt_find_file
 .text          0x0000000008016168       0xc4 ../lab7_bsp/\libhal_bsp.a(alt_get_fd.o)
                0x0000000008016168                alt_get_fd
 .text          0x000000000801622c       0x9c ../lab7_bsp/\libhal_bsp.a(alt_instruction_exception_entry.o)
                0x000000000801622c                alt_exception_cause_generated_bad_addr
 .text          0x00000000080162c8        0x0 c:/users/hunte/onedrive/desktop/programs/nios2eds/bin/gnu/h-x86_64-mingw32/bin/../lib/gcc/nios2-elf/5.3.0/../../../../../H-x86_64-mingw32/nios2-elf/lib/mno-hw-mul\libc.a(lib_a-atexit.o)
 .text.atexit   0x00000000080162c8       0x14 c:/users/hunte/onedrive/desktop/programs/nios2eds/bin/gnu/h-x86_64-mingw32/bin/../lib/gcc/nios2-elf/5.3.0/../../../../../H-x86_64-mingw32/nios2-elf/lib/mno-hw-mul\libc.a(lib_a-atexit.o)
                0x00000000080162c8                atexit
 .text          0x00000000080162dc        0x0 c:/users/hunte/onedrive/desktop/programs/nios2eds/bin/gnu/h-x86_64-mingw32/bin/../lib/gcc/nios2-elf/5.3.0/../../../../../H-x86_64-mingw32/nios2-elf/lib/mno-hw-mul\libc.a(lib_a-exit.o)
 .text.exit     0x00000000080162dc       0x38 c:/users/hunte/onedrive/desktop/programs/nios2eds/bin/gnu/h-x86_64-mingw32/bin/../lib/gcc/nios2-elf/5.3.0/../../../../../H-x86_64-mingw32/nios2-elf/lib/mno-hw-mul\libc.a(lib_a-exit.o)
                0x00000000080162dc                exit
 .text          0x0000000008016314        0x0 c:/users/hunte/onedrive/desktop/programs/nios2eds/bin/gnu/h-x86_64-mingw32/bin/../lib/gcc/nios2-elf/5.3.0/../../../../../H-x86_64-mingw32/nios2-elf/lib/mno-hw-mul\libc.a(lib_a-memcmp.o)
 .text.memcmp   0x0000000008016314       0x7c c:/users/hunte/onedrive/desktop/programs/nios2eds/bin/gnu/h-x86_64-mingw32/bin/../lib/gcc/nios2-elf/5.3.0/../../../../../H-x86_64-mingw32/nios2-elf/lib/mno-hw-mul\libc.a(lib_a-memcmp.o)
                0x0000000008016314                memcmp
 .text          0x0000000008016390        0x0 c:/users/hunte/onedrive/desktop/programs/nios2eds/bin/gnu/h-x86_64-mingw32/bin/../lib/gcc/nios2-elf/5.3.0/../../../../../H-x86_64-mingw32/nios2-elf/lib/mno-hw-mul\libc.a(lib_a-__atexit.o)
 .text.__register_exitproc
                0x0000000008016390      0x118 c:/users/hunte/onedrive/desktop/programs/nios2eds/bin/gnu/h-x86_64-mingw32/bin/../lib/gcc/nios2-elf/5.3.0/../../../../../H-x86_64-mingw32/nios2-elf/lib/mno-hw-mul\libc.a(lib_a-__atexit.o)
                0x0000000008016390                __register_exitproc
 .text          0x00000000080164a8        0x0 c:/users/hunte/onedrive/desktop/programs/nios2eds/bin/gnu/h-x86_64-mingw32/bin/../lib/gcc/nios2-elf/5.3.0/../../../../../H-x86_64-mingw32/nios2-elf/lib/mno-hw-mul\libc.a(lib_a-__call_atexit.o)
 .text.__call_exitprocs
                0x00000000080164a8      0x180 c:/users/hunte/onedrive/desktop/programs/nios2eds/bin/gnu/h-x86_64-mingw32/bin/../lib/gcc/nios2-elf/5.3.0/../../../../../H-x86_64-mingw32/nios2-elf/lib/mno-hw-mul\libc.a(lib_a-__call_atexit.o)
                0x00000000080164a8                __call_exitprocs
 .text          0x0000000008016628       0x34 ../lab7_bsp/\libhal_bsp.a(alt_exit.o)
                0x0000000008016628                _exit
 *(.gnu.warning.*)
 *(.fini)
                [!provide]                        PROVIDE (__etext, ABSOLUTE (.))
                [!provide]                        PROVIDE (_etext, ABSOLUTE (.))
                [!provide]                        PROVIDE (etext, ABSOLUTE (.))
 *(.eh_frame_hdr)
                0x000000000801665c                . = ALIGN (0x4)
                [!provide]                        PROVIDE (__preinit_array_start, ABSOLUTE (.))
 *(.preinit_array)
                [!provide]                        PROVIDE (__preinit_array_end, ABSOLUTE (.))
                [!provide]                        PROVIDE (__init_array_start, ABSOLUTE (.))
 *(.init_array)
                [!provide]                        PROVIDE (__init_array_end, ABSOLUTE (.))
                [!provide]                        PROVIDE (__fini_array_start, ABSOLUTE (.))
 *(.fini_array)
                [!provide]                        PROVIDE (__fini_array_end, ABSOLUTE (.))
 *(.eh_frame)
 *(.gcc_except_table .gcc_except_table.*)
 *(.dynamic)
                0x000000000801665c                PROVIDE (__CTOR_LIST__, ABSOLUTE (.))
 *(.ctors)
 *(SORT(.ctors.*))
                0x000000000801665c                PROVIDE (__CTOR_END__, ABSOLUTE (.))
                0x000000000801665c                PROVIDE (__DTOR_LIST__, ABSOLUTE (.))
 *(.dtors)
 *(SORT(.dtors.*))
                0x000000000801665c                PROVIDE (__DTOR_END__, ABSOLUTE (.))
 *(.jcr)
                0x000000000801665c                . = ALIGN (0x4)

.rodata         0x000000000801665c      0x5c8
                0x000000000801665c                PROVIDE (__ram_rodata_start, ABSOLUTE (.))
                0x000000000801665c                . = ALIGN (0x4)
 *(.rodata .rodata.* .gnu.linkonce.r.*)
 .rodata        0x000000000801665c      0x18d obj/default/main.o
                0x0000000008016698                devclasses
 *fill*         0x00000000080167e9        0x3 
 .rodata        0x00000000080167ec       0x2d obj/default/palette_test.o
 *fill*         0x0000000008016819        0x3 
 .rodata        0x000000000801681c       0x23 obj/default/text_mode_vga_color.o
 *fill*         0x000000000801683f        0x1 
 .rodata        0x0000000008016840       0x71 obj/default/usb_kb/MAX3421E.o
 *fill*         0x00000000080168b1        0x3 
 .rodata        0x00000000080168b4       0x30 obj/default/usb_kb/transfer.o
 .rodata.str1.4
                0x00000000080168e4        0x2 c:/users/hunte/onedrive/desktop/programs/nios2eds/bin/gnu/h-x86_64-mingw32/bin/../lib/gcc/nios2-elf/5.3.0/../../../../../H-x86_64-mingw32/nios2-elf/lib/mno-hw-mul\libc.a(lib_a-puts.o)
 *fill*         0x00000000080168e6        0x2 
 .rodata.str1.4
                0x00000000080168e8       0x42 c:/users/hunte/onedrive/desktop/programs/nios2eds/bin/gnu/h-x86_64-mingw32/bin/../lib/gcc/nios2-elf/5.3.0/../../../../../H-x86_64-mingw32/nios2-elf/lib/mno-hw-mul\libc.a(lib_a-svfprintf.o)
 .rodata.zeroes.4389
                0x000000000801692a       0x10 c:/users/hunte/onedrive/desktop/programs/nios2eds/bin/gnu/h-x86_64-mingw32/bin/../lib/gcc/nios2-elf/5.3.0/../../../../../H-x86_64-mingw32/nios2-elf/lib/mno-hw-mul\libc.a(lib_a-svfprintf.o)
 .rodata.blanks.4388
                0x000000000801693a       0x10 c:/users/hunte/onedrive/desktop/programs/nios2eds/bin/gnu/h-x86_64-mingw32/bin/../lib/gcc/nios2-elf/5.3.0/../../../../../H-x86_64-mingw32/nios2-elf/lib/mno-hw-mul\libc.a(lib_a-svfprintf.o)
 .rodata.str1.4
                0x000000000801694a       0x42 c:/users/hunte/onedrive/desktop/programs/nios2eds/bin/gnu/h-x86_64-mingw32/bin/../lib/gcc/nios2-elf/5.3.0/../../../../../H-x86_64-mingw32/nios2-elf/lib/mno-hw-mul\libc.a(lib_a-vfprintf.o)
 .rodata.zeroes.4404
                0x000000000801694a       0x10 c:/users/hunte/onedrive/desktop/programs/nios2eds/bin/gnu/h-x86_64-mingw32/bin/../lib/gcc/nios2-elf/5.3.0/../../../../../H-x86_64-mingw32/nios2-elf/lib/mno-hw-mul\libc.a(lib_a-vfprintf.o)
 .rodata.blanks.4403
                0x000000000801695a       0x10 c:/users/hunte/onedrive/desktop/programs/nios2eds/bin/gnu/h-x86_64-mingw32/bin/../lib/gcc/nios2-elf/5.3.0/../../../../../H-x86_64-mingw32/nios2-elf/lib/mno-hw-mul\libc.a(lib_a-vfprintf.o)
 *fill*         0x000000000801696a        0x2 
 .rodata.str1.4
                0x000000000801696c       0x10 c:/users/hunte/onedrive/desktop/programs/nios2eds/bin/gnu/h-x86_64-mingw32/bin/../lib/gcc/nios2-elf/5.3.0/../../../../../H-x86_64-mingw32/nios2-elf/lib/mno-hw-mul\libc.a(lib_a-dtoa.o)
                                         0x12 (size before relaxing)
 .rodata.str1.4
                0x000000000801697c        0x2 c:/users/hunte/onedrive/desktop/programs/nios2eds/bin/gnu/h-x86_64-mingw32/bin/../lib/gcc/nios2-elf/5.3.0/../../../../../H-x86_64-mingw32/nios2-elf/lib/mno-hw-mul\libc.a(lib_a-impure.o)
 *fill*         0x000000000801697e        0x2 
 .rodata.str1.4
                0x0000000008016980        0xc c:/users/hunte/onedrive/desktop/programs/nios2eds/bin/gnu/h-x86_64-mingw32/bin/../lib/gcc/nios2-elf/5.3.0/../../../../../H-x86_64-mingw32/nios2-elf/lib/mno-hw-mul\libc.a(lib_a-locale.o)
                                         0x12 (size before relaxing)
 .rodata.p05.2768
                0x000000000801698c        0xc c:/users/hunte/onedrive/desktop/programs/nios2eds/bin/gnu/h-x86_64-mingw32/bin/../lib/gcc/nios2-elf/5.3.0/../../../../../H-x86_64-mingw32/nios2-elf/lib/mno-hw-mul\libc.a(lib_a-mprec.o)
 .rodata.__mprec_tinytens
                0x0000000008016998       0x28 c:/users/hunte/onedrive/desktop/programs/nios2eds/bin/gnu/h-x86_64-mingw32/bin/../lib/gcc/nios2-elf/5.3.0/../../../../../H-x86_64-mingw32/nios2-elf/lib/mno-hw-mul\libc.a(lib_a-mprec.o)
                0x0000000008016998                __mprec_tinytens
 .rodata.__mprec_bigtens
                0x00000000080169c0       0x28 c:/users/hunte/onedrive/desktop/programs/nios2eds/bin/gnu/h-x86_64-mingw32/bin/../lib/gcc/nios2-elf/5.3.0/../../../../../H-x86_64-mingw32/nios2-elf/lib/mno-hw-mul\libc.a(lib_a-mprec.o)
                0x00000000080169c0                __mprec_bigtens
 .rodata.__mprec_tens
                0x00000000080169e8       0xc8 c:/users/hunte/onedrive/desktop/programs/nios2eds/bin/gnu/h-x86_64-mingw32/bin/../lib/gcc/nios2-elf/5.3.0/../../../../../H-x86_64-mingw32/nios2-elf/lib/mno-hw-mul\libc.a(lib_a-mprec.o)
                0x00000000080169e8                __mprec_tens
 .rodata.str1.4
                0x0000000008016ab0       0x2f c:/users/hunte/onedrive/desktop/programs/nios2eds/bin/gnu/h-x86_64-mingw32/bin/../lib/gcc/nios2-elf/5.3.0/../../../../../H-x86_64-mingw32/nios2-elf/lib/mno-hw-mul\libc.a(lib_a-svfiprintf.o)
 .rodata.zeroes.4333
                0x0000000008016ab0       0x10 c:/users/hunte/onedrive/desktop/programs/nios2eds/bin/gnu/h-x86_64-mingw32/bin/../lib/gcc/nios2-elf/5.3.0/../../../../../H-x86_64-mingw32/nios2-elf/lib/mno-hw-mul\libc.a(lib_a-svfiprintf.o)
 .rodata.blanks.4332
                0x0000000008016ac0       0x10 c:/users/hunte/onedrive/desktop/programs/nios2eds/bin/gnu/h-x86_64-mingw32/bin/../lib/gcc/nios2-elf/5.3.0/../../../../../H-x86_64-mingw32/nios2-elf/lib/mno-hw-mul\libc.a(lib_a-svfiprintf.o)
 .rodata.str1.4
                0x0000000008016ad0       0x2f c:/users/hunte/onedrive/desktop/programs/nios2eds/bin/gnu/h-x86_64-mingw32/bin/../lib/gcc/nios2-elf/5.3.0/../../../../../H-x86_64-mingw32/nios2-elf/lib/mno-hw-mul\libc.a(lib_a-vfiprintf.o)
 .rodata.zeroes.4349
                0x0000000008016ad0       0x10 c:/users/hunte/onedrive/desktop/programs/nios2eds/bin/gnu/h-x86_64-mingw32/bin/../lib/gcc/nios2-elf/5.3.0/../../../../../H-x86_64-mingw32/nios2-elf/lib/mno-hw-mul\libc.a(lib_a-vfiprintf.o)
 .rodata.blanks.4348
                0x0000000008016ae0       0x10 c:/users/hunte/onedrive/desktop/programs/nios2eds/bin/gnu/h-x86_64-mingw32/bin/../lib/gcc/nios2-elf/5.3.0/../../../../../H-x86_64-mingw32/nios2-elf/lib/mno-hw-mul\libc.a(lib_a-vfiprintf.o)
 .rodata        0x0000000008016af0      0x100 c:/users/hunte/onedrive/desktop/programs/nios2eds/bin/gnu/h-x86_64-mingw32/bin/../lib/gcc/nios2-elf/5.3.0/mno-hw-mul\libgcc.a(_clz.o)
                0x0000000008016af0                __clz_tab
 .rodata        0x0000000008016bf0        0xa ../lab7_bsp/\libhal_bsp.a(alt_dev.o)
 *fill*         0x0000000008016bfa        0x2 
 .rodata        0x0000000008016bfc       0x11 ../lab7_bsp/\libhal_bsp.a(alt_main.o)
 *fill*         0x0000000008016c0d        0x3 
 .rodata        0x0000000008016c10       0x11 ../lab7_bsp/\libhal_bsp.a(alt_sys_init.o)
 *(.rodata1)
                0x0000000008016c24                . = ALIGN (0x4)
 *fill*         0x0000000008016c21        0x3 
                0x0000000008016c24                PROVIDE (__ram_rodata_end, ABSOLUTE (.))
                0x000000000801665c                PROVIDE (__flash_rodata_start, LOADADDR (.rodata))

.rwdata         0x0000000008016c24     0x1e14 load address 0x0000000008018a38
                0x0000000008016c24                PROVIDE (__ram_rwdata_start, ABSOLUTE (.))
                0x0000000008016c24                . = ALIGN (0x4)
 *(.got.plt)
 *(.got)
 *(.data1)
 *(.data .data.* .gnu.linkonce.d.*)
 .data          0x0000000008016c24        0x0 ../lab7_bsp//obj/HAL/src/crt0.o
 .data          0x0000000008016c24        0x0 obj/default/main.o
 .data          0x0000000008016c24      0x170 obj/default/palette_test.o
 .data          0x0000000008016d94      0x170 obj/default/text_mode_vga_color.o
 .data          0x0000000008016f04        0x0 obj/default/usb_kb/HID.o
 .data          0x0000000008016f04        0x0 obj/default/usb_kb/MAX3421E.o
 .data          0x0000000008016f04       0x30 obj/default/usb_kb/transfer.o
                0x0000000008016f04                ClientDriverTable
 .data          0x0000000008016f34        0x0 c:/users/hunte/onedrive/desktop/programs/nios2eds/bin/gnu/h-x86_64-mingw32/bin/../lib/gcc/nios2-elf/5.3.0/mno-hw-mul\libgcc.a(lib2-divmod.o)
 .data          0x0000000008016f34        0x0 c:/users/hunte/onedrive/desktop/programs/nios2eds/bin/gnu/h-x86_64-mingw32/bin/../lib/gcc/nios2-elf/5.3.0/mno-hw-mul\libgcc.a(lib2-mul.o)
 .data          0x0000000008016f34        0x0 c:/users/hunte/onedrive/desktop/programs/nios2eds/bin/gnu/h-x86_64-mingw32/bin/../lib/gcc/nios2-elf/5.3.0/../../../../../H-x86_64-mingw32/nios2-elf/lib/mno-hw-mul\libc.a(lib_a-printf.o)
 .data          0x0000000008016f34        0x0 c:/users/hunte/onedrive/desktop/programs/nios2eds/bin/gnu/h-x86_64-mingw32/bin/../lib/gcc/nios2-elf/5.3.0/../../../../../H-x86_64-mingw32/nios2-elf/lib/mno-hw-mul\libc.a(lib_a-putchar.o)
 .data          0x0000000008016f34        0x0 c:/users/hunte/onedrive/desktop/programs/nios2eds/bin/gnu/h-x86_64-mingw32/bin/../lib/gcc/nios2-elf/5.3.0/../../../../../H-x86_64-mingw32/nios2-elf/lib/mno-hw-mul\libc.a(lib_a-puts.o)
 .data          0x0000000008016f34        0x0 c:/users/hunte/onedrive/desktop/programs/nios2eds/bin/gnu/h-x86_64-mingw32/bin/../lib/gcc/nios2-elf/5.3.0/../../../../../H-x86_64-mingw32/nios2-elf/lib/mno-hw-mul\libc.a(lib_a-rand.o)
 .data          0x0000000008016f34        0x0 c:/users/hunte/onedrive/desktop/programs/nios2eds/bin/gnu/h-x86_64-mingw32/bin/../lib/gcc/nios2-elf/5.3.0/../../../../../H-x86_64-mingw32/nios2-elf/lib/mno-hw-mul\libc.a(lib_a-sprintf.o)
 .data          0x0000000008016f34        0x0 c:/users/hunte/onedrive/desktop/programs/nios2eds/bin/gnu/h-x86_64-mingw32/bin/../lib/gcc/nios2-elf/5.3.0/../../../../../H-x86_64-mingw32/nios2-elf/lib/mno-hw-mul\libc.a(lib_a-strlen.o)
 .data          0x0000000008016f34        0x0 c:/users/hunte/onedrive/desktop/programs/nios2eds/bin/gnu/h-x86_64-mingw32/bin/../lib/gcc/nios2-elf/5.3.0/../../../../../H-x86_64-mingw32/nios2-elf/lib/mno-hw-mul\libc.a(lib_a-svfprintf.o)
 .data          0x0000000008016f34        0x0 c:/users/hunte/onedrive/desktop/programs/nios2eds/bin/gnu/h-x86_64-mingw32/bin/../lib/gcc/nios2-elf/5.3.0/../../../../../H-x86_64-mingw32/nios2-elf/lib/mno-hw-mul\libc.a(lib_a-vfprintf.o)
 .data          0x0000000008016f34        0x0 c:/users/hunte/onedrive/desktop/programs/nios2eds/bin/gnu/h-x86_64-mingw32/bin/../lib/gcc/nios2-elf/5.3.0/../../../../../H-x86_64-mingw32/nios2-elf/lib/mno-hw-mul\libc.a(lib_a-wsetup.o)
 .data          0x0000000008016f34        0x0 c:/users/hunte/onedrive/desktop/programs/nios2eds/bin/gnu/h-x86_64-mingw32/bin/../lib/gcc/nios2-elf/5.3.0/../../../../../H-x86_64-mingw32/nios2-elf/lib/mno-hw-mul\libc.a(lib_a-dtoa.o)
 .data          0x0000000008016f34        0x0 c:/users/hunte/onedrive/desktop/programs/nios2eds/bin/gnu/h-x86_64-mingw32/bin/../lib/gcc/nios2-elf/5.3.0/../../../../../H-x86_64-mingw32/nios2-elf/lib/mno-hw-mul\libc.a(lib_a-fflush.o)
 .data          0x0000000008016f34        0x0 c:/users/hunte/onedrive/desktop/programs/nios2eds/bin/gnu/h-x86_64-mingw32/bin/../lib/gcc/nios2-elf/5.3.0/../../../../../H-x86_64-mingw32/nios2-elf/lib/mno-hw-mul\libc.a(lib_a-findfp.o)
 .data          0x0000000008016f34        0x0 c:/users/hunte/onedrive/desktop/programs/nios2eds/bin/gnu/h-x86_64-mingw32/bin/../lib/gcc/nios2-elf/5.3.0/../../../../../H-x86_64-mingw32/nios2-elf/lib/mno-hw-mul\libc.a(lib_a-freer.o)
 .data          0x0000000008016f34        0x0 c:/users/hunte/onedrive/desktop/programs/nios2eds/bin/gnu/h-x86_64-mingw32/bin/../lib/gcc/nios2-elf/5.3.0/../../../../../H-x86_64-mingw32/nios2-elf/lib/mno-hw-mul\libc.a(lib_a-fvwrite.o)
 .data          0x0000000008016f34        0x0 c:/users/hunte/onedrive/desktop/programs/nios2eds/bin/gnu/h-x86_64-mingw32/bin/../lib/gcc/nios2-elf/5.3.0/../../../../../H-x86_64-mingw32/nios2-elf/lib/mno-hw-mul\libc.a(lib_a-fwalk.o)
 .data          0x0000000008016f34        0x0 c:/users/hunte/onedrive/desktop/programs/nios2eds/bin/gnu/h-x86_64-mingw32/bin/../lib/gcc/nios2-elf/5.3.0/../../../../../H-x86_64-mingw32/nios2-elf/lib/mno-hw-mul\libc.a(lib_a-impure.o)
 .data.impure_data
                0x0000000008016f34      0x424 c:/users/hunte/onedrive/desktop/programs/nios2eds/bin/gnu/h-x86_64-mingw32/bin/../lib/gcc/nios2-elf/5.3.0/../../../../../H-x86_64-mingw32/nios2-elf/lib/mno-hw-mul\libc.a(lib_a-impure.o)
 .data          0x0000000008017358        0x0 c:/users/hunte/onedrive/desktop/programs/nios2eds/bin/gnu/h-x86_64-mingw32/bin/../lib/gcc/nios2-elf/5.3.0/../../../../../H-x86_64-mingw32/nios2-elf/lib/mno-hw-mul\libc.a(lib_a-locale.o)
 .data.lc_message_charset
                0x0000000008017358       0x20 c:/users/hunte/onedrive/desktop/programs/nios2eds/bin/gnu/h-x86_64-mingw32/bin/../lib/gcc/nios2-elf/5.3.0/../../../../../H-x86_64-mingw32/nios2-elf/lib/mno-hw-mul\libc.a(lib_a-locale.o)
 .data.lc_ctype_charset
                0x0000000008017378       0x20 c:/users/hunte/onedrive/desktop/programs/nios2eds/bin/gnu/h-x86_64-mingw32/bin/../lib/gcc/nios2-elf/5.3.0/../../../../../H-x86_64-mingw32/nios2-elf/lib/mno-hw-mul\libc.a(lib_a-locale.o)
 .data.lconv    0x0000000008017398       0x38 c:/users/hunte/onedrive/desktop/programs/nios2eds/bin/gnu/h-x86_64-mingw32/bin/../lib/gcc/nios2-elf/5.3.0/../../../../../H-x86_64-mingw32/nios2-elf/lib/mno-hw-mul\libc.a(lib_a-locale.o)
 .data          0x00000000080173d0        0x0 c:/users/hunte/onedrive/desktop/programs/nios2eds/bin/gnu/h-x86_64-mingw32/bin/../lib/gcc/nios2-elf/5.3.0/../../../../../H-x86_64-mingw32/nios2-elf/lib/mno-hw-mul\libc.a(lib_a-makebuf.o)
 .data          0x00000000080173d0        0x0 c:/users/hunte/onedrive/desktop/programs/nios2eds/bin/gnu/h-x86_64-mingw32/bin/../lib/gcc/nios2-elf/5.3.0/../../../../../H-x86_64-mingw32/nios2-elf/lib/mno-hw-mul\libc.a(lib_a-mallocr.o)
 .data.__malloc_av_
                0x00000000080173d0      0x408 c:/users/hunte/onedrive/desktop/programs/nios2eds/bin/gnu/h-x86_64-mingw32/bin/../lib/gcc/nios2-elf/5.3.0/../../../../../H-x86_64-mingw32/nios2-elf/lib/mno-hw-mul\libc.a(lib_a-mallocr.o)
                0x00000000080173d0                __malloc_av_
 .data          0x00000000080177d8        0x0 c:/users/hunte/onedrive/desktop/programs/nios2eds/bin/gnu/h-x86_64-mingw32/bin/../lib/gcc/nios2-elf/5.3.0/../../../../../H-x86_64-mingw32/nios2-elf/lib/mno-hw-mul\libc.a(lib_a-memchr.o)
 .data          0x00000000080177d8        0x0 c:/users/hunte/onedrive/desktop/programs/nios2eds/bin/gnu/h-x86_64-mingw32/bin/../lib/gcc/nios2-elf/5.3.0/../../../../../H-x86_64-mingw32/nios2-elf/lib/mno-hw-mul\libc.a(lib_a-memcpy.o)
 .data          0x00000000080177d8        0x0 c:/users/hunte/onedrive/desktop/programs/nios2eds/bin/gnu/h-x86_64-mingw32/bin/../lib/gcc/nios2-elf/5.3.0/../../../../../H-x86_64-mingw32/nios2-elf/lib/mno-hw-mul\libc.a(lib_a-memmove.o)
 .data          0x00000000080177d8        0x0 c:/users/hunte/onedrive/desktop/programs/nios2eds/bin/gnu/h-x86_64-mingw32/bin/../lib/gcc/nios2-elf/5.3.0/../../../../../H-x86_64-mingw32/nios2-elf/lib/mno-hw-mul\libc.a(lib_a-memset.o)
 .data          0x00000000080177d8        0x0 c:/users/hunte/onedrive/desktop/programs/nios2eds/bin/gnu/h-x86_64-mingw32/bin/../lib/gcc/nios2-elf/5.3.0/../../../../../H-x86_64-mingw32/nios2-elf/lib/mno-hw-mul\libc.a(lib_a-mprec.o)
 .data          0x00000000080177d8        0x0 c:/users/hunte/onedrive/desktop/programs/nios2eds/bin/gnu/h-x86_64-mingw32/bin/../lib/gcc/nios2-elf/5.3.0/../../../../../H-x86_64-mingw32/nios2-elf/lib/mno-hw-mul\libc.a(lib_a-putc.o)
 .data          0x00000000080177d8        0x0 c:/users/hunte/onedrive/desktop/programs/nios2eds/bin/gnu/h-x86_64-mingw32/bin/../lib/gcc/nios2-elf/5.3.0/../../../../../H-x86_64-mingw32/nios2-elf/lib/mno-hw-mul\libc.a(lib_a-reallocr.o)
 .data          0x00000000080177d8        0x0 c:/users/hunte/onedrive/desktop/programs/nios2eds/bin/gnu/h-x86_64-mingw32/bin/../lib/gcc/nios2-elf/5.3.0/../../../../../H-x86_64-mingw32/nios2-elf/lib/mno-hw-mul\libc.a(lib_a-s_fpclassify.o)
 .data          0x00000000080177d8        0x0 c:/users/hunte/onedrive/desktop/programs/nios2eds/bin/gnu/h-x86_64-mingw32/bin/../lib/gcc/nios2-elf/5.3.0/../../../../../H-x86_64-mingw32/nios2-elf/lib/mno-hw-mul\libc.a(lib_a-sbrkr.o)
 .data          0x00000000080177d8        0x0 c:/users/hunte/onedrive/desktop/programs/nios2eds/bin/gnu/h-x86_64-mingw32/bin/../lib/gcc/nios2-elf/5.3.0/../../../../../H-x86_64-mingw32/nios2-elf/lib/mno-hw-mul\libc.a(lib_a-stdio.o)
 .data          0x00000000080177d8        0x0 c:/users/hunte/onedrive/desktop/programs/nios2eds/bin/gnu/h-x86_64-mingw32/bin/../lib/gcc/nios2-elf/5.3.0/../../../../../H-x86_64-mingw32/nios2-elf/lib/mno-hw-mul\libc.a(lib_a-strcmp.o)
 .data          0x00000000080177d8        0x0 c:/users/hunte/onedrive/desktop/programs/nios2eds/bin/gnu/h-x86_64-mingw32/bin/../lib/gcc/nios2-elf/5.3.0/../../../../../H-x86_64-mingw32/nios2-elf/lib/mno-hw-mul\libc.a(lib_a-svfiprintf.o)
 .data          0x00000000080177d8        0x0 c:/users/hunte/onedrive/desktop/programs/nios2eds/bin/gnu/h-x86_64-mingw32/bin/../lib/gcc/nios2-elf/5.3.0/../../../../../H-x86_64-mingw32/nios2-elf/lib/mno-hw-mul\libc.a(lib_a-vfiprintf.o)
 .data          0x00000000080177d8        0x0 c:/users/hunte/onedrive/desktop/programs/nios2eds/bin/gnu/h-x86_64-mingw32/bin/../lib/gcc/nios2-elf/5.3.0/../../../../../H-x86_64-mingw32/nios2-elf/lib/mno-hw-mul\libc.a(lib_a-wbuf.o)
 .data          0x00000000080177d8        0x0 c:/users/hunte/onedrive/desktop/programs/nios2eds/bin/gnu/h-x86_64-mingw32/bin/../lib/gcc/nios2-elf/5.3.0/../../../../../H-x86_64-mingw32/nios2-elf/lib/mno-hw-mul\libc.a(lib_a-writer.o)
 .data          0x00000000080177d8        0x0 c:/users/hunte/onedrive/desktop/programs/nios2eds/bin/gnu/h-x86_64-mingw32/bin/../lib/gcc/nios2-elf/5.3.0/../../../../../H-x86_64-mingw32/nios2-elf/lib/mno-hw-mul\libc.a(closer.o)
 .data          0x00000000080177d8        0x0 c:/users/hunte/onedrive/desktop/programs/nios2eds/bin/gnu/h-x86_64-mingw32/bin/../lib/gcc/nios2-elf/5.3.0/../../../../../H-x86_64-mingw32/nios2-elf/lib/mno-hw-mul\libc.a(lib_a-callocr.o)
 .data          0x00000000080177d8        0x0 c:/users/hunte/onedrive/desktop/programs/nios2eds/bin/gnu/h-x86_64-mingw32/bin/../lib/gcc/nios2-elf/5.3.0/../../../../../H-x86_64-mingw32/nios2-elf/lib/mno-hw-mul\libc.a(lib_a-fclose.o)
 .data          0x00000000080177d8        0x0 c:/users/hunte/onedrive/desktop/programs/nios2eds/bin/gnu/h-x86_64-mingw32/bin/../lib/gcc/nios2-elf/5.3.0/../../../../../H-x86_64-mingw32/nios2-elf/lib/mno-hw-mul\libc.a(lib_a-fputwc.o)
 .data          0x00000000080177d8        0x0 c:/users/hunte/onedrive/desktop/programs/nios2eds/bin/gnu/h-x86_64-mingw32/bin/../lib/gcc/nios2-elf/5.3.0/../../../../../H-x86_64-mingw32/nios2-elf/lib/mno-hw-mul\libc.a(lib_a-fstatr.o)
 .data          0x00000000080177d8        0x0 c:/users/hunte/onedrive/desktop/programs/nios2eds/bin/gnu/h-x86_64-mingw32/bin/../lib/gcc/nios2-elf/5.3.0/../../../../../H-x86_64-mingw32/nios2-elf/lib/mno-hw-mul\libc.a(lib_a-int_errno.o)
 .data          0x00000000080177d8        0x0 c:/users/hunte/onedrive/desktop/programs/nios2eds/bin/gnu/h-x86_64-mingw32/bin/../lib/gcc/nios2-elf/5.3.0/../../../../../H-x86_64-mingw32/nios2-elf/lib/mno-hw-mul\libc.a(lib_a-isattyr.o)
 .data          0x00000000080177d8        0x0 c:/users/hunte/onedrive/desktop/programs/nios2eds/bin/gnu/h-x86_64-mingw32/bin/../lib/gcc/nios2-elf/5.3.0/../../../../../H-x86_64-mingw32/nios2-elf/lib/mno-hw-mul\libc.a(lib_a-lseekr.o)
 .data          0x00000000080177d8        0x0 c:/users/hunte/onedrive/desktop/programs/nios2eds/bin/gnu/h-x86_64-mingw32/bin/../lib/gcc/nios2-elf/5.3.0/../../../../../H-x86_64-mingw32/nios2-elf/lib/mno-hw-mul\libc.a(lib_a-readr.o)
 .data          0x00000000080177d8        0x0 c:/users/hunte/onedrive/desktop/programs/nios2eds/bin/gnu/h-x86_64-mingw32/bin/../lib/gcc/nios2-elf/5.3.0/../../../../../H-x86_64-mingw32/nios2-elf/lib/mno-hw-mul\libc.a(lib_a-wcrtomb.o)
 .data          0x00000000080177d8        0x0 c:/users/hunte/onedrive/desktop/programs/nios2eds/bin/gnu/h-x86_64-mingw32/bin/../lib/gcc/nios2-elf/5.3.0/../../../../../H-x86_64-mingw32/nios2-elf/lib/mno-hw-mul\libc.a(lib_a-wctomb_r.o)
 .data          0x00000000080177d8        0x0 c:/users/hunte/onedrive/desktop/programs/nios2eds/bin/gnu/h-x86_64-mingw32/bin/../lib/gcc/nios2-elf/5.3.0/mno-hw-mul\libgcc.a(_muldi3.o)
 .data          0x00000000080177d8        0x0 c:/users/hunte/onedrive/desktop/programs/nios2eds/bin/gnu/h-x86_64-mingw32/bin/../lib/gcc/nios2-elf/5.3.0/mno-hw-mul\libgcc.a(_udivdi3.o)
 .data          0x00000000080177d8        0x0 c:/users/hunte/onedrive/desktop/programs/nios2eds/bin/gnu/h-x86_64-mingw32/bin/../lib/gcc/nios2-elf/5.3.0/mno-hw-mul\libgcc.a(_umoddi3.o)
 .data          0x00000000080177d8        0x0 c:/users/hunte/onedrive/desktop/programs/nios2eds/bin/gnu/h-x86_64-mingw32/bin/../lib/gcc/nios2-elf/5.3.0/mno-hw-mul\libgcc.a(adddf3.o)
 .data          0x00000000080177d8        0x0 c:/users/hunte/onedrive/desktop/programs/nios2eds/bin/gnu/h-x86_64-mingw32/bin/../lib/gcc/nios2-elf/5.3.0/mno-hw-mul\libgcc.a(divdf3.o)
 .data          0x00000000080177d8        0x0 c:/users/hunte/onedrive/desktop/programs/nios2eds/bin/gnu/h-x86_64-mingw32/bin/../lib/gcc/nios2-elf/5.3.0/mno-hw-mul\libgcc.a(eqdf2.o)
 .data          0x00000000080177d8        0x0 c:/users/hunte/onedrive/desktop/programs/nios2eds/bin/gnu/h-x86_64-mingw32/bin/../lib/gcc/nios2-elf/5.3.0/mno-hw-mul\libgcc.a(gedf2.o)
 .data          0x00000000080177d8        0x0 c:/users/hunte/onedrive/desktop/programs/nios2eds/bin/gnu/h-x86_64-mingw32/bin/../lib/gcc/nios2-elf/5.3.0/mno-hw-mul\libgcc.a(ledf2.o)
 .data          0x00000000080177d8        0x0 c:/users/hunte/onedrive/desktop/programs/nios2eds/bin/gnu/h-x86_64-mingw32/bin/../lib/gcc/nios2-elf/5.3.0/mno-hw-mul\libgcc.a(muldf3.o)
 .data          0x00000000080177d8        0x0 c:/users/hunte/onedrive/desktop/programs/nios2eds/bin/gnu/h-x86_64-mingw32/bin/../lib/gcc/nios2-elf/5.3.0/mno-hw-mul\libgcc.a(subdf3.o)
 .data          0x00000000080177d8        0x0 c:/users/hunte/onedrive/desktop/programs/nios2eds/bin/gnu/h-x86_64-mingw32/bin/../lib/gcc/nios2-elf/5.3.0/mno-hw-mul\libgcc.a(fixdfsi.o)
 .data          0x00000000080177d8        0x0 c:/users/hunte/onedrive/desktop/programs/nios2eds/bin/gnu/h-x86_64-mingw32/bin/../lib/gcc/nios2-elf/5.3.0/mno-hw-mul\libgcc.a(floatsidf.o)
 .data          0x00000000080177d8        0x0 c:/users/hunte/onedrive/desktop/programs/nios2eds/bin/gnu/h-x86_64-mingw32/bin/../lib/gcc/nios2-elf/5.3.0/mno-hw-mul\libgcc.a(floatunsidf.o)
 .data          0x00000000080177d8        0x0 c:/users/hunte/onedrive/desktop/programs/nios2eds/bin/gnu/h-x86_64-mingw32/bin/../lib/gcc/nios2-elf/5.3.0/mno-hw-mul\libgcc.a(_clz.o)
 .data          0x00000000080177d8        0x0 c:/users/hunte/onedrive/desktop/programs/nios2eds/bin/gnu/h-x86_64-mingw32/bin/../lib/gcc/nios2-elf/5.3.0/mno-hw-mul\libgcc.a(_clzsi2.o)
 .data          0x00000000080177d8        0x0 ../lab7_bsp/\libhal_bsp.a(alt_close.o)
 .data          0x00000000080177d8      0x1a8 ../lab7_bsp/\libhal_bsp.a(alt_dev.o)
                0x00000000080177d8                alt_dev_null
                0x0000000008017800                alt_fd_list
 .data          0x0000000008017980        0x0 ../lab7_bsp/\libhal_bsp.a(alt_errno.o)
 .data          0x0000000008017980        0x0 ../lab7_bsp/\libhal_bsp.a(alt_fstat.o)
 .data          0x0000000008017980        0x0 ../lab7_bsp/\libhal_bsp.a(alt_isatty.o)
 .data          0x0000000008017980        0x0 ../lab7_bsp/\libhal_bsp.a(alt_load.o)
 .data          0x0000000008017980        0x0 ../lab7_bsp/\libhal_bsp.a(alt_lseek.o)
 .data          0x0000000008017980        0x0 ../lab7_bsp/\libhal_bsp.a(alt_main.o)
 .data          0x0000000008017980        0x0 ../lab7_bsp/\libhal_bsp.a(alt_malloc_lock.o)
 .data          0x0000000008017980        0x0 ../lab7_bsp/\libhal_bsp.a(alt_read.o)
 .data          0x0000000008017980        0x0 ../lab7_bsp/\libhal_bsp.a(alt_release_fd.o)
 .data          0x0000000008017980        0x0 ../lab7_bsp/\libhal_bsp.a(alt_sbrk.o)
 .data          0x0000000008017980        0x0 ../lab7_bsp/\libhal_bsp.a(alt_tick.o)
 .data          0x0000000008017980        0x0 ../lab7_bsp/\libhal_bsp.a(alt_usleep.o)
 .data          0x0000000008017980        0x0 ../lab7_bsp/\libhal_bsp.a(alt_write.o)
 .data          0x0000000008017980     0x1060 ../lab7_bsp/\libhal_bsp.a(alt_sys_init.o)
 .data          0x00000000080189e0        0x0 ../lab7_bsp/\libhal_bsp.a(altera_avalon_jtag_uart_fd.o)
 .data          0x00000000080189e0        0x0 ../lab7_bsp/\libhal_bsp.a(altera_avalon_jtag_uart_init.o)
 .data          0x00000000080189e0        0x0 ../lab7_bsp/\libhal_bsp.a(altera_avalon_jtag_uart_ioctl.o)
 .data          0x00000000080189e0        0x0 ../lab7_bsp/\libhal_bsp.a(altera_avalon_jtag_uart_read.o)
 .data          0x00000000080189e0        0x0 ../lab7_bsp/\libhal_bsp.a(altera_avalon_jtag_uart_write.o)
 .data          0x00000000080189e0        0x0 ../lab7_bsp/\libhal_bsp.a(altera_avalon_spi.o)
 .data          0x00000000080189e0        0x0 ../lab7_bsp/\libhal_bsp.a(altera_avalon_timer_sc.o)
 .data          0x00000000080189e0        0x0 ../lab7_bsp/\libhal_bsp.a(alt_alarm_start.o)
 .data          0x00000000080189e0        0x0 ../lab7_bsp/\libhal_bsp.a(alt_busy_sleep.o)
 .data          0x00000000080189e0        0x0 ../lab7_bsp/\libhal_bsp.a(alt_dcache_flush_all.o)
 .data          0x00000000080189e0        0x0 ../lab7_bsp/\libhal_bsp.a(alt_dev_llist_insert.o)
 .data          0x00000000080189e0        0x0 ../lab7_bsp/\libhal_bsp.a(alt_do_ctors.o)