Archive member included to satisfy reference by file (symbol)

c:/users/hunte/onedrive/desktop/programs/nios2eds/bin/gnu/h-x86_64-mingw32/bin/../lib/gcc/nios2-elf/5.3.0/mno-hw-mul\libgcc.a(lib2-divmod.o)
                              obj/default/main.o (__divsi3)
c:/users/hunte/onedrive/desktop/programs/nios2eds/bin/gnu/h-x86_64-mingw32/bin/../lib/gcc/nios2-elf/5.3.0/mno-hw-mul\libgcc.a(lib2-mul.o)
                              obj/default/usb_kb/transfer.o (__mulsi3)
c:/users/hunte/onedrive/desktop/programs/nios2eds/bin/gnu/h-x86_64-mingw32/bin/../lib/gcc/nios2-elf/5.3.0/../../../../../H-x86_64-mingw32/nios2-elf/lib/mno-hw-mul\libc.a(lib_a-printf.o)
                              obj/default/main.o (printf)
c:/users/hunte/onedrive/desktop/programs/nios2eds/bin/gnu/h-x86_64-mingw32/bin/../lib/gcc/nios2-elf/5.3.0/../../../../../H-x86_64-mingw32/nios2-elf/lib/mno-hw-mul\libc.a(lib_a-putchar.o)
                              obj/default/main.o (putchar)
c:/users/hunte/onedrive/desktop/programs/nios2eds/bin/gnu/h-x86_64-mingw32/bin/../lib/gcc/nios2-elf/5.3.0/../../../../../H-x86_64-mingw32/nios2-elf/lib/mno-hw-mul\libc.a(lib_a-puts.o)
                              obj/default/main.o (puts)
c:/users/hunte/onedrive/desktop/programs/nios2eds/bin/gnu/h-x86_64-mingw32/bin/../lib/gcc/nios2-elf/5.3.0/../../../../../H-x86_64-mingw32/nios2-elf/lib/mno-hw-mul\libc.a(lib_a-strlen.o)
                              c:/users/hunte/onedrive/desktop/programs/nios2eds/bin/gnu/h-x86_64-mingw32/bin/../lib/gcc/nios2-elf/5.3.0/../../../../../H-x86_64-mingw32/nios2-elf/lib/mno-hw-mul\libc.a(lib_a-puts.o) (strlen)
c:/users/hunte/onedrive/desktop/programs/nios2eds/bin/gnu/h-x86_64-mingw32/bin/../lib/gcc/nios2-elf/5.3.0/../../../../../H-x86_64-mingw32/nios2-elf/lib/mno-hw-mul\libc.a(lib_a-vfprintf.o)
                              c:/users/hunte/onedrive/desktop/programs/nios2eds/bin/gnu/h-x86_64-mingw32/bin/../lib/gcc/nios2-elf/5.3.0/../../../../../H-x86_64-mingw32/nios2-elf/lib/mno-hw-mul\libc.a(lib_a-printf.o) (___vfprintf_internal_r)
c:/users/hunte/onedrive/desktop/programs/nios2eds/bin/gnu/h-x86_64-mingw32/bin/../lib/gcc/nios2-elf/5.3.0/../../../../../H-x86_64-mingw32/nios2-elf/lib/mno-hw-mul\libc.a(lib_a-wsetup.o)
                              c:/users/hunte/onedrive/desktop/programs/nios2eds/bin/gnu/h-x86_64-mingw32/bin/../lib/gcc/nios2-elf/5.3.0/../../../../../H-x86_64-mingw32/nios2-elf/lib/mno-hw-mul\libc.a(lib_a-vfprintf.o) (__swsetup_r)
c:/users/hunte/onedrive/desktop/programs/nios2eds/bin/gnu/h-x86_64-mingw32/bin/../lib/gcc/nios2-elf/5.3.0/../../../../../H-x86_64-mingw32/nios2-elf/lib/mno-hw-mul\libc.a(lib_a-dtoa.o)
                              c:/users/hunte/onedrive/desktop/programs/nios2eds/bin/gnu/h-x86_64-mingw32/bin/../lib/gcc/nios2-elf/5.3.0/../../../../../H-x86_64-mingw32/nios2-elf/lib/mno-hw-mul\libc.a(lib_a-vfprintf.o) (_dtoa_r)
c:/users/hunte/onedrive/desktop/programs/nios2eds/bin/gnu/h-x86_64-mingw32/bin/../lib/gcc/nios2-elf/5.3.0/../../../../../H-x86_64-mingw32/nios2-elf/lib/mno-hw-mul\libc.a(lib_a-fflush.o)
                              c:/users/hunte/onedrive/desktop/programs/nios2eds/bin/gnu/h-x86_64-mingw32/bin/../lib/gcc/nios2-elf/5.3.0/../../../../../H-x86_64-mingw32/nios2-elf/lib/mno-hw-mul\libc.a(lib_a-vfprintf.o) (_fflush_r)
c:/users/hunte/onedrive/desktop/programs/nios2eds/bin/gnu/h-x86_64-mingw32/bin/../lib/gcc/nios2-elf/5.3.0/../../../../../H-x86_64-mingw32/nios2-elf/lib/mno-hw-mul\libc.a(lib_a-findfp.o)
                              c:/users/hunte/onedrive/desktop/programs/nios2eds/bin/gnu/h-x86_64-mingw32/bin/../lib/gcc/nios2-elf/5.3.0/../../../../../H-x86_64-mingw32/nios2-elf/lib/mno-hw-mul\libc.a(lib_a-puts.o) (__sinit)
c:/users/hunte/onedrive/desktop/programs/nios2eds/bin/gnu/h-x86_64-mingw32/bin/../lib/gcc/nios2-elf/5.3.0/../../../../../H-x86_64-mingw32/nios2-elf/lib/mno-hw-mul\libc.a(lib_a-freer.o)
                              c:/users/hunte/onedrive/desktop/programs/nios2eds/bin/gnu/h-x86_64-mingw32/bin/../lib/gcc/nios2-elf/5.3.0/../../../../../H-x86_64-mingw32/nios2-elf/lib/mno-hw-mul\libc.a(lib_a-wsetup.o) (_free_r)
c:/users/hunte/onedrive/desktop/programs/nios2eds/bin/gnu/h-x86_64-mingw32/bin/../lib/gcc/nios2-elf/5.3.0/../../../../../H-x86_64-mingw32/nios2-elf/lib/mno-hw-mul\libc.a(lib_a-fvwrite.o)
                              c:/users/hunte/onedrive/desktop/programs/nios2eds/bin/gnu/h-x86_64-mingw32/bin/../lib/gcc/nios2-elf/5.3.0/../../../../../H-x86_64-mingw32/nios2-elf/lib/mno-hw-mul\libc.a(lib_a-puts.o) (__sfvwrite_r)
c:/users/hunte/onedrive/desktop/programs/nios2eds/bin/gnu/h-x86_64-mingw32/bin/../lib/gcc/nios2-elf/5.3.0/../../../../../H-x86_64-mingw32/nios2-elf/lib/mno-hw-mul\libc.a(lib_a-fwalk.o)
                              c:/users/hunte/onedrive/desktop/programs/nios2eds/bin/gnu/h-x86_64-mingw32/bin/../lib/gcc/nios2-elf/5.3.0/../../../../../H-x86_64-mingw32/nios2-elf/lib/mno-hw-mul\libc.a(lib_a-findfp.o) (_fwalk)
[...]
Memory Configuration

Name             Origin             Length             Attributes
onchip_memory2_0 0x0000000000000000 0x0000000000000010
reset            0x0000000008000000 0x0000000000000020
sdram            0x0000000008000020 0x0000000003ffffe0
*default*        0x0000000000000000 0xffffffffffffffff

Linker script and memory map

LOAD ../usb_kb_bsp//obj/HAL/src/crt0.o
LOAD obj/default/main.o
LOAD obj/default/usb_kb/HID.o
LOAD obj/default/usb_kb/MAX3421E.o
LOAD obj/default/usb_kb/transfer.o
LOAD c:/users/hunte/onedrive/desktop/programs/nios2eds/bin/gnu/h-x86_64-mingw32/bin/../lib/gcc/nios2-elf/5.3.0/../../../../../H-x86_64-mingw32/nios2-elf/lib/mno-hw-mul\libstdc++.a
LOAD c:/users/hunte/onedrive/desktop/programs/nios2eds/bin/gnu/h-x86_64-mingw32/bin/../lib/gcc/nios2-elf/5.3.0/../../../../../H-x86_64-mingw32/nios2-elf/lib/mno-hw-mul\libm.a
LOAD c:/users/hunte/onedrive/desktop/programs/nios2eds/bin/gnu/h-x86_64-mingw32/bin/../lib/gcc/nios2-elf/5.3.0/mno-hw-mul\libgcc.a
START GROUP
LOAD c:/users/hunte/onedrive/desktop/programs/nios2eds/bin/gnu/h-x86_64-mingw32/bin/../lib/gcc/nios2-elf/5.3.0/../../../../../H-x86_64-mingw32/nios2-elf/lib/mno-hw-mul\libc.a
LOAD c:/users/hunte/onedrive/desktop/programs/nios2eds/bin/gnu/h-x86_64-mingw32/bin/../lib/gcc/nios2-elf/5.3.0/mno-hw-mul\libgcc.a
LOAD ../usb_kb_bsp/\libhal_bsp.a
LOAD c:/users/hunte/onedrive/desktop/programs/nios2eds/bin/gnu/h-x86_64-mingw32/bin/../lib/gcc/nios2-elf/5.3.0/../../../../../H-x86_64-mingw32/nios2-elf/lib/mno-hw-mul\libm.a
END GROUP
LOAD c:/users/hunte/onedrive/desktop/programs/nios2eds/bin/gnu/h-x86_64-mingw32/bin/../lib/gcc/nios2-elf/5.3.0/mno-hw-mul\libgcc.a
                0x0000000000000000                __alt_mem_onchip_memory2_0 = 0x0
                0x0000000008000000                __alt_mem_sdram = 0x8000000

.entry          0x0000000008000000       0x20
 *(.entry)
 .entry         0x0000000008000000       0x20 ../usb_kb_bsp//obj/HAL/src/crt0.o
                0x0000000008000000                __reset

.exceptions     0x0000000008000020      0x210
                0x0000000008000020                PROVIDE (__ram_exceptions_start, ABSOLUTE (.))
                0x0000000008000020                . = ALIGN (0x20)
 *(.irq)
 *(.exceptions.entry.label)
 .exceptions.entry.label
                0x0000000008000020        0x0 ../usb_kb_bsp/\libhal_bsp.a(alt_irq_entry.o)
                0x0000000008000020                alt_irq_entry
 .exceptions.entry.label
                0x0000000008000020        0x0 ../usb_kb_bsp/\libhal_bsp.a(alt_exception_entry.o)
                0x0000000008000020                alt_exception
 *(.exceptions.entry.user)
 *(.exceptions.entry.ecc_fatal)
 *(.exceptions.entry)
 .exceptions.entry
                0x0000000008000020       0x54 ../usb_kb_bsp/\libhal_bsp.a(alt_exception_entry.o)
 *(.exceptions.irqtest.user)
 *(.exceptions.irqtest)
 .exceptions.irqtest
                0x0000000008000074       0x10 ../usb_kb_bsp/\libhal_bsp.a(alt_irq_entry.o)
 *(.exceptions.irqhandler.user)
 *(.exceptions.irqhandler)
 .exceptions.irqhandler
                0x0000000008000084        0x4 ../usb_kb_bsp/\libhal_bsp.a(alt_irq_entry.o)
 *(.exceptions.irqreturn.user)
 *(.exceptions.irqreturn)
 .exceptions.irqreturn
                0x0000000008000088        0x4 ../usb_kb_bsp/\libhal_bsp.a(alt_irq_entry.o)
 *(.exceptions.notirq.label)
 .exceptions.notirq.label
                0x000000000800008c        0x0 ../usb_kb_bsp/\libhal_bsp.a(alt_irq_entry.o)
 *(.exceptions.notirq.user)
 *(.exceptions.notirq)
 .exceptions.notirq
                0x000000000800008c        0x8 ../usb_kb_bsp/\libhal_bsp.a(alt_exception_entry.o)
 *(.exceptions.soft.user)
 *(.exceptions.soft)
 *(.exceptions.unknown.user)
 *(.exceptions.unknown)
 .exceptions.unknown
                0x0000000008000094       0x14 ../usb_kb_bsp/\libhal_bsp.a(alt_exception_entry.o)
 *(.exceptions.exit.label)
 .exceptions.exit.label
                0x00000000080000a8        0x0 ../usb_kb_bsp/\libhal_bsp.a(alt_irq_entry.o)
 .exceptions.exit.label
                0x00000000080000a8        0x0 ../usb_kb_bsp/\libhal_bsp.a(alt_exception_entry.o)
 *(.exceptions.exit.user)
 *(.exceptions.exit)
 .exceptions.exit
                0x00000000080000a8       0x54 ../usb_kb_bsp/\libhal_bsp.a(alt_exception_entry.o)
 *(.exceptions)
 .exceptions    0x00000000080000fc       0xd4 ../usb_kb_bsp/\libhal_bsp.a(alt_irq_handler.o)
                0x00000000080000fc                alt_irq_handler
 .exceptions    0x00000000080001d0       0x60 ../usb_kb_bsp/\libhal_bsp.a(alt_instruction_exception_entry.o)
                0x00000000080001d0                alt_instruction_exception_entry
                0x0000000008000230                PROVIDE (__ram_exceptions_end, ABSOLUTE (.))
                0x0000000008000020                PROVIDE (__flash_exceptions_start, LOADADDR (.exceptions))

.text           0x0000000008000230    0x1259c
                [!provide]                        PROVIDE (stext, ABSOLUTE (.))
 *(.interp)
 *(.hash)
 *(.dynsym)
 *(.dynstr)
 *(.gnu.version)
 *(.gnu.version_d)
 *(.gnu.version_r)
 *(.rel.init)
 *(.rela.init)
 *(.rel.text .rel.text.* .rel.gnu.linkonce.t.*)
 *(.rela.text .rela.text.* .rela.gnu.linkonce.t.*)
 *(.rel.fini)
 *(.rela.fini)
 *(.rel.rodata .rel.rodata.* .rel.gnu.linkonce.r.*)
 *(.rela.rodata .rela.rodata.* .rela.gnu.linkonce.r.*)
 *(.rel.data .rel.data.* .rel.gnu.linkonce.d.*)
 *(.rela.data .rela.data.* .rela.gnu.linkonce.d.*)
 *(.rel.tdata .rel.tdata.* .rel.gnu.linkonce.td.*)
 *(.rela.tdata .rela.tdata.* .rela.gnu.linkonce.td.*)
 *(.rel.tbss .rel.tbss.* .rel.gnu.linkonce.tb.*)
 *(.rela.tbss .rela.tbss.* .rela.gnu.linkonce.tb.*)
 *(.rel.ctors)
 *(.rela.ctors)
 *(.rel.dtors)
 *(.rela.dtors)
 *(.rel.got)
 *(.rela.got)
 *(.rel.sdata .rel.sdata.* .rel.gnu.linkonce.s.*)
 *(.rela.sdata .rela.sdata.* .rela.gnu.linkonce.s.*)
 *(.rel.sbss .rel.sbss.* .rel.gnu.linkonce.sb.*)
 *(.rela.sbss .rela.sbss.* .rela.gnu.linkonce.sb.*)
 *(.rel.sdata2 .rel.sdata2.* .rel.gnu.linkonce.s2.*)
 *(.rela.sdata2 .rela.sdata2.* .rela.gnu.linkonce.s2.*)
 *(.rel.sbss2 .rel.sbss2.* .rel.gnu.linkonce.sb2.*)
 *(.rela.sbss2 .rela.sbss2.* .rela.gnu.linkonce.sb2.*)
 *(.rel.bss .rel.bss.* .rel.gnu.linkonce.b.*)
 *(.rela.bss .rela.bss.* .rela.gnu.linkonce.b.*)
 *(.rel.plt)
 *(.rela.plt)
 *(.rel.dyn)
 *(.init)
 *(.plt)
 *(.text .stub .text.* .gnu.linkonce.t.*)
 .text          0x0000000008000230       0x3c ../usb_kb_bsp//obj/HAL/src/crt0.o
                0x0000000008000230                _start
 .text          0x000000000800026c      0x97c obj/default/main.o
                0x000000000800026c                GetDriverandReport
                0x000000000800045c                setLED
                0x00000000080004a0                clearLED
                0x00000000080004e8                printSignedHex0
                0x0000000008000600                printSignedHex1
                0x0000000008000738                setKeycode
                0x000000000800076c                setKeycode2
                0x00000000080007a0                setKeycode3
                0x00000000080007d4                setKeycode4
                0x0000000008000808                setKeycode5
                0x000000000800083c                main
 .text          0x0000000008000be8      0x9d0 obj/default/usb_kb/HID.o
                0x0000000008000be8                HIDMProbe
                0x0000000008000ff0                HIDKProbe
                0x00000000080013f8                HID_init
                0x0000000008001438                mousePoll
                0x00000000080014c0                kbdPoll
                0x0000000008001548                HIDMEventHandler
                0x0000000008001580                HIDKEventHandler
 .text          0x00000000080015b8      0x78c obj/default/usb_kb/MAX3421E.o
                0x00000000080015b8                SPI_init
                0x00000000080015ec                SPI_wr
                0x0000000008001614                MAXreg_wr
                0x000000000800169c                MAXbytes_wr
                0x0000000008001804                MAXreg_rd
                0x0000000008001878                MAXbytes_rd
                0x0000000008001900                MAX3421E_reset
                0x00000000080019a0                Vbus_power
                0x00000000080019c4                MAX_busprobe
                0x0000000008001b4c                MAX3421E_init
                0x0000000008001be0                MAX3421E_Task
                0x0000000008001c44                MaxIntHandler
                0x0000000008001d10                MaxGpxHandler
 .text          0x0000000008001d44      0xe98 obj/default/usb_kb/transfer.o
                0x0000000008001d44                XferCtrlReq
                0x0000000008001e90                XferCtrlData
                0x0000000008001f78                XferCtrlND
                0x0000000008001fec                XferDispatchPkt
                0x0000000008002168                XferInTransfer
                0x00000000080022f8                USB_init
                0x0000000008002390                USB_Task
                0x00000000080029d4                MSDProbe
                0x0000000008002a00                MSDEventHandler
                0x0000000008002a38                CDCProbe
                0x0000000008002a64                CDCEventHandler
                0x0000000008002a9c                DummyProbe
                0x0000000008002ac8                DummyEventHandler
                0x0000000008002b00                GetUsbTaskState
                0x0000000008002b20                GetDevtable
                0x0000000008002b58                ConvUTF8ToStr
 .text          0x0000000008002bdc      0x1b4 c:/users/hunte/onedrive/desktop/programs/nios2eds/bin/gnu/h-x86_64-mingw32/bin/../lib/gcc/nios2-elf/5.3.0/mno-hw-mul\libgcc.a(lib2-divmod.o)
                0x0000000008002bdc                __divsi3
                0x0000000008002c60                __modsi3
                0x0000000008002cd4                __udivsi3
                0x0000000008002d38                __umodsi3
 .text          0x0000000008002d90       0x28 c:/users/hunte/onedrive/desktop/programs/nios2eds/bin/gnu/h-x86_64-mingw32/bin/../lib/gcc/nios2-elf/5.3.0/mno-hw-mul\libgcc.a(lib2-mul.o)
                0x0000000008002d90                __mulsi3
 .text          0x0000000008002db8        0x0 c:/users/hunte/onedrive/desktop/programs/nios2eds/bin/gnu/h-x86_64-mingw32/bin/../lib/gcc/nios2-elf/5.3.0/../../../../../H-x86_64-mingw32/nios2-elf/lib/mno-hw-mul\libc.a(lib_a-printf.o)
 .text._printf_r
                0x0000000008002db8       0x30 c:/users/hunte/onedrive/desktop/programs/nios2eds/bin/gnu/h-x86_64-mingw32/bin/../lib/gcc/nios2-elf/5.3.0/../../../../../H-x86_64-mingw32/nios2-elf/lib/mno-hw-mul\libc.a(lib_a-printf.o)
                0x0000000008002db8                _printf_r
 .text.printf   0x0000000008002de8       0x3c c:/users/hunte/onedrive/desktop/programs/nios2eds/bin/gnu/h-x86_64-mingw32/bin/../lib/gcc/nios2-elf/5.3.0/../../../../../H-x86_64-mingw32/nios2-elf/lib/mno-hw-mul\libc.a(lib_a-printf.o)
                0x0000000008002de8                printf
 .text          0x0000000008002e24        0x0 c:/users/hunte/onedrive/desktop/programs/nios2eds/bin/gnu/h-x86_64-mingw32/bin/../lib/gcc/nios2-elf/5.3.0/../../../../../H-x86_64-mingw32/nios2-elf/lib/mno-hw-mul\libc.a(lib_a-putchar.o)
 .text._putchar_r
                0x0000000008002e24        0x8 c:/users/hunte/onedrive/desktop/programs/nios2eds/bin/gnu/h-x86_64-mingw32/bin/../lib/gcc/nios2-elf/5.3.0/../../../../../H-x86_64-mingw32/nios2-elf/lib/mno-hw-mul\libc.a(lib_a-putchar.o)
                0x0000000008002e24                _putchar_r
 .text.putchar  0x0000000008002e2c       0x18 c:/users/hunte/onedrive/desktop/programs/nios2eds/bin/gnu/h-x86_64-mingw32/bin/../lib/gcc/nios2-elf/5.3.0/../../../../../H-x86_64-mingw32/nios2-elf/lib/mno-hw-mul\libc.a(lib_a-putchar.o)
                0x0000000008002e2c                putchar
 .text          0x0000000008002e44        0x0 c:/users/hunte/onedrive/desktop/programs/nios2eds/bin/gnu/h-x86_64-mingw32/bin/../lib/gcc/nios2-elf/5.3.0/../../../../../H-x86_64-mingw32/nios2-elf/lib/mno-hw-mul\libc.a(lib_a-puts.o)
 .text._puts_r  0x0000000008002e44       0xc0 c:/users/hunte/onedrive/desktop/programs/nios2eds/bin/gnu/h-x86_64-mingw32/bin/../lib/gcc/nios2-elf/5.3.0/../../../../../H-x86_64-mingw32/nios2-elf/lib/mno-hw-mul\libc.a(lib_a-puts.o)
                0x0000000008002e44                _puts_r
 .text.puts     0x0000000008002f04       0x14 c:/users/hunte/onedrive/desktop/programs/nios2eds/bin/gnu/h-x86_64-mingw32/bin/../lib/gcc/nios2-elf/5.3.0/../../../../../H-x86_64-mingw32/nios2-elf/lib/mno-hw-mul\libc.a(lib_a-puts.o)
                0x0000000008002f04                puts
 .text          0x0000000008002f18        0x0 c:/users/hunte/onedrive/desktop/programs/nios2eds/bin/gnu/h-x86_64-mingw32/bin/../lib/gcc/nios2-elf/5.3.0/../../../../../H-x86_64-mingw32/nios2-elf/lib/mno-hw-mul\libc.a(lib_a-strlen.o)
 .text.strlen   0x0000000008002f18       0x98 c:/users/hunte/onedrive/desktop/programs/nios2eds/bin/gnu/h-x86_64-mingw32/bin/../lib/gcc/nios2-elf/5.3.0/../../../../../H-x86_64-mingw32/nios2-elf/lib/mno-hw-mul\libc.a(lib_a-strlen.o)
                0x0000000008002f18                strlen
 .text          0x0000000008002fb0        0x0 c:/users/hunte/onedrive/desktop/programs/nios2eds/bin/gnu/h-x86_64-mingw32/bin/../lib/gcc/nios2-elf/5.3.0/../../../../../H-x86_64-mingw32/nios2-elf/lib/mno-hw-mul\libc.a(lib_a-vfprintf.o)
 .text.___vfprintf_internal_r
                0x0000000008002fb0     0x22dc c:/users/hunte/onedrive/desktop/programs/nios2eds/bin/gnu/h-x86_64-mingw32/bin/../lib/gcc/nios2-elf/5.3.0/../../../../../H-x86_64-mingw32/nios2-elf/lib/mno-hw-mul\libc.a(lib_a-vfprintf.o)
                0x0000000008002fb0                ___vfprintf_internal_r
 .text.__vfprintf_internal
                0x000000000800528c       0x1c c:/users/hunte/onedrive/desktop/programs/nios2eds/bin/gnu/h-x86_64-mingw32/bin/../lib/gcc/nios2-elf/5.3.0/../../../../../H-x86_64-mingw32/nios2-elf/lib/mno-hw-mul\libc.a(lib_a-vfprintf.o)
                0x000000000800528c                __vfprintf_internal
 .text.__sbprintf
                0x00000000080052a8       0xbc c:/users/hunte/onedrive/desktop/programs/nios2eds/bin/gnu/h-x86_64-mingw32/bin/../lib/gcc/nios2-elf/5.3.0/../../../../../H-x86_64-mingw32/nios2-elf/lib/mno-hw-mul\libc.a(lib_a-vfprintf.o)
 .text          0x0000000008005364        0x0 c:/users/hunte/onedrive/desktop/programs/nios2eds/bin/gnu/h-x86_64-mingw32/bin/../lib/gcc/nios2-elf/5.3.0/../../../../../H-x86_64-mingw32/nios2-elf/lib/mno-hw-mul\libc.a(lib_a-wsetup.o)
 .text.__swsetup_r
                0x0000000008005364      0x154 c:/users/hunte/onedrive/desktop/programs/nios2eds/bin/gnu/h-x86_64-mingw32/bin/../lib/gcc/nios2-elf/5.3.0/../../../../../H-x86_64-mingw32/nios2-elf/lib/mno-hw-mul\libc.a(lib_a-wsetup.o)
                0x0000000008005364                __swsetup_r
 .text          0x00000000080054b8        0x0 c:/users/hunte/onedrive/desktop/programs/nios2eds/bin/gnu/h-x86_64-mingw32/bin/../lib/gcc/nios2-elf/5.3.0/../../../../../H-x86_64-mingw32/nios2-elf/lib/mno-hw-mul\libc.a(lib_a-dtoa.o)
 .text.quorem   0x00000000080054b8      0x228 c:/users/hunte/onedrive/desktop/programs/nios2eds/bin/gnu/h-x86_64-mingw32/bin/../lib/gcc/nios2-elf/5.3.0/../../../../../H-x86_64-mingw32/nios2-elf/lib/mno-hw-mul\libc.a(lib_a-dtoa.o)
 .text._dtoa_r  0x00000000080056e0     0x1688 c:/users/hunte/onedrive/desktop/programs/nios2eds/bin/gnu/h-x86_64-mingw32/bin/../lib/gcc/nios2-elf/5.3.0/../../../../../H-x86_64-mingw32/nios2-elf/lib/mno-hw-mul\libc.a(lib_a-dtoa.o)
                0x00000000080056e0                _dtoa_r
 .text          0x0000000008006d68        0x0 c:/users/hunte/onedrive/desktop/programs/nios2eds/bin/gnu/h-x86_64-mingw32/bin/../lib/gcc/nios2-elf/5.3.0/../../../../../H-x86_64-mingw32/nios2-elf/lib/mno-hw-mul\libc.a(lib_a-fflush.o)
 .text.__sflush_r
                0x0000000008006d68      0x21c c:/users/hunte/onedrive/desktop/programs/nios2eds/bin/gnu/h-x86_64-mingw32/bin/../lib/gcc/nios2-elf/5.3.0/../../../../../H-x86_64-mingw32/nios2-elf/lib/mno-hw-mul\libc.a(lib_a-fflush.o)
                0x0000000008006d68                __sflush_r
 .text._fflush_r
                0x0000000008006f84       0x5c c:/users/hunte/onedrive/desktop/programs/nios2eds/bin/gnu/h-x86_64-mingw32/bin/../lib/gcc/nios2-elf/5.3.0/../../../../../H-x86_64-mingw32/nios2-elf/lib/mno-hw-mul\libc.a(lib_a-fflush.o)
                0x0000000008006f84                _fflush_r
 .text.fflush   0x0000000008006fe0       0x30 c:/users/hunte/onedrive/desktop/programs/nios2eds/bin/gnu/h-x86_64-mingw32/bin/../lib/gcc/nios2-elf/5.3.0/../../../../../H-x86_64-mingw32/nios2-elf/lib/mno-hw-mul\libc.a(lib_a-fflush.o)
                0x0000000008006fe0                fflush
 .text          0x0000000008007010        0x0 c:/users/hunte/onedrive/desktop/programs/nios2eds/bin/gnu/h-x86_64-mingw32/bin/../lib/gcc/nios2-elf/5.3.0/../../../../../H-x86_64-mingw32/nios2-elf/lib/mno-hw-mul\libc.a(lib_a-findfp.o)
 .text.__fp_unlock
                0x0000000008007010        0x8 c:/users/hunte/onedrive/desktop/programs/nios2eds/bin/gnu/h-x86_64-mingw32/bin/../lib/gcc/nios2-elf/5.3.0/../../../../../H-x86_64-mingw32/nios2-elf/lib/mno-hw-mul\libc.a(lib_a-findfp.o)
 .text._cleanup_r
                0x0000000008007018        0xc c:/users/hunte/onedrive/desktop/programs/nios2eds/bin/gnu/h-x86_64-mingw32/bin/../lib/gcc/nios2-elf/5.3.0/../../../../../H-x86_64-mingw32/nios2-elf/lib/mno-hw-mul\libc.a(lib_a-findfp.o)
                0x0000000008007018                _cleanup_r
 .text.__sinit.part.1
                0x0000000008007024      0x19c c:/users/hunte/onedrive/desktop/programs/nios2eds/bin/gnu/h-x86_64-mingw32/bin/../lib/gcc/nios2-elf/5.3.0/../../../../../H-x86_64-mingw32/nios2-elf/lib/mno-hw-mul\libc.a(lib_a-findfp.o)
 .text.__fp_lock
                0x00000000080071c0        0x8 c:/users/hunte/onedrive/desktop/programs/nios2eds/bin/gnu/h-x86_64-mingw32/bin/../lib/gcc/nios2-elf/5.3.0/../../../../../H-x86_64-mingw32/nios2-elf/lib/mno-hw-mul\libc.a(lib_a-findfp.o)
 .text.__sfmoreglue
                0x00000000080071c8       0x78 c:/users/hunte/onedrive/desktop/programs/nios2eds/bin/gnu/h-x86_64-mingw32/bin/../lib/gcc/nios2-elf/5.3.0/../../../../../H-x86_64-mingw32/nios2-elf/lib/mno-hw-mul\libc.a(lib_a-findfp.o)
                0x00000000080071c8                __sfmoreglue
 .text.__sfp    0x0000000008007240      0x118 c:/users/hunte/onedrive/desktop/programs/nios2eds/bin/gnu/h-x86_64-mingw32/bin/../lib/gcc/nios2-elf/5.3.0/../../../../../H-x86_64-mingw32/nios2-elf/lib/mno-hw-mul\libc.a(lib_a-findfp.o)
                0x0000000008007240                __sfp
 .text._cleanup
                0x0000000008007358       0x18 c:/users/hunte/onedrive/desktop/programs/nios2eds/bin/gnu/h-x86_64-mingw32/bin/../lib/gcc/nios2-elf/5.3.0/../../../../../H-x86_64-mingw32/nios2-elf/lib/mno-hw-mul\libc.a(lib_a-findfp.o)
                0x0000000008007358                _cleanup
 .text.__sinit  0x0000000008007370       0x10 c:/users/hunte/onedrive/desktop/programs/nios2eds/bin/gnu/h-x86_64-mingw32/bin/../lib/gcc/nios2-elf/5.3.0/../../../../../H-x86_64-mingw32/nios2-elf/lib/mno-hw-mul\libc.a(lib_a-findfp.o)
                0x0000000008007370                __sinit
 .text.__sfp_lock_acquire
                0x0000000008007380        0x4 c:/users/hunte/onedrive/desktop/programs/nios2eds/bin/gnu/h-x86_64-mingw32/bin/../lib/gcc/nios2-elf/5.3.0/../../../../../H-x86_64-mingw32/nios2-elf/lib/mno-hw-mul\libc.a(lib_a-findfp.o)
                0x0000000008007380                __sfp_lock_acquire
 .text.__sfp_lock_release
                0x0000000008007384        0x4 c:/users/hunte/onedrive/desktop/programs/nios2eds/bin/gnu/h-x86_64-mingw32/bin/../lib/gcc/nios2-elf/5.3.0/../../../../../H-x86_64-mingw32/nios2-elf/lib/mno-hw-mul\libc.a(lib_a-findfp.o)
                0x0000000008007384                __sfp_lock_release
 .text.__sinit_lock_acquire
                0x0000000008007388        0x4 c:/users/hunte/onedrive/desktop/programs/nios2eds/bin/gnu/h-x86_64-mingw32/bin/../lib/gcc/nios2-elf/5.3.0/../../../../../H-x86_64-mingw32/nios2-elf/lib/mno-hw-mul\libc.a(lib_a-findfp.o)
                0x0000000008007388                __sinit_lock_acquire
 .text.__sinit_lock_release
                0x000000000800738c        0x4 c:/users/hunte/onedrive/desktop/programs/nios2eds/bin/gnu/h-x86_64-mingw32/bin/../lib/gcc/nios2-elf/5.3.0/../../../../../H-x86_64-mingw32/nios2-elf/lib/mno-hw-mul\libc.a(lib_a-findfp.o)
                0x000000000800738c                __sinit_lock_release
 .text.__fp_lock_all
                0x0000000008007390       0x18 c:/users/hunte/onedrive/desktop/programs/nios2eds/bin/gnu/h-x86_64-mingw32/bin/../lib/gcc/nios2-elf/5.3.0/../../../../../H-x86_64-mingw32/nios2-elf/lib/mno-hw-mul\libc.a(lib_a-findfp.o)
                0x0000000008007390                __fp_lock_all
 .text.__fp_unlock_all
                0x00000000080073a8       0x18 c:/users/hunte/onedrive/desktop/programs/nios2eds/bin/gnu/h-x86_64-mingw32/bin/../lib/gcc/nios2-elf/5.3.0/../../../../../H-x86_64-mingw32/nios2-elf/lib/mno-hw-mul\libc.a(lib_a-findfp.o)
                0x00000000080073a8                __fp_unlock_all
 .text          0x00000000080073c0        0x0 c:/users/hunte/onedrive/desktop/programs/nios2eds/bin/gnu/h-x86_64-mingw32/bin/../lib/gcc/nios2-elf/5.3.0/../../../../../H-x86_64-mingw32/nios2-elf/lib/mno-hw-mul\libc.a(lib_a-freer.o)
 .text._malloc_trim_r
                0x00000000080073c0      0x124 c:/users/hunte/onedrive/desktop/programs/nios2eds/bin/gnu/h-x86_64-mingw32/bin/../lib/gcc/nios2-elf/5.3.0/../../../../../H-x86_64-mingw32/nios2-elf/lib/mno-hw-mul\libc.a(lib_a-freer.o)
                0x00000000080073c0                _malloc_trim_r
 .text._free_r  0x00000000080074e4      0x310 c:/users/hunte/onedrive/desktop/programs/nios2eds/bin/gnu/h-x86_64-mingw32/bin/../lib/gcc/nios2-elf/5.3.0/../../../../../H-x86_64-mingw32/nios2-elf/lib/mno-hw-mul\libc.a(lib_a-freer.o)
                0x00000000080074e4                _free_r
 .text          0x00000000080077f4        0x0 c:/users/hunte/onedrive/desktop/programs/nios2eds/bin/gnu/h-x86_64-mingw32/bin/../lib/gcc/nios2-elf/5.3.0/../../../../../H-x86_64-mingw32/nios2-elf/lib/mno-hw-mul\libc.a(lib_a-fvwrite.o)
 .text.__sfvwrite_r
                0x00000000080077f4      0x4c8 c:/users/hunte/onedrive/desktop/programs/nios2eds/bin/gnu/h-x86_64-mingw32/bin/../lib/gcc/nios2-elf/5.3.0/../../../../../H-x86_64-mingw32/nios2-elf/lib/mno-hw-mul\libc.a(lib_a-fvwrite.o)
                0x00000000080077f4                __sfvwrite_r
 .text          0x0000000008007cbc        0x0 c:/users/hunte/onedrive/desktop/programs/nios2eds/bin/gnu/h-x86_64-mingw32/bin/../lib/gcc/nios2-elf/5.3.0/../../../../../H-x86_64-mingw32/nios2-elf/lib/mno-hw-mul\libc.a(lib_a-fwalk.o)
 .text._fwalk   0x0000000008007cbc       0xc4 c:/users/hunte/onedrive/desktop/programs/nios2eds/bin/gnu/h-x86_64-mingw32/bin/../lib/gcc/nios2-elf/5.3.0/../../../../../H-x86_64-mingw32/nios2-elf/lib/mno-hw-mul\libc.a(lib_a-fwalk.o)
                0x0000000008007cbc                _fwalk
 .text._fwalk_reent
                0x0000000008007d80       0xc4 c:/users/hunte/onedrive/desktop/programs/nios2eds/bin/gnu/h-x86_64-mingw32/bin/../lib/gcc/nios2-elf/5.3.0/../../../../../H-x86_64-mingw32/nios2-elf/lib/mno-hw-mul\libc.a(lib_a-fwalk.o)
                0x0000000008007d80                _fwalk_reent
 .text          0x0000000008007e44        0x0 c:/users/hunte/onedrive/desktop/programs/nios2eds/bin/gnu/h-x86_64-mingw32/bin/../lib/gcc/nios2-elf/5.3.0/../../../../../H-x86_64-mingw32/nios2-elf/lib/mno-hw-mul\libc.a(lib_a-impure.o)
 .text          0x0000000008007e44        0x0 c:/users/hunte/onedrive/desktop/programs/nios2eds/bin/gnu/h-x86_64-mingw32/bin/../lib/gcc/nios2-elf/5.3.0/../../../../../H-x86_64-mingw32/nios2-elf/lib/mno-hw-mul\libc.a(lib_a-locale.o)
 .text._setlocale_r
                0x0000000008007e44       0x7c c:/users/hunte/onedrive/desktop/programs/nios2eds/bin/gnu/h-x86_64-mingw32/bin/../lib/gcc/nios2-elf/5.3.0/../../../../../H-x86_64-mingw32/nios2-elf/lib/mno-hw-mul\libc.a(lib_a-locale.o)
                0x0000000008007e44                _setlocale_r
 .text.__locale_charset
                0x0000000008007ec0        0xc c:/users/hunte/onedrive/desktop/programs/nios2eds/bin/gnu/h-x86_64-mingw32/bin/../lib/gcc/nios2-elf/5.3.0/../../../../../H-x86_64-mingw32/nios2-elf/lib/mno-hw-mul\libc.a(lib_a-locale.o)
                0x0000000008007ec0                __locale_charset
 .text.__locale_mb_cur_max
                0x0000000008007ecc       0x10 c:/users/hunte/onedrive/desktop/programs/nios2eds/bin/gnu/h-x86_64-mingw32/bin/../lib/gcc/nios2-elf/5.3.0/../../../../../H-x86_64-mingw32/nios2-elf/lib/mno-hw-mul\libc.a(lib_a-locale.o)
                0x0000000008007ecc                __locale_mb_cur_max
 .text.__locale_msgcharset
                0x0000000008007edc        0xc c:/users/hunte/onedrive/desktop/programs/nios2eds/bin/gnu/h-x86_64-mingw32/bin/../lib/gcc/nios2-elf/5.3.0/../../../../../H-x86_64-mingw32/nios2-elf/lib/mno-hw-mul\libc.a(lib_a-locale.o)
                0x0000000008007edc                __locale_msgcharset
 .text.__locale_cjk_lang
                0x0000000008007ee8        0x8 c:/users/hunte/onedrive/desktop/programs/nios2eds/bin/gnu/h-x86_64-mingw32/bin/../lib/gcc/nios2-elf/5.3.0/../../../../../H-x86_64-mingw32/nios2-elf/lib/mno-hw-mul\libc.a(lib_a-locale.o)
                0x0000000008007ee8                __locale_cjk_lang
 .text._localeconv_r
                0x0000000008007ef0        0xc c:/users/hunte/onedrive/desktop/programs/nios2eds/bin/gnu/h-x86_64-mingw32/bin/../lib/gcc/nios2-elf/5.3.0/../../../../../H-x86_64-mingw32/nios2-elf/lib/mno-hw-mul\libc.a(lib_a-locale.o)
                0x0000000008007ef0                _localeconv_r
 .text.setlocale
                0x0000000008007efc       0x18 c:/users/hunte/onedrive/desktop/programs/nios2eds/bin/gnu/h-x86_64-mingw32/bin/../lib/gcc/nios2-elf/5.3.0/../../../../../H-x86_64-mingw32/nios2-elf/lib/mno-hw-mul\libc.a(lib_a-locale.o)
                0x0000000008007efc                setlocale
 .text.localeconv
                0x0000000008007f14        0xc c:/users/hunte/onedrive/desktop/programs/nios2eds/bin/gnu/h-x86_64-mingw32/bin/../lib/gcc/nios2-elf/5.3.0/../../../../../H-x86_64-mingw32/nios2-elf/lib/mno-hw-mul\libc.a(lib_a-locale.o)
                0x0000000008007f14                localeconv
 .text          0x0000000008007f20        0x0 c:/users/hunte/onedrive/desktop/programs/nios2eds/bin/gnu/h-x86_64-mingw32/bin/../lib/gcc/nios2-elf/5.3.0/../../../../../H-x86_64-mingw32/nios2-elf/lib/mno-hw-mul\libc.a(lib_a-makebuf.o)
 .text.__smakebuf_r
                0x0000000008007f20      0x1bc c:/users/hunte/onedrive/desktop/programs/nios2eds/bin/gnu/h-x86_64-mingw32/bin/../lib/gcc/nios2-elf/5.3.0/../../../../../H-x86_64-mingw32/nios2-elf/lib/mno-hw-mul\libc.a(lib_a-makebuf.o)
                0x0000000008007f20                __smakebuf_r
 .text          0x00000000080080dc        0x0 c:/users/hunte/onedrive/desktop/programs/nios2eds/bin/gnu/h-x86_64-mingw32/bin/../lib/gcc/nios2-elf/5.3.0/../../../../../H-x86_64-mingw32/nios2-elf/lib/mno-hw-mul\libc.a(lib_a-mallocr.o)
 .text._malloc_r
                0x00000000080080dc      0x80c c:/users/hunte/onedrive/desktop/programs/nios2eds/bin/gnu/h-x86_64-mingw32/bin/../lib/gcc/nios2-elf/5.3.0/../../../../../H-x86_64-mingw32/nios2-elf/lib/mno-hw-mul\libc.a(lib_a-mallocr.o)
                0x00000000080080dc                _malloc_r
 .text          0x00000000080088e8        0x0 c:/users/hunte/onedrive/desktop/programs/nios2eds/bin/gnu/h-x86_64-mingw32/bin/../lib/gcc/nios2-elf/5.3.0/../../../../../H-x86_64-mingw32/nios2-elf/lib/mno-hw-mul\libc.a(lib_a-memchr.o)
 .text.memchr   0x00000000080088e8       0xe4 c:/users/hunte/onedrive/desktop/programs/nios2eds/bin/gnu/h-x86_64-mingw32/bin/../lib/gcc/nios2-elf/5.3.0/../../../../../H-x86_64-mingw32/nios2-elf/lib/mno-hw-mul\libc.a(lib_a-memchr.o)
                0x00000000080088e8                memchr
 .text          0x00000000080089cc        0x0 c:/users/hunte/onedrive/desktop/programs/nios2eds/bin/gnu/h-x86_64-mingw32/bin/../lib/gcc/nios2-elf/5.3.0/../../../../../H-x86_64-mingw32/nios2-elf/lib/mno-hw-mul\libc.a(lib_a-memcpy.o)
 .text.memcpy   0x00000000080089cc      0x148 c:/users/hunte/onedrive/desktop/programs/nios2eds/bin/gnu/h-x86_64-mingw32/bin/../lib/gcc/nios2-elf/5.3.0/../../../../../H-x86_64-mingw32/nios2-elf/lib/mno-hw-mul\libc.a(lib_a-memcpy.o)
                0x00000000080089cc                memcpy
 .text          0x0000000008008b14        0x0 c:/users/hunte/onedrive/desktop/programs/nios2eds/bin/gnu/h-x86_64-mingw32/bin/../lib/gcc/nios2-elf/5.3.0/../../../../../H-x86_64-mingw32/nios2-elf/lib/mno-hw-mul\libc.a(lib_a-memmove.o)
 .text.memmove  0x0000000008008b14      0x15c c:/users/hunte/onedrive/desktop/programs/nios2eds/bin/gnu/h-x86_64-mingw32/bin/../lib/gcc/nios2-elf/5.3.0/../../../../../H-x86_64-mingw32/nios2-elf/lib/mno-hw-mul\libc.a(lib_a-memmove.o)
                0x0000000008008b14                memmove
 .text          0x0000000008008c70        0x0 c:/users/hunte/onedrive/desktop/programs/nios2eds/bin/gnu/h-x86_64-mingw32/bin/../lib/gcc/nios2-elf/5.3.0/../../../../../H-x86_64-mingw32/nios2-elf/lib/mno-hw-mul\libc.a(lib_a-memset.o)
 .text.memset   0x0000000008008c70      0x128 c:/users/hunte/onedrive/desktop/programs/nios2eds/bin/gnu/h-x86_64-mingw32/bin/../lib/gcc/nios2-elf/5.3.0/../../../../../H-x86_64-mingw32/nios2-elf/lib/mno-hw-mul\libc.a(lib_a-memset.o)
                0x0000000008008c70                memset
 .text          0x0000000008008d98        0x0 c:/users/hunte/onedrive/desktop/programs/nios2eds/bin/gnu/h-x86_64-mingw32/bin/../lib/gcc/nios2-elf/5.3.0/../../../../../H-x86_64-mingw32/nios2-elf/lib/mno-hw-mul\libc.a(lib_a-mprec.o)
 .text._Balloc  0x0000000008008d98       0xa8 c:/users/hunte/onedrive/desktop/programs/nios2eds/bin/gnu/h-x86_64-mingw32/bin/../lib/gcc/nios2-elf/5.3.0/../../../../../H-x86_64-mingw32/nios2-elf/lib/mno-hw-mul\libc.a(lib_a-mprec.o)
                0x0000000008008d98                _Balloc
 .text._Bfree   0x0000000008008e40       0x28 c:/users/hunte/onedrive/desktop/programs/nios2eds/bin/gnu/h-x86_64-mingw32/bin/../lib/gcc/nios2-elf/5.3.0/../../../../../H-x86_64-mingw32/nios2-elf/lib/mno-hw-mul\libc.a(lib_a-mprec.o)
                0x0000000008008e40                _Bfree
 .text.__multadd
                0x0000000008008e68      0x148 c:/users/hunte/onedrive/desktop/programs/nios2eds/bin/gnu/h-x86_64-mingw32/bin/../lib/gcc/nios2-elf/5.3.0/../../../../../H-x86_64-mingw32/nios2-elf/lib/mno-hw-mul\libc.a(lib_a-mprec.o)
                0x0000000008008e68                __multadd
 .text.__s2b    0x0000000008008fb0      0x104 c:/users/hunte/onedrive/desktop/programs/nios2eds/bin/gnu/h-x86_64-mingw32/bin/../lib/gcc/nios2-elf/5.3.0/../../../../../H-x86_64-mingw32/nios2-elf/lib/mno-hw-mul\libc.a(lib_a-mprec.o)
                0x0000000008008fb0                __s2b
 .text.__hi0bits
                0x00000000080090b4       0x68 c:/users/hunte/onedrive/desktop/programs/nios2eds/bin/gnu/h-x86_64-mingw32/bin/../lib/gcc/nios2-elf/5.3.0/../../../../../H-x86_64-mingw32/nios2-elf/lib/mno-hw-mul\libc.a(lib_a-mprec.o)
                0x00000000080090b4                __hi0bits
 .text.__lo0bits
                0x000000000800911c       0xb0 c:/users/hunte/onedrive/desktop/programs/nios2eds/bin/gnu/h-x86_64-mingw32/bin/../lib/gcc/nios2-elf/5.3.0/../../../../../H-x86_64-mingw32/nios2-elf/lib/mno-hw-mul\libc.a(lib_a-mprec.o)
                0x000000000800911c                __lo0bits
 .text.__i2b    0x00000000080091cc       0x3c c:/users/hunte/onedrive/desktop/programs/nios2eds/bin/gnu/h-x86_64-mingw32/bin/../lib/gcc/nios2-elf/5.3.0/../../../../../H-x86_64-mingw32/nios2-elf/lib/mno-hw-mul\libc.a(lib_a-mprec.o)
                0x00000000080091cc                __i2b
 .text.__multiply
                0x0000000008009208      0x28c c:/users/hunte/onedrive/desktop/programs/nios2eds/bin/gnu/h-x86_64-mingw32/bin/../lib/gcc/nios2-elf/5.3.0/../../../../../H-x86_64-mingw32/nios2-elf/lib/mno-hw-mul\libc.a(lib_a-mprec.o)
                0x0000000008009208                __multiply
 .text.__pow5mult
                0x0000000008009494      0x140 c:/users/hunte/onedrive/desktop/programs/nios2eds/bin/gnu/h-x86_64-mingw32/bin/../lib/gcc/nios2-elf/5.3.0/../../../../../H-x86_64-mingw32/nios2-elf/lib/mno-hw-mul\libc.a(lib_a-mprec.o)
                0x0000000008009494                __pow5mult
 .text.__lshift
                0x00000000080095d4      0x148 c:/users/hunte/onedrive/desktop/programs/nios2eds/bin/gnu/h-x86_64-mingw32/bin/../lib/gcc/nios2-elf/5.3.0/../../../../../H-x86_64-mingw32/nios2-elf/lib/mno-hw-mul\libc.a(lib_a-mprec.o)
                0x00000000080095d4                __lshift
 .text.__mcmp   0x000000000800971c       0x60 c:/users/hunte/onedrive/desktop/programs/nios2eds/bin/gnu/h-x86_64-mingw32/bin/../lib/gcc/nios2-elf/5.3.0/../../../../../H-x86_64-mingw32/nios2-elf/lib/mno-hw-mul\libc.a(lib_a-mprec.o)
                0x000000000800971c                __mcmp
 .text.__mdiff  0x000000000800977c      0x1fc c:/users/hunte/onedrive/desktop/programs/nios2eds/bin/gnu/h-x86_64-mingw32/bin/../lib/gcc/nios2-elf/5.3.0/../../../../../H-x86_64-mingw32/nios2-elf/lib/mno-hw-mul\libc.a(lib_a-mprec.o)
                0x000000000800977c                __mdiff
 .text.__ulp    0x0000000008009978       0x64 c:/users/hunte/onedrive/desktop/programs/nios2eds/bin/gnu/h-x86_64-mingw32/bin/../lib/gcc/nios2-elf/5.3.0/../../../../../H-x86_64-mingw32/nios2-elf/lib/mno-hw-mul\libc.a(lib_a-mprec.o)
                0x0000000008009978                __ulp
 .text.__b2d    0x00000000080099dc      0x10c c:/users/hunte/onedrive/desktop/programs/nios2eds/bin/gnu/h-x86_64-mingw32/bin/../lib/gcc/nios2-elf/5.3.0/../../../../../H-x86_64-mingw32/nios2-elf/lib/mno-hw-mul\libc.a(lib_a-mprec.o)
                0x00000000080099dc                __b2d
 .text.__d2b    0x0000000008009ae8      0x14c c:/users/hunte/onedrive/desktop/programs/nios2eds/bin/gnu/h-x86_64-mingw32/bin/../lib/gcc/nios2-elf/5.3.0/../../../../../H-x86_64-mingw32/nios2-elf/lib/mno-hw-mul\libc.a(lib_a-mprec.o)
                0x0000000008009ae8                __d2b
 .text.__ratio  0x0000000008009c34       0xa4 c:/users/hunte/onedrive/desktop/programs/nios2eds/bin/gnu/h-x86_64-mingw32/bin/../lib/gcc/nios2-elf/5.3.0/../../../../../H-x86_64-mingw32/nios2-elf/lib/mno-hw-mul\libc.a(lib_a-mprec.o)
                0x0000000008009c34                __ratio
 .text._mprec_log10
                0x0000000008009cd8       0x74 c:/users/hunte/onedrive/desktop/programs/nios2eds/bin/gnu/h-x86_64-mingw32/bin/../lib/gcc/nios2-elf/5.3.0/../../../../../H-x86_64-mingw32/nios2-elf/lib/mno-hw-mul\libc.a(lib_a-mprec.o)
                0x0000000008009cd8                _mprec_log10
 .text.__copybits
                0x0000000008009d4c       0x78 c:/users/hunte/onedrive/desktop/programs/nios2eds/bin/gnu/h-x86_64-mingw32/bin/../lib/gcc/nios2-elf/5.3.0/../../../../../H-x86_64-mingw32/nios2-elf/lib/mno-hw-mul\libc.a(lib_a-mprec.o)
                0x0000000008009d4c                __copybits
 .text.__any_on
                0x0000000008009dc4       0x8c c:/users/hunte/onedrive/desktop/programs/nios2eds/bin/gnu/h-x86_64-mingw32/bin/../lib/gcc/nios2-elf/5.3.0/../../../../../H-x86_64-mingw32/nios2-elf/lib/mno-hw-mul\libc.a(lib_a-mprec.o)
                0x0000000008009dc4                __any_on
 .text          0x0000000008009e50        0x0 c:/users/hunte/onedrive/desktop/programs/nios2eds/bin/gnu/h-x86_64-mingw32/bin/../lib/gcc/nios2-elf/5.3.0/../../../../../H-x86_64-mingw32/nios2-elf/lib/mno-hw-mul\libc.a(lib_a-putc.o)
 .text._putc_r  0x0000000008009e50       0xa0 c:/users/hunte/onedrive/desktop/programs/nios2eds/bin/gnu/h-x86_64-mingw32/bin/../lib/gcc/nios2-elf/5.3.0/../../../../../H-x86_64-mingw32/nios2-elf/lib/mno-hw-mul\libc.a(lib_a-putc.o)
                0x0000000008009e50                _putc_r
 .text.putc     0x0000000008009ef0       0xc8 c:/users/hunte/onedrive/desktop/programs/nios2eds/bin/gnu/h-x86_64-mingw32/bin/../lib/gcc/nios2-elf/5.3.0/../../../../../H-x86_64-mingw32/nios2-elf/lib/mno-hw-mul\libc.a(lib_a-putc.o)
                0x0000000008009ef0                putc
 .text          0x0000000008009fb8        0x0 c:/users/hunte/onedrive/desktop/programs/nios2eds/bin/gnu/h-x86_64-mingw32/bin/../lib/gcc/nios2-elf/5.3.0/../../../../../H-x86_64-mingw32/nios2-elf/lib/mno-hw-mul\libc.a(lib_a-reallocr.o)
 .text._realloc_r
                0x0000000008009fb8      0x564 c:/users/hunte/onedrive/desktop/programs/nios2eds/bin/gnu/h-x86_64-mingw32/bin/../lib/gcc/nios2-elf/5.3.0/../../../../../H-x86_64-mingw32/nios2-elf/lib/mno-hw-mul\libc.a(lib_a-reallocr.o)
                0x0000000008009fb8                _realloc_r
 .text          0x000000000800a51c        0x0 c:/users/hunte/onedrive/desktop/programs/nios2eds/bin/gnu/h-x86_64-mingw32/bin/../lib/gcc/nios2-elf/5.3.0/../../../../../H-x86_64-mingw32/nios2-elf/lib/mno-hw-mul\libc.a(lib_a-s_fpclassify.o)
 .text.__fpclassifyd
                0x000000000800a51c       0x74 c:/users/hunte/onedrive/desktop/programs/nios2eds/bin/gnu/h-x86_64-mingw32/bin/../lib/gcc/nios2-elf/5.3.0/../../../../../H-x86_64-mingw32/nios2-elf/lib/mno-hw-mul\libc.a(lib_a-s_fpclassify.o)
                0x000000000800a51c                __fpclassifyd
 .text          0x000000000800a590        0x0 c:/users/hunte/onedrive/desktop/programs/nios2eds/bin/gnu/h-x86_64-mingw32/bin/../lib/gcc/nios2-elf/5.3.0/../../../../../H-x86_64-mingw32/nios2-elf/lib/mno-hw-mul\libc.a(lib_a-sbrkr.o)
 .text._sbrk_r  0x000000000800a590       0x54 c:/users/hunte/onedrive/desktop/programs/nios2eds/bin/gnu/h-x86_64-mingw32/bin/../lib/gcc/nios2-elf/5.3.0/../../../../../H-x86_64-mingw32/nios2-elf/lib/mno-hw-mul\libc.a(lib_a-sbrkr.o)
                0x000000000800a590                _sbrk_r
 .text          0x000000000800a5e4        0x0 c:/users/hunte/onedrive/desktop/programs/nios2eds/bin/gnu/h-x86_64-mingw32/bin/../lib/gcc/nios2-elf/5.3.0/../../../../../H-x86_64-mingw32/nios2-elf/lib/mno-hw-mul\libc.a(lib_a-stdio.o)
 .text.__sread  0x000000000800a5e4       0x54 c:/users/hunte/onedrive/desktop/programs/nios2eds/bin/gnu/h-x86_64-mingw32/bin/../lib/gcc/nios2-elf/5.3.0/../../../../../H-x86_64-mingw32/nios2-elf/lib/mno-hw-mul\libc.a(lib_a-stdio.o)
                0x000000000800a5e4                __sread
 .text.__seofread
                0x000000000800a638        0x8 c:/users/hunte/onedrive/desktop/programs/nios2eds/bin/gnu/h-x86_64-mingw32/bin/../lib/gcc/nios2-elf/5.3.0/../../../../../H-x86_64-mingw32/nios2-elf/lib/mno-hw-mul\libc.a(lib_a-stdio.o)
                0x000000000800a638                __seofread
 .text.__swrite
                0x000000000800a640       0x7c c:/users/hunte/onedrive/desktop/programs/nios2eds/bin/gnu/h-x86_64-mingw32/bin/../lib/gcc/nios2-elf/5.3.0/../../../../../H-x86_64-mingw32/nios2-elf/lib/mno-hw-mul\libc.a(lib_a-stdio.o)
                0x000000000800a640                __swrite
 .text.__sseek  0x000000000800a6bc       0x5c c:/users/hunte/onedrive/desktop/programs/nios2eds/bin/gnu/h-x86_64-mingw32/bin/../lib/gcc/nios2-elf/5.3.0/../../../../../H-x86_64-mingw32/nios2-elf/lib/mno-hw-mul\libc.a(lib_a-stdio.o)
                0x000000000800a6bc                __sseek
 .text.__sclose
                0x000000000800a718        0x8 c:/users/hunte/onedrive/desktop/programs/nios2eds/bin/gnu/h-x86_64-mingw32/bin/../lib/gcc/nios2-elf/5.3.0/../../../../../H-x86_64-mingw32/nios2-elf/lib/mno-hw-mul\libc.a(lib_a-stdio.o)
                0x000000000800a718                __sclose
 .text          0x000000000800a720        0x0 c:/users/hunte/onedrive/desktop/programs/nios2eds/bin/gnu/h-x86_64-mingw32/bin/../lib/gcc/nios2-elf/5.3.0/../../../../../H-x86_64-mingw32/nios2-elf/lib/mno-hw-mul\libc.a(lib_a-strcmp.o)
 .text.strcmp   0x000000000800a720       0xdc c:/users/hunte/onedrive/desktop/programs/nios2eds/bin/gnu/h-x86_64-mingw32/bin/../lib/gcc/nios2-elf/5.3.0/../../../../../H-x86_64-mingw32/nios2-elf/lib/mno-hw-mul\libc.a(lib_a-strcmp.o)
                0x000000000800a720                strcmp
 .text          0x000000000800a7fc        0x0 c:/users/hunte/onedrive/desktop/programs/nios2eds/bin/gnu/h-x86_64-mingw32/bin/../lib/gcc/nios2-elf/5.3.0/../../../../../H-x86_64-mingw32/nios2-elf/lib/mno-hw-mul\libc.a(lib_a-vfiprintf.o)
 .text.__sprint_r.part.0
                0x000000000800a7fc       0xfc c:/users/hunte/onedrive/desktop/programs/nios2eds/bin/gnu/h-x86_64-mingw32/bin/../lib/gcc/nios2-elf/5.3.0/../../../../../H-x86_64-mingw32/nios2-elf/lib/mno-hw-mul\libc.a(lib_a-vfiprintf.o)
 .text.__sprint_r
                0x000000000800a8f8       0x18 c:/users/hunte/onedrive/desktop/programs/nios2eds/bin/gnu/h-x86_64-mingw32/bin/../lib/gcc/nios2-elf/5.3.0/../../../../../H-x86_64-mingw32/nios2-elf/lib/mno-hw-mul\libc.a(lib_a-vfiprintf.o)
                0x000000000800a8f8                __sprint_r
 .text.___vfiprintf_internal_r
                0x000000000800a910     0x150c c:/users/hunte/onedrive/desktop/programs/nios2eds/bin/gnu/h-x86_64-mingw32/bin/../lib/gcc/nios2-elf/5.3.0/../../../../../H-x86_64-mingw32/nios2-elf/lib/mno-hw-mul\libc.a(lib_a-vfiprintf.o)
                0x000000000800a910                ___vfiprintf_internal_r
 .text.__vfiprintf_internal
                0x000000000800be1c       0x1c c:/users/hunte/onedrive/desktop/programs/nios2eds/bin/gnu/h-x86_64-mingw32/bin/../lib/gcc/nios2-elf/5.3.0/../../../../../H-x86_64-mingw32/nios2-elf/lib/mno-hw-mul\libc.a(lib_a-vfiprintf.o)
                0x000000000800be1c                __vfiprintf_internal
 .text.__sbprintf
                0x000000000800be38       0xbc c:/users/hunte/onedrive/desktop/programs/nios2eds/bin/gnu/h-x86_64-mingw32/bin/../lib/gcc/nios2-elf/5.3.0/../../../../../H-x86_64-mingw32/nios2-elf/lib/mno-hw-mul\libc.a(lib_a-vfiprintf.o)
 .text          0x000000000800bef4        0x0 c:/users/hunte/onedrive/desktop/programs/nios2eds/bin/gnu/h-x86_64-mingw32/bin/../lib/gcc/nios2-elf/5.3.0/../../../../../H-x86_64-mingw32/nios2-elf/lib/mno-hw-mul\libc.a(lib_a-wbuf.o)
 .text.__swbuf_r
                0x000000000800bef4      0x140 c:/users/hunte/onedrive/desktop/programs/nios2eds/bin/gnu/h-x86_64-mingw32/bin/../lib/gcc/nios2-elf/5.3.0/../../../../../H-x86_64-mingw32/nios2-elf/lib/mno-hw-mul\libc.a(lib_a-wbuf.o)
                0x000000000800bef4                __swbuf_r
 .text.__swbuf  0x000000000800c034       0x18 c:/users/hunte/onedrive/desktop/programs/nios2eds/bin/gnu/h-x86_64-mingw32/bin/../lib/gcc/nios2-elf/5.3.0/../../../../../H-x86_64-mingw32/nios2-elf/lib/mno-hw-mul\libc.a(lib_a-wbuf.o)
                0x000000000800c034                __swbuf
 .text          0x000000000800c04c        0x0 c:/users/hunte/onedrive/desktop/programs/nios2eds/bin/gnu/h-x86_64-mingw32/bin/../lib/gcc/nios2-elf/5.3.0/../../../../../H-x86_64-mingw32/nios2-elf/lib/mno-hw-mul\libc.a(lib_a-writer.o)
 .text._write_r
                0x000000000800c04c       0x60 c:/users/hunte/onedrive/desktop/programs/nios2eds/bin/gnu/h-x86_64-mingw32/bin/../lib/gcc/nios2-elf/5.3.0/../../../../../H-x86_64-mingw32/nios2-elf/lib/mno-hw-mul\libc.a(lib_a-writer.o)
                0x000000000800c04c                _write_r
 .text          0x000000000800c0ac        0x0 c:/users/hunte/onedrive/desktop/programs/nios2eds/bin/gnu/h-x86_64-mingw32/bin/../lib/gcc/nios2-elf/5.3.0/../../../../../H-x86_64-mingw32/nios2-elf/lib/mno-hw-mul\libc.a(closer.o)
 .text._close_r
                0x000000000800c0ac       0x54 c:/users/hunte/onedrive/desktop/programs/nios2eds/bin/gnu/h-x86_64-mingw32/bin/../lib/gcc/nios2-elf/5.3.0/../../../../../H-x86_64-mingw32/nios2-elf/lib/mno-hw-mul\libc.a(closer.o)
                0x000000000800c0ac                _close_r
 .text          0x000000000800c100        0x0 c:/users/hunte/onedrive/desktop/programs/nios2eds/bin/gnu/h-x86_64-mingw32/bin/../lib/gcc/nios2-elf/5.3.0/../../../../../H-x86_64-mingw32/nios2-elf/lib/mno-hw-mul\libc.a(lib_a-callocr.o)
 .text._calloc_r
                0x000000000800c100       0xdc c:/users/hunte/onedrive/desktop/programs/nios2eds/bin/gnu/h-x86_64-mingw32/bin/../lib/gcc/nios2-elf/5.3.0/../../../../../H-x86_64-mingw32/nios2-elf/lib/mno-hw-mul\libc.a(lib_a-callocr.o)
                0x000000000800c100                _calloc_r
 .text          0x000000000800c1dc        0x0 c:/users/hunte/onedrive/desktop/programs/nios2eds/bin/gnu/h-x86_64-mingw32/bin/../lib/gcc/nios2-elf/5.3.0/../../../../../H-x86_64-mingw32/nios2-elf/lib/mno-hw-mul\libc.a(lib_a-fclose.o)
 .text._fclose_r
                0x000000000800c1dc       0xf0 c:/users/hunte/onedrive/desktop/programs/nios2eds/bin/gnu/h-x86_64-mingw32/bin/../lib/gcc/nios2-elf/5.3.0/../../../../../H-x86_64-mingw32/nios2-elf/lib/mno-hw-mul\libc.a(lib_a-fclose.o)
                0x000000000800c1dc                _fclose_r
 .text.fclose   0x000000000800c2cc       0x14 c:/users/hunte/onedrive/desktop/programs/nios2eds/bin/gnu/h-x86_64-mingw32/bin/../lib/gcc/nios2-elf/5.3.0/../../../../../H-x86_64-mingw32/nios2-elf/lib/mno-hw-mul\libc.a(lib_a-fclose.o)
                0x000000000800c2cc                fclose
 .text          0x000000000800c2e0        0x0 c:/users/hunte/onedrive/desktop/programs/nios2eds/bin/gnu/h-x86_64-mingw32/bin/../lib/gcc/nios2-elf/5.3.0/../../../../../H-x86_64-mingw32/nios2-elf/lib/mno-hw-mul\libc.a(lib_a-fputwc.o)
 .text.__fputwc
                0x000000000800c2e0      0x164 c:/users/hunte/onedrive/desktop/programs/nios2eds/bin/gnu/h-x86_64-mingw32/bin/../lib/gcc/nios2-elf/5.3.0/../../../../../H-x86_64-mingw32/nios2-elf/lib/mno-hw-mul\libc.a(lib_a-fputwc.o)
                0x000000000800c2e0                __fputwc
 .text._fputwc_r
                0x000000000800c444       0x24 c:/users/hunte/onedrive/desktop/programs/nios2eds/bin/gnu/h-x86_64-mingw32/bin/../lib/gcc/nios2-elf/5.3.0/../../../../../H-x86_64-mingw32/nios2-elf/lib/mno-hw-mul\libc.a(lib_a-fputwc.o)
                0x000000000800c444                _fputwc_r
 .text.fputwc   0x000000000800c468       0x80 c:/users/hunte/onedrive/desktop/programs/nios2eds/bin/gnu/h-x86_64-mingw32/bin/../lib/gcc/nios2-elf/5.3.0/../../../../../H-x86_64-mingw32/nios2-elf/lib/mno-hw-mul\libc.a(lib_a-fputwc.o)
                0x000000000800c468                fputwc
 .text          0x000000000800c4e8        0x0 c:/users/hunte/onedrive/desktop/programs/nios2eds/bin/gnu/h-x86_64-mingw32/bin/../lib/gcc/nios2-elf/5.3.0/../../../../../H-x86_64-mingw32/nios2-elf/lib/mno-hw-mul\libc.a(lib_a-fstatr.o)
 .text._fstat_r
                0x000000000800c4e8       0x5c c:/users/hunte/onedrive/desktop/programs/nios2eds/bin/gnu/h-x86_64-mingw32/bin/../lib/gcc/nios2-elf/5.3.0/../../../../../H-x86_64-mingw32/nios2-elf/lib/mno-hw-mul\libc.a(lib_a-fstatr.o)
                0x000000000800c4e8                _fstat_r
 .text          0x000000000800c544        0x0 c:/users/hunte/onedrive/desktop/programs/nios2eds/bin/gnu/h-x86_64-mingw32/bin/../lib/gcc/nios2-elf/5.3.0/../../../../../H-x86_64-mingw32/nios2-elf/lib/mno-hw-mul\libc.a(lib_a-int_errno.o)
 .text          0x000000000800c544        0x0 c:/users/hunte/onedrive/desktop/programs/nios2eds/bin/gnu/h-x86_64-mingw32/bin/../lib/gcc/nios2-elf/5.3.0/../../../../../H-x86_64-mingw32/nios2-elf/lib/mno-hw-mul\libc.a(lib_a-isattyr.o)
 .text._isatty_r
                0x000000000800c544       0x54 c:/users/hunte/onedrive/desktop/programs/nios2eds/bin/gnu/h-x86_64-mingw32/bin/../lib/gcc/nios2-elf/5.3.0/../../../../../H-x86_64-mingw32/nios2-elf/lib/mno-hw-mul\libc.a(lib_a-isattyr.o)
                0x000000000800c544                _isatty_r
 .text          0x000000000800c598        0x0 c:/users/hunte/onedrive/desktop/programs/nios2eds/bin/gnu/h-x86_64-mingw32/bin/../lib/gcc/nios2-elf/5.3.0/../../../../../H-x86_64-mingw32/nios2-elf/lib/mno-hw-mul\libc.a(lib_a-lseekr.o)
 .text._lseek_r
                0x000000000800c598       0x60 c:/users/hunte/onedrive/desktop/programs/nios2eds/bin/gnu/h-x86_64-mingw32/bin/../lib/gcc/nios2-elf/5.3.0/../../../../../H-x86_64-mingw32/nios2-elf/lib/mno-hw-mul\libc.a(lib_a-lseekr.o)
                0x000000000800c598                _lseek_r
 .text          0x000000000800c5f8        0x0 c:/users/hunte/onedrive/desktop/programs/nios2eds/bin/gnu/h-x86_64-mingw32/bin/../lib/gcc/nios2-elf/5.3.0/../../../../../H-x86_64-mingw32/nios2-elf/lib/mno-hw-mul\libc.a(lib_a-readr.o)
 .text._read_r  0x000000000800c5f8       0x60 c:/users/hunte/onedrive/desktop/programs/nios2eds/bin/gnu/h-x86_64-mingw32/bin/../lib/gcc/nios2-elf/5.3.0/../../../../../H-x86_64-mingw32/nios2-elf/lib/mno-hw-mul\libc.a(lib_a-readr.o)
                0x000000000800c5f8                _read_r
 .text          0x000000000800c658        0x0 c:/users/hunte/onedrive/desktop/programs/nios2eds/bin/gnu/h-x86_64-mingw32/bin/../lib/gcc/nios2-elf/5.3.0/../../../../../H-x86_64-mingw32/nios2-elf/lib/mno-hw-mul\libc.a(lib_a-wcrtomb.o)
 .text._wcrtomb_r
                0x000000000800c658       0x9c c:/users/hunte/onedrive/desktop/programs/nios2eds/bin/gnu/h-x86_64-mingw32/bin/../lib/gcc/nios2-elf/5.3.0/../../../../../H-x86_64-mingw32/nios2-elf/lib/mno-hw-mul\libc.a(lib_a-wcrtomb.o)
                0x000000000800c658                _wcrtomb_r
 .text.wcrtomb  0x000000000800c6f4       0xc0 c:/users/hunte/onedrive/desktop/programs/nios2eds/bin/gnu/h-x86_64-mingw32/bin/../lib/gcc/nios2-elf/5.3.0/../../../../../H-x86_64-mingw32/nios2-elf/lib/mno-hw-mul\libc.a(lib_a-wcrtomb.o)
                0x000000000800c6f4                wcrtomb
 .text          0x000000000800c7b4        0x0 c:/users/hunte/onedrive/desktop/programs/nios2eds/bin/gnu/h-x86_64-mingw32/bin/../lib/gcc/nios2-elf/5.3.0/../../../../../H-x86_64-mingw32/nios2-elf/lib/mno-hw-mul\libc.a(lib_a-wctomb_r.o)
 .text.__ascii_wctomb
                0x000000000800c7b4       0x30 c:/users/hunte/onedrive/desktop/programs/nios2eds/bin/gnu/h-x86_64-mingw32/bin/../lib/gcc/nios2-elf/5.3.0/../../../../../H-x86_64-mingw32/nios2-elf/lib/mno-hw-mul\libc.a(lib_a-wctomb_r.o)
                0x000000000800c7b4                __ascii_wctomb
 .text._wctomb_r
                0x000000000800c7e4       0x5c c:/users/hunte/onedrive/desktop/programs/nios2eds/bin/gnu/h-x86_64-mingw32/bin/../lib/gcc/nios2-elf/5.3.0/../../../../../H-x86_64-mingw32/nios2-elf/lib/mno-hw-mul\libc.a(lib_a-wctomb_r.o)
                0x000000000800c7e4                _wctomb_r
 .text          0x000000000800c840      0x5fc c:/users/hunte/onedrive/desktop/programs/nios2eds/bin/gnu/h-x86_64-mingw32/bin/../lib/gcc/nios2-elf/5.3.0/mno-hw-mul\libgcc.a(_udivdi3.o)
                0x000000000800c840                __udivdi3
 .text          0x000000000800ce3c      0x5c4 c:/users/hunte/onedrive/desktop/programs/nios2eds/bin/gnu/h-x86_64-mingw32/bin/../lib/gcc/nios2-elf/5.3.0/mno-hw-mul\libgcc.a(_umoddi3.o)
                0x000000000800ce3c                __umoddi3
 .text          0x000000000800d400      0x8ac c:/users/hunte/onedrive/desktop/programs/nios2eds/bin/gnu/h-x86_64-mingw32/bin/../lib/gcc/nios2-elf/5.3.0/mno-hw-mul\libgcc.a(adddf3.o)
                0x000000000800d400                __adddf3
 .text          0x000000000800dcac      0x9d0 c:/users/hunte/onedrive/desktop/programs/nios2eds/bin/gnu/h-x86_64-mingw32/bin/../lib/gcc/nios2-elf/5.3.0/mno-hw-mul\libgcc.a(divdf3.o)
                0x000000000800dcac                __divdf3
 .text          0x000000000800e67c       0x88 c:/users/hunte/onedrive/desktop/programs/nios2eds/bin/gnu/h-x86_64-mingw32/bin/../lib/gcc/nios2-elf/5.3.0/mno-hw-mul\libgcc.a(eqdf2.o)
                0x000000000800e67c                __nedf2
                0x000000000800e67c                __eqdf2
 .text          0x000000000800e704       0xdc c:/users/hunte/onedrive/desktop/programs/nios2eds/bin/gnu/h-x86_64-mingw32/bin/../lib/gcc/nios2-elf/5.3.0/mno-hw-mul\libgcc.a(gedf2.o)
                0x000000000800e704                __gedf2
                0x000000000800e704                __gtdf2
 .text          0x000000000800e7e0       0xf4 c:/users/hunte/onedrive/desktop/programs/nios2eds/bin/gnu/h-x86_64-mingw32/bin/../lib/gcc/nios2-elf/5.3.0/mno-hw-mul\libgcc.a(ledf2.o)
                0x000000000800e7e0                __ledf2
                0x000000000800e7e0                __ltdf2
 .text          0x000000000800e8d4      0x86c c:/users/hunte/onedrive/desktop/programs/nios2eds/bin/gnu/h-x86_64-mingw32/bin/../lib/gcc/nios2-elf/5.3.0/mno-hw-mul\libgcc.a(muldf3.o)
                0x000000000800e8d4                __muldf3
 .text          0x000000000800f140      0x8fc c:/users/hunte/onedrive/desktop/programs/nios2eds/bin/gnu/h-x86_64-mingw32/bin/../lib/gcc/nios2-elf/5.3.0/mno-hw-mul\libgcc.a(subdf3.o)
                0x000000000800f140                __subdf3
 .text          0x000000000800fa3c       0x80 c:/users/hunte/onedrive/desktop/programs/nios2eds/bin/gnu/h-x86_64-mingw32/bin/../lib/gcc/nios2-elf/5.3.0/mno-hw-mul\libgcc.a(fixdfsi.o)
                0x000000000800fa3c                __fixdfsi
 .text          0x000000000800fabc       0xdc c:/users/hunte/onedrive/desktop/programs/nios2eds/bin/gnu/h-x86_64-mingw32/bin/../lib/gcc/nios2-elf/5.3.0/mno-hw-mul\libgcc.a(floatsidf.o)
                0x000000000800fabc                __floatsidf
 .text          0x000000000800fb98       0xa8 c:/users/hunte/onedrive/desktop/programs/nios2eds/bin/gnu/h-x86_64-mingw32/bin/../lib/gcc/nios2-elf/5.3.0/mno-hw-mul\libgcc.a(floatunsidf.o)
                0x000000000800fb98                __floatunsidf
 .text          0x000000000800fc40        0x0 c:/users/hunte/onedrive/desktop/programs/nios2eds/bin/gnu/h-x86_64-mingw32/bin/../lib/gcc/nios2-elf/5.3.0/mno-hw-mul\libgcc.a(_clz.o)
 .text          0x000000000800fc40       0x64 c:/users/hunte/onedrive/desktop/programs/nios2eds/bin/gnu/h-x86_64-mingw32/bin/../lib/gcc/nios2-elf/5.3.0/mno-hw-mul\libgcc.a(_clzsi2.o)
                0x000000000800fc40                __clzsi2
 .text          0x000000000800fca4      0x114 ../usb_kb_bsp/\libhal_bsp.a(alt_close.o)
                0x000000000800fce0                close
 .text          0x000000000800fdb8       0x2c ../usb_kb_bsp/\libhal_bsp.a(alt_dev.o)
 .text          0x000000000800fde4        0x0 ../usb_kb_bsp/\libhal_bsp.a(alt_errno.o)
 .text          0x000000000800fde4       0xf4 ../usb_kb_bsp/\libhal_bsp.a(alt_fstat.o)
                0x000000000800fe20                fstat
 .text          0x000000000800fed8       0xe8 ../usb_kb_bsp/\libhal_bsp.a(alt_isatty.o)
                0x000000000800ff14                isatty
 .text          0x000000000800ffc0       0xec ../usb_kb_bsp/\libhal_bsp.a(alt_load.o)
                0x0000000008010028                alt_load
 .text          0x00000000080100ac      0x118 ../usb_kb_bsp/\libhal_bsp.a(alt_lseek.o)
                0x00000000080100e8                lseek
 .text          0x00000000080101c4       0x7c ../usb_kb_bsp/\libhal_bsp.a(alt_main.o)
                0x00000000080101c4                alt_main
 .text          0x0000000008010240       0x48 ../usb_kb_bsp/\libhal_bsp.a(alt_malloc_lock.o)
                0x0000000008010240                __malloc_lock
                0x0000000008010264                __malloc_unlock
 .text          0x0000000008010288      0x140 ../usb_kb_bsp/\libhal_bsp.a(alt_read.o)
                0x00000000080102c4                read
 .text          0x00000000080103c8       0x84 ../usb_kb_bsp/\libhal_bsp.a(alt_release_fd.o)
                0x00000000080103c8                alt_release_fd
 .text          0x000000000801044c       0xb0 ../usb_kb_bsp/\libhal_bsp.a(alt_sbrk.o)
                0x000000000801044c                sbrk
 .text          0x00000000080104fc      0x1a4 ../usb_kb_bsp/\libhal_bsp.a(alt_tick.o)
                0x00000000080104fc                alt_alarm_stop
                0x0000000008010598                alt_tick
 .text          0x00000000080106a0       0x30 ../usb_kb_bsp/\libhal_bsp.a(alt_usleep.o)
                0x00000000080106a0                usleep
 .text          0x00000000080106d0      0x13c ../usb_kb_bsp/\libhal_bsp.a(alt_write.o)
                0x000000000801070c                write
 .text          0x000000000801080c       0xd0 ../usb_kb_bsp/\libhal_bsp.a(alt_sys_init.o)
                0x0000000008010840                alt_irq_init
                0x0000000008010878                alt_sys_init
 .text          0x00000000080108dc      0x164 ../usb_kb_bsp/\libhal_bsp.a(altera_avalon_jtag_uart_fd.o)
                0x00000000080108dc                altera_avalon_jtag_uart_read_fd
                0x000000000801093c                altera_avalon_jtag_uart_write_fd
                0x000000000801099c                altera_avalon_jtag_uart_close_fd
                0x00000000080109ec                altera_avalon_jtag_uart_ioctl_fd
 .text          0x0000000008010a40      0x3d4 ../usb_kb_bsp/\libhal_bsp.a(altera_avalon_jtag_uart_init.o)
                0x0000000008010a40                altera_avalon_jtag_uart_init
                0x0000000008010dac                altera_avalon_jtag_uart_close
 .text          0x0000000008010e14       0xf0 ../usb_kb_bsp/\libhal_bsp.a(altera_avalon_jtag_uart_ioctl.o)
                0x0000000008010e14                altera_avalon_jtag_uart_ioctl
 .text          0x0000000008010f04      0x21c ../usb_kb_bsp/\libhal_bsp.a(altera_avalon_jtag_uart_read.o)
                0x0000000008010f04                altera_avalon_jtag_uart_read
 .text          0x0000000008011120      0x224 ../usb_kb_bsp/\libhal_bsp.a(altera_avalon_jtag_uart_write.o)
                0x0000000008011120                altera_avalon_jtag_uart_write
 .text          0x0000000008011344      0x1fc ../usb_kb_bsp/\libhal_bsp.a(altera_avalon_spi.o)
                0x0000000008011344                alt_avalon_spi_command
 .text          0x0000000008011540       0xf4 ../usb_kb_bsp/\libhal_bsp.a(altera_avalon_timer_sc.o)
                0x00000000080115b8                alt_avalon_timer_sc_init
 .text          0x0000000008011634      0x12c ../usb_kb_bsp/\libhal_bsp.a(alt_alarm_start.o)
                0x0000000008011634                alt_alarm_start
 .text          0x0000000008011760      0x158 ../usb_kb_bsp/\libhal_bsp.a(alt_busy_sleep.o)
                0x0000000008011760                alt_busy_sleep
 .text          0x00000000080118b8       0x20 ../usb_kb_bsp/\libhal_bsp.a(alt_dcache_flush_all.o)
                0x00000000080118b8                alt_dcache_flush_all
 .text          0x00000000080118d8       0xe0 ../usb_kb_bsp/\libhal_bsp.a(alt_dev_llist_insert.o)
                0x0000000008011914                alt_dev_llist_insert
 .text          0x00000000080119b8       0x60 ../usb_kb_bsp/\libhal_bsp.a(alt_do_ctors.o)
                0x00000000080119b8                _do_ctors
 .text          0x0000000008011a18       0x60 ../usb_kb_bsp/\libhal_bsp.a(alt_do_dtors.o)
                0x0000000008011a18                _do_dtors
 .text          0x0000000008011a78       0x20 ../usb_kb_bsp/\libhal_bsp.a(alt_icache_flush_all.o)
                0x0000000008011a78                alt_icache_flush_all
 .text          0x0000000008011a98      0x1b0 ../usb_kb_bsp/\libhal_bsp.a(alt_iic.o)
                0x0000000008011a98                alt_ic_isr_register
                0x0000000008011ae8                alt_ic_irq_enable
                0x0000000008011b70                alt_ic_irq_disable
                0x0000000008011bfc                alt_ic_irq_enabled
 .text          0x0000000008011c48       0xf0 ../usb_kb_bsp/\libhal_bsp.a(alt_iic_isr_register.o)
                0x0000000008011c48                alt_iic_isr_register
 .text          0x0000000008011d38      0x160 ../usb_kb_bsp/\libhal_bsp.a(alt_io_redirect.o)
                0x0000000008011e1c                alt_io_redirect
 .text          0x0000000008011e98        0x0 ../usb_kb_bsp/\libhal_bsp.a(alt_irq_entry.o)
 .text          0x0000000008011e98        0x0 ../usb_kb_bsp/\libhal_bsp.a(alt_irq_handler.o)
 .text          0x0000000008011e98        0x0 ../usb_kb_bsp/\libhal_bsp.a(alt_irq_vars.o)
 .text          0x0000000008011e98      0x284 ../usb_kb_bsp/\libhal_bsp.a(alt_open.o)
                0x0000000008011fc0                open
 .text          0x000000000801211c       0x24 ../usb_kb_bsp/\libhal_bsp.a(altera_nios2_gen2_irq.o)
                0x000000000801211c                altera_nios2_gen2_irq_init
 .text          0x0000000008012140        0x0 ../usb_kb_bsp/\libhal_bsp.a(alt_exception_entry.o)
 .text          0x0000000008012140       0x90 ../usb_kb_bsp/\libhal_bsp.a(alt_find_dev.o)
                0x0000000008012140                alt_find_dev
 .text          0x00000000080121d0      0x108 ../usb_kb_bsp/\libhal_bsp.a(alt_find_file.o)
                0x00000000080121d0                alt_find_file
 .text          0x00000000080122d8       0xc4 ../usb_kb_bsp/\libhal_bsp.a(alt_get_fd.o)
                0x00000000080122d8                alt_get_fd
 .text          0x000000000801239c       0x9c ../usb_kb_bsp/\libhal_bsp.a(alt_instruction_exception_entry.o)
                0x000000000801239c                alt_exception_cause_generated_bad_addr
 .text          0x0000000008012438        0x0 c:/users/hunte/onedrive/desktop/programs/nios2eds/bin/gnu/h-x86_64-mingw32/bin/../lib/gcc/nios2-elf/5.3.0/../../../../../H-x86_64-mingw32/nios2-elf/lib/mno-hw-mul\libc.a(lib_a-atexit.o)
 .text.atexit   0x0000000008012438       0x14 c:/users/hunte/onedrive/desktop/programs/nios2eds/bin/gnu/h-x86_64-mingw32/bin/../lib/gcc/nios2-elf/5.3.0/../../../../../H-x86_64-mingw32/nios2-elf/lib/mno-hw-mul\libc.a(lib_a-atexit.o)
                0x0000000008012438                atexit
 .text          0x000000000801244c        0x0 c:/users/hunte/onedrive/desktop/programs/nios2eds/bin/gnu/h-x86_64-mingw32/bin/../lib/gcc/nios2-elf/5.3.0/../../../../../H-x86_64-mingw32/nios2-elf/lib/mno-hw-mul\libc.a(lib_a-exit.o)
 .text.exit     0x000000000801244c       0x38 c:/users/hunte/onedrive/desktop/programs/nios2eds/bin/gnu/h-x86_64-mingw32/bin/../lib/gcc/nios2-elf/5.3.0/../../../../../H-x86_64-mingw32/nios2-elf/lib/mno-hw-mul\libc.a(lib_a-exit.o)
                0x000000000801244c                exit
 .text          0x0000000008012484        0x0 c:/users/hunte/onedrive/desktop/programs/nios2eds/bin/gnu/h-x86_64-mingw32/bin/../lib/gcc/nios2-elf/5.3.0/../../../../../H-x86_64-mingw32/nios2-elf/lib/mno-hw-mul\libc.a(lib_a-memcmp.o)
 .text.memcmp   0x0000000008012484       0x7c c:/users/hunte/onedrive/desktop/programs/nios2eds/bin/gnu/h-x86_64-mingw32/bin/../lib/gcc/nios2-elf/5.3.0/../../../../../H-x86_64-mingw32/nios2-elf/lib/mno-hw-mul\libc.a(lib_a-memcmp.o)
                0x0000000008012484                memcmp
 .text          0x0000000008012500        0x0 c:/users/hunte/onedrive/desktop/programs/nios2eds/bin/gnu/h-x86_64-mingw32/bin/../lib/gcc/nios2-elf/5.3.0/../../../../../H-x86_64-mingw32/nios2-elf/lib/mno-hw-mul\libc.a(lib_a-__atexit.o)
 .text.__register_exitproc
                0x0000000008012500      0x118 c:/users/hunte/onedrive/desktop/programs/nios2eds/bin/gnu/h-x86_64-mingw32/bin/../lib/gcc/nios2-elf/5.3.0/../../../../../H-x86_64-mingw32/nios2-elf/lib/mno-hw-mul\libc.a(lib_a-__atexit.o)
                0x0000000008012500                __register_exitproc
 .text          0x0000000008012618        0x0 c:/users/hunte/onedrive/desktop/programs/nios2eds/bin/gnu/h-x86_64-mingw32/bin/../lib/gcc/nios2-elf/5.3.0/../../../../../H-x86_64-mingw32/nios2-elf/lib/mno-hw-mul\libc.a(lib_a-__call_atexit.o)
 .text.__call_exitprocs
                0x0000000008012618      0x180 c:/users/hunte/onedrive/desktop/programs/nios2eds/bin/gnu/h-x86_64-mingw32/bin/../lib/gcc/nios2-elf/5.3.0/../../../../../H-x86_64-mingw32/nios2-elf/lib/mno-hw-mul\libc.a(lib_a-__call_atexit.o)
                0x0000000008012618                __call_exitprocs
 .text          0x0000000008012798       0x34 ../usb_kb_bsp/\libhal_bsp.a(alt_exit.o)
                0x0000000008012798                _exit
 *(.gnu.warning.*)
 *(.fini)
                [!provide]                        PROVIDE (__etext, ABSOLUTE (.))
                [!provide]                        PROVIDE (_etext, ABSOLUTE (.))
                [!provide]                        PROVIDE (etext, ABSOLUTE (.))
 *(.eh_frame_hdr)
                0x00000000080127cc                . = ALIGN (0x4)
                [!provide]                        PROVIDE (__preinit_array_start, ABSOLUTE (.))
 *(.preinit_array)
                [!provide]                        PROVIDE (__preinit_array_end, ABSOLUTE (.))
                [!provide]                        PROVIDE (__init_array_start, ABSOLUTE (.))
 *(.init_array)
                [!provide]                        PROVIDE (__init_array_end, ABSOLUTE (.))
                [!provide]                        PROVIDE (__fini_array_start, ABSOLUTE (.))
 *(.fini_array)
                [!provide]                        PROVIDE (__fini_array_end, ABSOLUTE (.))
 *(.eh_frame)
 *(.gcc_except_table .gcc_except_table.*)
 *(.dynamic)
                0x00000000080127cc                PROVIDE (__CTOR_LIST__, ABSOLUTE (.))
 *(.ctors)
 *(SORT(.ctors.*))
                0x00000000080127cc                PROVIDE (__CTOR_END__, ABSOLUTE (.))
                0x00000000080127cc                PROVIDE (__DTOR_LIST__, ABSOLUTE (.))
 *(.dtors)
 *(SORT(.dtors.*))
                0x00000000080127cc                PROVIDE (__DTOR_END__, ABSOLUTE (.))
 *(.jcr)
                0x00000000080127cc                . = ALIGN (0x4)

.rodata         0x00000000080127cc      0x534
                0x00000000080127cc                PROVIDE (__ram_rodata_start, ABSOLUTE (.))
                0x00000000080127cc                . = ALIGN (0x4)
 *(.rodata .rodata.* .gnu.linkonce.r.*)
 .rodata        0x00000000080127cc      0x18d obj/default/main.o
                0x0000000008012808                devclasses
 *fill*         0x0000000008012959        0x3 
 .rodata        0x000000000801295c       0x71 obj/default/usb_kb/MAX3421E.o
 *fill*         0x00000000080129cd        0x3 
 .rodata        0x00000000080129d0       0x30 obj/default/usb_kb/transfer.o
 .rodata.str1.4
                0x0000000008012a00        0x2 c:/users/hunte/onedrive/desktop/programs/nios2eds/bin/gnu/h-x86_64-mingw32/bin/../lib/gcc/nios2-elf/5.3.0/../../../../../H-x86_64-mingw32/nios2-elf/lib/mno-hw-mul\libc.a(lib_a-puts.o)
 *fill*         0x0000000008012a02        0x2 
 .rodata.str1.4
                0x0000000008012a04       0x42 c:/users/hunte/onedrive/desktop/programs/nios2eds/bin/gnu/h-x86_64-mingw32/bin/../lib/gcc/nios2-elf/5.3.0/../../../../../H-x86_64-mingw32/nios2-elf/lib/mno-hw-mul\libc.a(lib_a-vfprintf.o)
 .rodata.zeroes.4404
                0x0000000008012a46       0x10 c:/users/hunte/onedrive/desktop/programs/nios2eds/bin/gnu/h-x86_64-mingw32/bin/../lib/gcc/nios2-elf/5.3.0/../../../../../H-x86_64-mingw32/nios2-elf/lib/mno-hw-mul\libc.a(lib_a-vfprintf.o)
 .rodata.blanks.4403
                0x0000000008012a56       0x10 c:/users/hunte/onedrive/desktop/programs/nios2eds/bin/gnu/h-x86_64-mingw32/bin/../lib/gcc/nios2-elf/5.3.0/../../../../../H-x86_64-mingw32/nios2-elf/lib/mno-hw-mul\libc.a(lib_a-vfprintf.o)
 *fill*         0x0000000008012a66        0x2 
 .rodata.str1.4
                0x0000000008012a68       0x10 c:/users/hunte/onedrive/desktop/programs/nios2eds/bin/gnu/h-x86_64-mingw32/bin/../lib/gcc/nios2-elf/5.3.0/../../../../../H-x86_64-mingw32/nios2-elf/lib/mno-hw-mul\libc.a(lib_a-dtoa.o)
                                         0x12 (size before relaxing)
 .rodata.str1.4
                0x0000000008012a78        0x2 c:/users/hunte/onedrive/desktop/programs/nios2eds/bin/gnu/h-x86_64-mingw32/bin/../lib/gcc/nios2-elf/5.3.0/../../../../../H-x86_64-mingw32/nios2-elf/lib/mno-hw-mul\libc.a(lib_a-impure.o)
 *fill*         0x0000000008012a7a        0x2 
 .rodata.str1.4
                0x0000000008012a7c        0xc c:/users/hunte/onedrive/desktop/programs/nios2eds/bin/gnu/h-x86_64-mingw32/bin/../lib/gcc/nios2-elf/5.3.0/../../../../../H-x86_64-mingw32/nios2-elf/lib/mno-hw-mul\libc.a(lib_a-locale.o)
                                         0x12 (size before relaxing)
 .rodata.p05.2768
                0x0000000008012a88        0xc c:/users/hunte/onedrive/desktop/programs/nios2eds/bin/gnu/h-x86_64-mingw32/bin/../lib/gcc/nios2-elf/5.3.0/../../../../../H-x86_64-mingw32/nios2-elf/lib/mno-hw-mul\libc.a(lib_a-mprec.o)
 .rodata.__mprec_tinytens
                0x0000000008012a94       0x28 c:/users/hunte/onedrive/desktop/programs/nios2eds/bin/gnu/h-x86_64-mingw32/bin/../lib/gcc/nios2-elf/5.3.0/../../../../../H-x86_64-mingw32/nios2-elf/lib/mno-hw-mul\libc.a(lib_a-mprec.o)
                0x0000000008012a94                __mprec_tinytens
 .rodata.__mprec_bigtens
                0x0000000008012abc       0x28 c:/users/hunte/onedrive/desktop/programs/nios2eds/bin/gnu/h-x86_64-mingw32/bin/../lib/gcc/nios2-elf/5.3.0/../../../../../H-x86_64-mingw32/nios2-elf/lib/mno-hw-mul\libc.a(lib_a-mprec.o)
                0x0000000008012abc                __mprec_bigtens
 .rodata.__mprec_tens
                0x0000000008012ae4       0xc8 c:/users/hunte/onedrive/desktop/programs/nios2eds/bin/gnu/h-x86_64-mingw32/bin/../lib/gcc/nios2-elf/5.3.0/../../../../../H-x86_64-mingw32/nios2-elf/lib/mno-hw-mul\libc.a(lib_a-mprec.o)
                0x0000000008012ae4                __mprec_tens
 .rodata.str1.4
                0x0000000008012bac       0x2f c:/users/hunte/onedrive/desktop/programs/nios2eds/bin/gnu/h-x86_64-mingw32/bin/../lib/gcc/nios2-elf/5.3.0/../../../../../H-x86_64-mingw32/nios2-elf/lib/mno-hw-mul\libc.a(lib_a-vfiprintf.o)
 .rodata.zeroes.4349
                0x0000000008012bac       0x10 c:/users/hunte/onedrive/desktop/programs/nios2eds/bin/gnu/h-x86_64-mingw32/bin/../lib/gcc/nios2-elf/5.3.0/../../../../../H-x86_64-mingw32/nios2-elf/lib/mno-hw-mul\libc.a(lib_a-vfiprintf.o)
 .rodata.blanks.4348
                0x0000000008012bbc       0x10 c:/users/hunte/onedrive/desktop/programs/nios2eds/bin/gnu/h-x86_64-mingw32/bin/../lib/gcc/nios2-elf/5.3.0/../../../../../H-x86_64-mingw32/nios2-elf/lib/mno-hw-mul\libc.a(lib_a-vfiprintf.o)
 .rodata        0x0000000008012bcc      0x100 c:/users/hunte/onedrive/desktop/programs/nios2eds/bin/gnu/h-x86_64-mingw32/bin/../lib/gcc/nios2-elf/5.3.0/mno-hw-mul\libgcc.a(_clz.o)
                0x0000000008012bcc                __clz_tab
 .rodata        0x0000000008012ccc        0xa ../usb_kb_bsp/\libhal_bsp.a(alt_dev.o)
 *fill*         0x0000000008012cd6        0x2 
 .rodata        0x0000000008012cd8       0x11 ../usb_kb_bsp/\libhal_bsp.a(alt_main.o)
 *fill*         0x0000000008012ce9        0x3 
 .rodata        0x0000000008012cec       0x11 ../usb_kb_bsp/\libhal_bsp.a(alt_sys_init.o)
 *(.rodata1)
                0x0000000008012d00                . = ALIGN (0x4)
 *fill*         0x0000000008012cfd        0x3 
                0x0000000008012d00                PROVIDE (__ram_rodata_end, ABSOLUTE (.))
                0x00000000080127cc                PROVIDE (__flash_rodata_start, LOADADDR (.rodata))

.rwdata         0x0000000008012d00     0x1b2c load address 0x000000000801482c
                0x0000000008012d00                PROVIDE (__ram_rwdata_start, ABSOLUTE (.))
                0x0000000008012d00                . = ALIGN (0x4)
 *(.got.plt)
 *(.got)
 *(.data1)
 *(.data .data.* .gnu.linkonce.d.*)
 .data          0x0000000008012d00        0x0 ../usb_kb_bsp//obj/HAL/src/crt0.o
 .data          0x0000000008012d00        0x0 obj/default/main.o
 .data          0x0000000008012d00        0x0 obj/default/usb_kb/HID.o
 .data          0x0000000008012d00        0x0 obj/default/usb_kb/MAX3421E.o
 .data          0x0000000008012d00       0x30 obj/default/usb_kb/transfer.o
                0x0000000008012d00                ClientDriverTable
 .data          0x0000000008012d30        0x0 c:/users/hunte/onedrive/desktop/programs/nios2eds/bin/gnu/h-x86_64-mingw32/bin/../lib/gcc/nios2-elf/5.3.0/mno-hw-mul\libgcc.a(lib2-divmod.o)
 .data          0x0000000008012d30        0x0 c:/users/hunte/onedrive/desktop/programs/nios2eds/bin/gnu/h-x86_64-mingw32/bin/../lib/gcc/nios2-elf/5.3.0/mno-hw-mul\libgcc.a(lib2-mul.o)
 .data          0x0000000008012d30        0x0 c:/users/hunte/onedrive/desktop/programs/nios2eds/bin/gnu/h-x86_64-mingw32/bin/../lib/gcc/nios2-elf/5.3.0/../../../../../H-x86_64-mingw32/nios2-elf/lib/mno-hw-mul\libc.a(lib_a-printf.o)
 .data          0x0000000008012d30        0x0 c:/users/hunte/onedrive/desktop/programs/nios2eds/bin/gnu/h-x86_64-mingw32/bin/../lib/gcc/nios2-elf/5.3.0/../../../../../H-x86_64-mingw32/nios2-elf/lib/mno-hw-mul\libc.a(lib_a-putchar.o)
 .data          0x0000000008012d30        0x0 c:/users/hunte/onedrive/desktop/programs/nios2eds/bin/gnu/h-x86_64-mingw32/bin/../lib/gcc/nios2-elf/5.3.0/../../../../../H-x86_64-mingw32/nios2-elf/lib/mno-hw-mul\libc.a(lib_a-puts.o)
 .data          0x0000000008012d30        0x0 c:/users/hunte/onedrive/desktop/programs/nios2eds/bin/gnu/h-x86_64-mingw32/bin/../lib/gcc/nios2-elf/5.3.0/../../../../../H-x86_64-mingw32/nios2-elf/lib/mno-hw-mul\libc.a(lib_a-strlen.o)
 .data          0x0000000008012d30        0x0 c:/users/hunte/onedrive/desktop/programs/nios2eds/bin/gnu/h-x86_64-mingw32/bin/../lib/gcc/nios2-elf/5.3.0/../../../../../H-x86_64-mingw32/nios2-elf/lib/mno-hw-mul\libc.a(lib_a-vfprintf.o)
 .data          0x0000000008012d30        0x0 c:/users/hunte/onedrive/desktop/programs/nios2eds/bin/gnu/h-x86_64-mingw32/bin/../lib/gcc/nios2-elf/5.3.0/../../../../../H-x86_64-mingw32/nios2-elf/lib/mno-hw-mul\libc.a(lib_a-wsetup.o)
 .data          0x0000000008012d30        0x0 c:/users/hunte/onedrive/desktop/programs/nios2eds/bin/gnu/h-x86_64-mingw32/bin/../lib/gcc/nios2-elf/5.3.0/../../../../../H-x86_64-mingw32/nios2-elf/lib/mno-hw-mul\libc.a(lib_a-dtoa.o)
 .data          0x0000000008012d30        0x0 c:/users/hunte/onedrive/desktop/programs/nios2eds/bin/gnu/h-x86_64-mingw32/bin/../lib/gcc/nios2-elf/5.3.0/../../../../../H-x86_64-mingw32/nios2-elf/lib/mno-hw-mul\libc.a(lib_a-fflush.o)
 .data          0x0000000008012d30        0x0 c:/users/hunte/onedrive/desktop/programs/nios2eds/bin/gnu/h-x86_64-mingw32/bin/../lib/gcc/nios2-elf/5.3.0/../../../../../H-x86_64-mingw32/nios2-elf/lib/mno-hw-mul\libc.a(lib_a-findfp.o)
 .data          0x0000000008012d30        0x0 c:/users/hunte/onedrive/desktop/programs/nios2eds/bin/gnu/h-x86_64-mingw32/bin/../lib/gcc/nios2-elf/5.3.0/../../../../../H-x86_64-mingw32/nios2-elf/lib/mno-hw-mul\libc.a(lib_a-freer.o)
 .data          0x0000000008012d30        0x0 c:/users/hunte/onedrive/desktop/programs/nios2eds/bin/gnu/h-x86_64-mingw32/bin/../lib/gcc/nios2-elf/5.3.0/../../../../../H-x86_64-mingw32/nios2-elf/lib/mno-hw-mul\libc.a(lib_a-fvwrite.o)
 .data          0x0000000008012d30        0x0 c:/users/hunte/onedrive/desktop/programs/nios2eds/bin/gnu/h-x86_64-mingw32/bin/../lib/gcc/nios2-elf/5.3.0/../../../../../H-x86_64-mingw32/nios2-elf/lib/mno-hw-mul\libc.a(lib_a-fwalk.o)
 .data          0x0000000008012d30        0x0 c:/users/hunte/onedrive/desktop/programs/nios2eds/bin/gnu/h-x86_64-mingw32/bin/../lib/gcc/nios2-elf/5.3.0/../../../../../H-x86_64-mingw32/nios2-elf/lib/mno-hw-mul\libc.a(lib_a-impure.o)
 .data.impure_data
                0x0000000008012d30      0x424 c:/users/hunte/onedrive/desktop/programs/nios2eds/bin/gnu/h-x86_64-mingw32/bin/../lib/gcc/nios2-elf/5.3.0/../../../../../H-x86_64-mingw32/nios2-elf/lib/mno-hw-mul\libc.a(lib_a-impure.o)
 .data          0x0000000008013154        0x0 c:/users/hunte/onedrive/desktop/programs/nios2eds/bin/gnu/h-x86_64-mingw32/bin/../lib/gcc/nios2-elf/5.3.0/../../../../../H-x86_64-mingw32/nios2-elf/lib/mno-hw-mul\libc.a(lib_a-locale.o)
 .data.lc_message_charset
                0x0000000008013154       0x20 c:/users/hunte/onedrive/desktop/programs/nios2eds/bin/gnu/h-x86_64-mingw32/bin/../lib/gcc/nios2-elf/5.3.0/../../../../../H-x86_64-mingw32/nios2-elf/lib/mno-hw-mul\libc.a(lib_a-locale.o)
 .data.lc_ctype_charset
                0x0000000008013174       0x20 c:/users/hunte/onedrive/desktop/programs/nios2eds/bin/gnu/h-x86_64-mingw32/bin/../lib/gcc/nios2-elf/5.3.0/../../../../../H-x86_64-mingw32/nios2-elf/lib/mno-hw-mul\libc.a(lib_a-locale.o)
 .data.lconv    0x0000000008013194       0x38 c:/users/hunte/onedrive/desktop/programs/nios2eds/bin/gnu/h-x86_64-mingw32/bin/../lib/gcc/nios2-elf/5.3.0/../../../../../H-x86_64-mingw32/nios2-elf/lib/mno-hw-mul\libc.a(lib_a-locale.o)
 .data          0x00000000080131cc        0x0 c:/users/hunte/onedrive/desktop/programs/nios2eds/bin/gnu/h-x86_64-mingw32/bin/../lib/gcc/nios2-elf/5.3.0/../../../../../H-x86_64-mingw32/nios2-elf/lib/mno-hw-mul\libc.a(lib_a-makebuf.o)
 .data          0x00000000080131cc        0x0 c:/users/hunte/onedrive/desktop/programs/nios2eds/bin/gnu/h-x86_64-mingw32/bin/../lib/gcc/nios2-elf/5.3.0/../../../../../H-x86_64-mingw32/nios2-elf/lib/mno-hw-mul\libc.a(lib_a-mallocr.o)
 .data.__malloc_av_
                0x00000000080131cc      0x408 c:/users/hunte/onedrive/desktop/programs/nios2eds/bin/gnu/h-x86_64-mingw32/bin/../lib/gcc/nios2-elf/5.3.0/../../../../../H-x86_64-mingw32/nios2-elf/lib/mno-hw-mul\libc.a(lib_a-mallocr.o)
                0x00000000080131cc                __malloc_av_
 .data          0x00000000080135d4        0x0 c:/users/hunte/onedrive/desktop/programs/nios2eds/bin/gnu/h-x86_64-mingw32/bin/../lib/gcc/nios2-elf/5.3.0/../../../../../H-x86_64-mingw32/nios2-elf/lib/mno-hw-mul\libc.a(lib_a-memchr.o)
 .data          0x00000000080135d4        0x0 c:/users/hunte/onedrive/desktop/programs/nios2eds/bin/gnu/h-x86_64-mingw32/bin/../lib/gcc/nios2-elf/5.3.0/../../../../../H-x86_64-mingw32/nios2-elf/lib/mno-hw-mul\libc.a(lib_a-memcpy.o)
 .data          0x00000000080135d4        0x0 c:/users/hunte/onedrive/desktop/programs/nios2eds/bin/gnu/h-x86_64-mingw32/bin/../lib/gcc/nios2-elf/5.3.0/../../../../../H-x86_64-mingw32/nios2-elf/lib/mno-hw-mul\libc.a(lib_a-memmove.o)
 .data          0x00000000080135d4        0x0 c:/users/hunte/onedrive/desktop/programs/nios2eds/bin/gnu/h-x86_64-mingw32/bin/../lib/gcc/nios2-elf/5.3.0/../../../../../H-x86_64-mingw32/nios2-elf/lib/mno-hw-mul\libc.a(lib_a-memset.o)
 .data          0x00000000080135d4        0x0 c:/users/hunte/onedrive/desktop/programs/nios2eds/bin/gnu/h-x86_64-mingw32/bin/../lib/gcc/nios2-elf/5.3.0/../../../../../H-x86_64-mingw32/nios2-elf/lib/mno-hw-mul\libc.a(lib_a-mprec.o)
 .data          0x00000000080135d4        0x0 c:/users/hunte/onedrive/desktop/programs/nios2eds/bin/gnu/h-x86_64-mingw32/bin/../lib/gcc/nios2-elf/5.3.0/../../../../../H-x86_64-mingw32/nios2-elf/lib/mno-hw-mul\libc.a(lib_a-putc.o)
 .data          0x00000000080135d4        0x0 c:/users/hunte/onedrive/desktop/programs/nios2eds/bin/gnu/h-x86_64-mingw32/bin/../lib/gcc/nios2-elf/5.3.0/../../../../../H-x86_64-mingw32/nios2-elf/lib/mno-hw-mul\libc.a(lib_a-reallocr.o)
 .data          0x00000000080135d4        0x0 c:/users/hunte/onedrive/desktop/programs/nios2eds/bin/gnu/h-x86_64-mingw32/bin/../lib/gcc/nios2-elf/5.3.0/../../../../../H-x86_64-mingw32/nios2-elf/lib/mno-hw-mul\libc.a(lib_a-s_fpclassify.o)
 .data          0x00000000080135d4        0x0 c:/users/hunte/onedrive/desktop/programs/nios2eds/bin/gnu/h-x86_64-mingw32/bin/../lib/gcc/nios2-elf/5.3.0/../../../../../H-x86_64-mingw32/nios2-elf/lib/mno-hw-mul\libc.a(lib_a-sbrkr.o)
 .data          0x00000000080135d4        0x0 c:/users/hunte/onedrive/desktop/programs/nios2eds/bin/gnu/h-x86_64-mingw32/bin/../lib/gcc/nios2-elf/5.3.0/../../../../../H-x86_64-mingw32/nios2-elf/lib/mno-hw-mul\libc.a(lib_a-stdio.o)
 .data          0x00000000080135d4        0x0 c:/users/hunte/onedrive/desktop/programs/nios2eds/bin/gnu/h-x86_64-mingw32/bin/../lib/gcc/nios2-elf/5.3.0/../../../../../H-x86_64-mingw32/nios2-elf/lib/mno-hw-mul\libc.a(lib_a-strcmp.o)
 .data          0x00000000080135d4        0x0 c:/users/hunte/onedrive/desktop/programs/nios2eds/bin/gnu/h-x86_64-mingw32/bin/../lib/gcc/nios2-elf/5.3.0/../../../../../H-x86_64-mingw32/nios2-elf/lib/mno-hw-mul\libc.a(lib_a-vfiprintf.o)
 .data          0x00000000080135d4        0x0 c:/users/hunte/onedrive/desktop/programs/nios2eds/bin/gnu/h-x86_64-mingw32/bin/../lib/gcc/nios2-elf/5.3.0/../../../../../H-x86_64-mingw32/nios2-elf/lib/mno-hw-mul\libc.a(lib_a-wbuf.o)
 .data          0x00000000080135d4        0x0 c:/users/hunte/onedrive/desktop/programs/nios2eds/bin/gnu/h-x86_64-mingw32/bin/../lib/gcc/nios2-elf/5.3.0/../../../../../H-x86_64-mingw32/nios2-elf/lib/mno-hw-mul\libc.a(lib_a-writer.o)
 .data          0x00000000080135d4        0x0 c:/users/hunte/onedrive/desktop/programs/nios2eds/bin/gnu/h-x86_64-mingw32/bin/../lib/gcc/nios2-elf/5.3.0/../../../../../H-x86_64-mingw32/nios2-elf/lib/mno-hw-mul\libc.a(closer.o)
 .data          0x00000000080135d4        0x0 c:/users/hunte/onedrive/desktop/programs/nios2eds/bin/gnu/h-x86_64-mingw32/bin/../lib/gcc/nios2-elf/5.3.0/../../../../../H-x86_64-mingw32/nios2-elf/lib/mno-hw-mul\libc.a(lib_a-callocr.o)
 .data          0x00000000080135d4        0x0 c:/users/hunte/onedrive/desktop/programs/nios2eds/bin/gnu/h-x86_64-mingw32/bin/../lib/gcc/nios2-elf/5.3.0/../../../../../H-x86_64-mingw32/nios2-elf/lib/mno-hw-mul\libc.a(lib_a-fclose.o)
 .data          0x00000000080135d4        0x0 c:/users/hunte/onedrive/desktop/programs/nios2eds/bin/gnu/h-x86_64-mingw32/bin/../lib/gcc/nios2-elf/5.3.0/../../../../../H-x86_64-mingw32/nios2-elf/lib/mno-hw-mul\libc.a(lib_a-fputwc.o)
 .data          0x00000000080135d4        0x0 c:/users/hunte/onedrive/desktop/programs/nios2eds/bin/gnu/h-x86_64-mingw32/bin/../lib/gcc/nios2-elf/5.3.0/../../../../../H-x86_64-mingw32/nios2-elf/lib/mno-hw-mul\libc.a(lib_a-fstatr.o)
 .data          0x00000000080135d4        0x0 c:/users/hunte/onedrive/desktop/programs/nios2eds/bin/gnu/h-x86_64-mingw32/bin/../lib/gcc/nios2-elf/5.3.0/../../../../../H-x86_64-mingw32/nios2-elf/lib/mno-hw-mul\libc.a(lib_a-int_errno.o)
 .data          0x00000000080135d4        0x0 c:/users/hunte/onedrive/desktop/programs/nios2eds/bin/gnu/h-x86_64-mingw32/bin/../lib/gcc/nios2-elf/5.3.0/../../../../../H-x86_64-mingw32/nios2-elf/lib/mno-hw-mul\libc.a(lib_a-isattyr.o)
 .data          0x00000000080135d4        0x0 c:/users/hunte/onedrive/desktop/programs/nios2eds/bin/gnu/h-x86_64-mingw32/bin/../lib/gcc/nios2-elf/5.3.0/../../../../../H-x86_64-mingw32/nios2-elf/lib/mno-hw-mul\libc.a(lib_a-lseekr.o)
 .data          0x00000000080135d4        0x0 c:/users/hunte/onedrive/desktop/programs/nios2eds/bin/gnu/h-x86_64-mingw32/bin/../lib/gcc/nios2-elf/5.3.0/../../../../../H-x86_64-mingw32/nios2-elf/lib/mno-hw-mul\libc.a(lib_a-readr.o)
 .data          0x00000000080135d4        0x0 c:/users/hunte/onedrive/desktop/programs/nios2eds/bin/gnu/h-x86_64-mingw32/bin/../lib/gcc/nios2-elf/5.3.0/../../../../../H-x86_64-mingw32/nios2-elf/lib/mno-hw-mul\libc.a(lib_a-wcrtomb.o)
 .data          0x00000000080135d4        0x0 c:/users/hunte/onedrive/desktop/programs/nios2eds/bin/gnu/h-x86_64-mingw32/bin/../lib/gcc/nios2-elf/5.3.0/../../../../../H-x86_64-mingw32/nios2-elf/lib/mno-hw-mul\libc.a(lib_a-wctomb_r.o)
 .data          0x00000000080135d4        0x0 c:/users/hunte/onedrive/desktop/programs/nios2eds/bin/gnu/h-x86_64-mingw32/bin/../lib/gcc/nios2-elf/5.3.0/mno-hw-mul\libgcc.a(_udivdi3.o)
 .data          0x00000000080135d4        0x0 c:/users/hunte/onedrive/desktop/programs/nios2eds/bin/gnu/h-x86_64-mingw32/bin/../lib/gcc/nios2-elf/5.3.0/mno-hw-mul\libgcc.a(_umoddi3.o)
 .data          0x00000000080135d4        0x0 c:/users/hunte/onedrive/desktop/programs/nios2eds/bin/gnu/h-x86_64-mingw32/bin/../lib/gcc/nios2-elf/5.3.0/mno-hw-mul\libgcc.a(adddf3.o)
 .data          0x00000000080135d4        0x0 c:/users/hunte/onedrive/desktop/programs/nios2eds/bin/gnu/h-x86_64-mingw32/bin/../lib/gcc/nios2-elf/5.3.0/mno-hw-mul\libgcc.a(divdf3.o)
 .data          0x00000000080135d4        0x0 c:/users/hunte/onedrive/desktop/programs/nios2eds/bin/gnu/h-x86_64-mingw32/bin/../lib/gcc/nios2-elf/5.3.0/mno-hw-mul\libgcc.a(eqdf2.o)
 .data          0x00000000080135d4        0x0 c:/users/hunte/onedrive/desktop/programs/nios2eds/bin/gnu/h-x86_64-mingw32/bin/../lib/gcc/nios2-elf/5.3.0/mno-hw-mul\libgcc.a(gedf2.o)
 .data          0x00000000080135d4        0x0 c:/users/hunte/onedrive/desktop/programs/nios2eds/bin/gnu/h-x86_64-mingw32/bin/../lib/gcc/nios2-elf/5.3.0/mno-hw-mul\libgcc.a(ledf2.o)
 .data          0x00000000080135d4        0x0 c:/users/hunte/onedrive/desktop/programs/nios2eds/bin/gnu/h-x86_64-mingw32/bin/../lib/gcc/nios2-elf/5.3.0/mno-hw-mul\libgcc.a(muldf3.o)
 .data          0x00000000080135d4        0x0 c:/users/hunte/onedrive/desktop/programs/nios2eds/bin/gnu/h-x86_64-mingw32/bin/../lib/gcc/nios2-elf/5.3.0/mno-hw-mul\libgcc.a(subdf3.o)
 .data          0x00000000080135d4        0x0 c:/users/hunte/onedrive/desktop/programs/nios2eds/bin/gnu/h-x86_64-mingw32/bin/../lib/gcc/nios2-elf/5.3.0/mno-hw-mul\libgcc.a(fixdfsi.o)
 .data          0x00000000080135d4        0x0 c:/users/hunte/onedrive/desktop/programs/nios2eds/bin/gnu/h-x86_64-mingw32/bin/../lib/gcc/nios2-elf/5.3.0/mno-hw-mul\libgcc.a(floatsidf.o)
 .data          0x00000000080135d4        0x0 c:/users/hunte/onedrive/desktop/programs/nios2eds/bin/gnu/h-x86_64-mingw32/bin/../lib/gcc/nios2-elf/5.3.0/mno-hw-mul\libgcc.a(floatunsidf.o)
 .data          0x00000000080135d4        0x0 c:/users/hunte/onedrive/desktop/programs/nios2eds/bin/gnu/h-x86_64-mingw32/bin/../lib/gcc/nios2-elf/5.3.0/mno-hw-mul\libgcc.a(_clz.o)
 .data          0x00000000080135d4        0x0 c:/users/hunte/onedrive/desktop/programs/nios2eds/bin/gnu/h-x86_64-mingw32/bin/../lib/gcc/nios2-elf/5.3.0/mno-hw-mul\libgcc.a(_clzsi2.o)
 .data          0x00000000080135d4        0x0 ../usb_kb_bsp/\libhal_bsp.a(alt_close.o)
 .data          0x00000000080135d4      0x1a8 ../usb_kb_bsp/\libhal_bsp.a(alt_dev.o)
                0x00000000080135d4                alt_dev_null
                0x00000000080135fc                alt_fd_list
 .data          0x000000000801377c        0x0 ../usb_kb_bsp/\libhal_bsp.a(alt_errno.o)
 .data          0x000000000801377c        0x0 ../usb_kb_bsp/\libhal_bsp.a(alt_fstat.o)
 .data          0x000000000801377c        0x0 ../usb_kb_bsp/\libhal_bsp.a(alt_isatty.o)
 .data          0x000000000801377c        0x0 ../usb_kb_bsp/\libhal_bsp.a(alt_load.o)
 .data          0x000000000801377c        0x0 ../usb_kb_bsp/\libhal_bsp.a(alt_lseek.o)
 .data          0x000000000801377c        0x0 ../usb_kb_bsp/\libhal_bsp.a(alt_main.o)
 .data          0x000000000801377c        0x0 ../usb_kb_bsp/\libhal_bsp.a(alt_malloc_lock.o)
 .data          0x000000000801377c        0x0 ../usb_kb_bsp/\libhal_bsp.a(alt_read.o)
 .data          0x000000000801377c        0x0 ../usb_kb_bsp/\libhal_bsp.a(alt_release_fd.o)
 .data          0x000000000801377c        0x0 ../usb_kb_bsp/\libhal_bsp.a(alt_sbrk.o)
 .data          0x000000000801377c        0x0 ../usb_kb_bsp/\libhal_bsp.a(alt_tick.o)
 .data          0x000000000801377c        0x0 ../usb_kb_bsp/\libhal_bsp.a(alt_usleep.o)
 .data          0x000000000801377c        0x0 ../usb_kb_bsp/\libhal_bsp.a(alt_write.o)
 .data          0x000000000801377c     0x1060 ../usb_kb_bsp/\libhal_bsp.a(alt_sys_init.o)
 .data          0x00000000080147dc        0x0 ../usb_kb_bsp/\libhal_bsp.a(altera_avalon_jtag_uart_fd.o)
 .data          0x00000000080147dc        0x0 ../usb_kb_bsp/\libhal_bsp.a(altera_avalon_jtag_uart_init.o)
 .data          0x00000000080147dc        0x0 ../usb_kb_bsp/\libhal_bsp.a(altera_avalon_jtag_uart_ioctl.o)
 .data          0x00000000080147dc        0x0 ../usb_kb_bsp/\libhal_bsp.a(altera_avalon_jtag_uart_read.o)
 .data          0x00000000080147dc        0x0 ../usb_kb_bsp/\libhal_bsp.a(altera_avalon_jtag_uart_write.o)
 .data          0x00000000080147dc        0x0 ../usb_kb_bsp/\libhal_bsp.a(altera_avalon_spi.o)
 .data          0x00000000080147dc        0x0 ../usb_kb_bsp/\libhal_bsp.a(altera_avalon_timer_sc.o)
 .data          0x00000000080147dc        0x0 ../usb_kb_bsp/\libhal_bsp.a(alt_alarm_start.o)
 .data          0x00000000080147dc        0x0 ../usb_kb_bsp/\libhal_bsp.a(alt_busy_sleep.o)
 .data          0x00000000080147dc        0x0 ../usb_kb_bsp/\libhal_bsp.a(alt_dcache_flush_all.o)
 .data          0x00000000080147dc        0x0 ../usb_kb_bsp/\libhal_bsp.a(alt_dev_llist_insert.o)
 .data          0x00000000080147dc        0x0 ../usb_kb_bsp/\libhal_bsp.a(alt_do_ctors.o)
 .data          0x00000000080147dc        0x0 ../usb_kb_bsp/\libhal_bsp.a(alt_do_dtors.o)
 .data          0x00000000080147dc        0x0 ../usb_kb_bsp/\libhal_bsp.a(alt_icache_flush_all.o)
 .data          0x00000000080147dc        0x0 ../usb_kb_bsp/\libhal_bsp.a(alt_iic.o)
 .data          0x00000000080147dc        0x0 ../usb_kb_bsp/\libhal_bsp.a(alt_iic_isr_register.o)
 .data          0x00000000080147dc        0x0 ../usb_kb_bsp/\libhal_bsp.a(alt_io_redirect.o)
 .data          0x00000000080147dc        0x0 ../usb_kb_bsp/\libhal_bsp.a(alt_irq_entry.o)
 .data          0x00000000080147dc        0x0 ../usb_kb_bsp/\libhal_bsp.a(alt_irq_handler.o)
 .data          0x00000000080147dc        0x0 ../usb_kb_bsp/\libhal_bsp.a(alt_irq_vars.o)
 .data          0x00000000080147dc        0x0 ../usb_kb_bsp/\libhal_bsp.a(alt_open.o)
 .data          0x00000000080147dc        0x0 ../usb_kb_bsp/\libhal_bsp.a(altera_nios2_gen2_irq.o)
 .data          0x00000000080147dc        0x0 ../usb_kb_bsp/\libhal_bsp.a(alt_exception_entry.o)
 .data          0x00000000080147dc        0x0 ../usb_kb_bsp/\libhal_bsp.a(alt_find_dev.o)
 .data          0x00000000080147dc        0x0 ../usb_kb_bsp/\libhal_bsp.a(alt_find_file.o)
 .data          0x00000000080147dc        0x0 ../usb_kb_bsp/\libhal_bsp.a(alt_get_fd.o)
 .data          0x00000000080147dc        0x0 ../usb_kb_bsp/\libhal_bsp.a(alt_instruction_exception_entry.o)
 .data          0x00000000080147dc        0x0 c:/users/hunte/onedrive/desktop/programs/nios2eds/bin/gnu/h-x86_64-mingw32/bin/../lib/gcc/nios2-elf/5.3.0/../../../../../H-x86_64-mingw32/nios2-elf/lib/mno-hw-mul\libc.a(lib_a-atexit.o)
 .data          0x00000000080147dc        0x0 c:/users/hunte/onedrive/desktop/programs/nios2eds/bin/gnu/h-x86_64-mingw32/bin/../lib/gcc/nios2-elf/5.3.0/../../../../../H-x86_64-mingw32/nios2-elf/lib/mno-hw-mul\libc.a(lib_a-exit.o)
 .data          0x00000000080147dc        0x0 c:/users/hunte/onedrive/desktop/programs/nios2eds/bin/gnu/h-x86_64-mingw32/bin/../lib/gcc/nios2-elf/5.3.0/../../../../../H-x86_64-mingw32/nios2-elf/lib/mno-hw-mul\libc.a(lib_a-memcmp.o)
 .data          0x00000000080147dc        0x0 c:/users/hunte/onedrive/desktop/programs/nios2eds/bin/gnu/h-x86_64-mingw32/bin/../lib/gcc/nios2-elf/5.3.0/../../../../../H-x86_64-mingw32/nios2-elf/lib/mno-hw-mul\libc.a(lib_a-__atexit.o)
 .data          0x00000000080147dc        0x0 c:/users/hunte/onedrive/desktop/programs/nios2eds/bin/gnu/h-x86_64-mingw32/bin/../lib/gcc/nios2-elf/5.3.0/../../../../../H-x86_64-mingw32/nios2-elf/lib/mno-hw-mul\libc.a(lib_a-__call_atexit.o)
 .data          0x00000000080147dc        0x0 ../usb_kb_bsp/\libhal_bsp.a(alt_exit.o)
                0x000000000801c7dc                _gp = ABSOLUTE ((. + 0x8000))
                [!provide]                        PROVIDE (gp, _gp)
 *(.rwdata .rwdata.*)
 *(.sdata .sdata.* .gnu.linkonce.s.*)
 .sdata         0x00000000080147dc        0x1 obj/default/main.o
 *fill*         0x00000000080147dd        0x3 
 .sdata         0x00000000080147e0        0x9 obj/default/usb_kb/transfer.o
                0x00000000080147e0                ctrl_xfers
                0x00000000080147e8                usb_task_state
 *fill*         0x00000000080147e9        0x3 
 .sdata._global_impure_ptr
                0x00000000080147ec        0x4 c:/users/hunte/onedrive/desktop/programs/nios2eds/bin/gnu/h-x86_64-mingw32/bin/../lib/gcc/nios2-elf/5.3.0/../../../../../H-x86_64-mingw32/nios2-elf/lib/mno-hw-mul\libc.a(lib_a-impure.o)
                0x00000000080147ec                _global_impure_ptr
 .sdata._impure_ptr
                0x00000000080147f0        0x4 c:/users/hunte/onedrive/desktop/programs/nios2eds/bin/gnu/h-x86_64-mingw32/bin/../lib/gcc/nios2-elf/5.3.0/../../../../../H-x86_64-mingw32/nios2-elf/lib/mno-hw-mul\libc.a(lib_a-impure.o)
                0x00000000080147f0                _impure_ptr
 .sdata.__mb_cur_max
                0x00000000080147f4        0x4 c:/users/hunte/onedrive/desktop/programs/nios2eds/bin/gnu/h-x86_64-mingw32/bin/../lib/gcc/nios2-elf/5.3.0/../../../../../H-x86_64-mingw32/nios2-elf/lib/mno-hw-mul\libc.a(lib_a-locale.o)
                0x00000000080147f4                __mb_cur_max
 .sdata.__malloc_sbrk_base
                0x00000000080147f8        0x4 c:/users/hunte/onedrive/desktop/programs/nios2eds/bin/gnu/h-x86_64-mingw32/bin/../lib/gcc/nios2-elf/5.3.0/../../../../../H-x86_64-mingw32/nios2-elf/lib/mno-hw-mul\libc.a(lib_a-mallocr.o)
                0x00000000080147f8                __malloc_sbrk_base
 .sdata.__malloc_trim_threshold
                0x00000000080147fc        0x4 c:/users/hunte/onedrive/desktop/programs/nios2eds/bin/gnu/h-x86_64-mingw32/bin/../lib/gcc/nios2-elf/5.3.0/../../../../../H-x86_64-mingw32/nios2-elf/lib/mno-hw-mul\libc.a(lib_a-mallocr.o)
                0x00000000080147fc                __malloc_trim_threshold
 .sdata.__wctomb
                0x0000000008014800        0x4 c:/users/hunte/onedrive/desktop/programs/nios2eds/bin/gnu/h-x86_64-mingw32/bin/../lib/gcc/nios2-elf/5.3.0/../../../../../H-x86_64-mingw32/nios2-elf/lib/mno-hw-mul\libc.a(lib_a-wctomb_r.o)
                0x0000000008014800                __wctomb
 .sdata         0x0000000008014804       0x14 ../usb_kb_bsp/\libhal_bsp.a(alt_dev.o)
                0x0000000008014804                alt_fs_list
                0x000000000801480c                alt_dev_list
                0x0000000008014814                alt_max_fd
 .sdata         0x0000000008014818        0x4 ../usb_kb_bsp/\libhal_bsp.a(alt_errno.o)
                0x0000000008014818                alt_errno
 .sdata         0x000000000801481c        0x4 ../usb_kb_bsp/\libhal_bsp.a(alt_sbrk.o)
 .sdata         0x0000000008014820        0x8 ../usb_kb_bsp/\libhal_bsp.a(alt_tick.o)
                0x0000000008014820                alt_alarm_list
 .sdata         0x0000000008014828        0x4 ../usb_kb_bsp/\libhal_bsp.a(alt_irq_vars.o)
                0x0000000008014828                alt_priority_mask
 *(.sdata2 .sdata2.* .gnu.linkonce.s2.*)
                0x000000000801482c                . = ALIGN (0x4)
                0x000000000801482c                _edata = ABSOLUTE (.)
                [!provide]                        PROVIDE (edata, ABSOLUTE (.))
                0x000000000801482c                PROVIDE (__ram_rwdata_end, ABSOLUTE (.))
                0x000000000801482c                PROVIDE (__flash_rwdata_start, LOADADDR (.rwdata))

.bss            0x0000000008016358      0x2e8
                0x0000000008016358                __bss_start = ABSOLUTE (.)